        Generalplus 6502 Assembler - Version 1.7.1.0  
              Listing File Has Been Relocated

     1                              				.SYNTAX 6502
     2                                              .LINKLIST
     3                                              .SYMBOLS
     4                                              
     5                              ;==================================================================================
     6                              ; The information contained herein is the exclusive property of
     7                              ; Generalplus Technology Co. And shall !be distributed, reproduced,
     8                              ; or disclosed in whole in part without prior written permission.
     9                              ;       (C) COPYRIGHT 2010   Generalplus TECHNOLOGY CO.                            
    10                              ;                   ALL RIGHTS RESERVED
    11                              ; The entire notice above must be reproduced on all authorized copies.
    12                              ;==================================================================================
    13                              ;==========================================================================
    14                              ; Program Name: LCM_Driver.asm
    15                              ; Applied body: GPL812P01B
    16                              ; Programmer  : Neo
    17                              ; Description : LCM Driver Code for GPL812V00A (Tx data to GPL812P01B)
    18                              ; History version
    19                              ; Rev #     Date       Who      Comments
    20                              ; -----  -----------  ------    --------------------------------------------
    21                              ; 1.0     2018/01/26  NeoChuang    Oringinal Version
    22                              ;==========================================================================
    23                              
    24                              ;==================================================================================
    25                              ; Include file area
    26                              ;==================================================================================
    27                              .INCLUDE 	GPL812P01B.inc
    28                      <       	.IFDEF		GPL812_SERIES
    29                      <       
    30                      <       ;---------------------------------
    31                      <       GPL812P01Bx		.EQU		1
    32                      <       ;---------------------------------
    33                      <       
    34                      <       .IFNDEF GPL812PX_Body_inc
    35                      <       GPL812PX_Body_inc:   .EQU    1
    36                      <       ;==================================================================================
    37                      <       ; The information contained herein is the exclusive property of
    38                      <       ; Generalplus Technology Co. And shall not be distributed, reproduced,
    39                      <       ; or disclosed in whole in part without prior written permission.
    40                      <       ;       (C) COPYRIGHT 2012   Generalplus TECHNOLOGY CO.                            
    41                      <       ;                   ALL RIGHTS RESERVED
    42                      <       ; The entire notice above must be reproduced on all authorized copies.
    43                      <       ;==================================================================================
    44                      <       ;==================================================================================
    45                      <       ; Program Name: GPL812PX series register declare
    46                      <       ; Applied body: GPL812PX series
    47                      <       ; Programmer  : 
    48                      <       ; Description : 
    49                      <       ;             : 
    50                      <       ; History version
    51                      <       ; Rev #       Date          Who            Comments
    52                      <       ; -------  -----------    --------         ----------------------------------------
    53                      <       ; 1.0       2012-05-07     CharissaHsu	Oringinal Version
    54                      <       ; 1.1		2012/06/25     CharissaHsu	Add User Rom Checksum Macro
    55                      <       ; 1.2       2014/08/20     Ken Liu		Add Body:GPL81202A,GPL81201A
    56                      <       ; 1.3       2018/01/19     Neo Chuang   Add Body:GPL812P01A
    57                      <       ; 1.4       2018/08/07     Neo Chuang   Add Body:GPL812P01B
    58                      <       ;==================================================================================
    59                      <       ;==================================================================================
    60                      <       
    61                      <       
    62                      <       		.IFNDEF	GPL812P01Bx
    63                      <       			GPL812P01Bx: 	.EQU		0
    64                      <       		.ENDIF
    65                      <       
    66                      <        	 
    67                      <       .IF (GPL812P01Bx)
    68                      <       GPL812PX		.EQU		1
    69                      <       .ENDIF
    70                      <       	.IFDEF	GPL812PX
    71 00000083             <       		.PAGE0
    72                      <         
    73                      <       ;=================  INT/NMI Register  ================
    74                      <       P_SRAM_Ctrl:							.EQU    $3F    
    75                      <             
    76                      <       ;===================  IO Register  ===================
    77                      <       P_IO_Green_Ctrl:						.EQU    $11			; IO Green mode selection register
    78                      <       	D_IO_GreenEn:								.EQU	   00100000B	
    79                      <       	D_IO_GreenDis:							.EQU	   00000000B
    80                      <       	
    81                      <       P_IO_PortA_Dir							.EQU    $0B
    82                      <       P_IO_PortA_Attrib:						.EQU    $03
    83                      <       P_IO_PortA_Data:						.EQU    $07
    84                      <       P_IO_PortA_Buffer:						.EQU    $0C
    85                      <       P_IOA_LCDPORT_Ctrl:						.EQU    $4A			;PA[7:0]=SEG13:6
    86                      <       P_IOA_SEGCOM_Ctrl:						.EQU    $48
    87                      <       	D_PortA6_COM6:						.EQU    01000000B
    88                      <       	D_PortA7_COM7:						.EQU    10000000B
    89                      <       
    90                      <       P_IO_PortB_Dir:							.EQU    $00
    91                      <       P_IO_PortB_Attrib:						.EQU    $04
    92                      <       P_IO_PortB_Data:						.EQU    $08
    93                      <       P_IO_PortB_Buffer:						.EQU    $0D
    94                      <       P_IO_PortB_Strobe_En:				 	.EQU    $2D
    95                      <       
    96                      <       P_IOB_LCDPORT_Ctrl:						.EQU    $4B			;PB[3:0]SEG5:2
    97                      <       P_IOB_SEGCOM_Ctrl:						.EQU    $49
    98                      <       	D_PortB0_COM0:						.EQU    00000001B
    99                      <       	D_PortB1_COM1:						.EQU    00000010B
   100                      <       	D_PortB2_COM2:						.EQU    00000100B
   101                      <       	D_PortB3_COM3:						.EQU    00001000B	
   102                      <       
   103                      <       P_IO_PortC_Dir:							.EQU    $01
   104                      <       P_IO_PortC_Attrib:						.EQU    $05
   105                      <       P_IO_PortC_Data:						.EQU    $09
   106                      <       P_IO_PortC_Buffer:						.EQU    $0E
   107                      <       P_IO_PortC_Strobe_En:					.EQU    $2E
   108                      <       P_IOC_LCDPORT_Ctrl:						.EQU    $4C		;PC[7:0]=SEG[5:2] ,PC[1:0]=SEG[15:14]
   109                      <       P_IOC_SEGCOM_Ctrl						.EQU    $34
   110                      <       	D_PortC0_COM5:						.EQU    00000001B
   111                      <       	D_PortC1_COM4:						.EQU    00000010B
   112                      <       	D_PortC4_COM3:						.EQU    00010000B
   113                      <       	D_PortC5_COM2:						.EQU    00100000B
   114                      <       	D_PortC6_COM1:						.EQU    01000000B
   115                      <       	D_PortC7_COM0:						.EQU    10000000B
   116                      <       
   117                      <       P_IO_PortD_Dir:							.EQU    $02
   118                      <       P_IO_PortD_Attrib:						.EQU    $06
   119                      <       P_IO_PortD_Data:						.EQU    $0A
   120                      <       P_IO_PortD_Buffer:						.EQU    $0F
   121                      <       P_IO_PortD_Strobe_En:					.EQU    $2F
   122                      <       P_IOD_LCDPORT_Ctrl:						.EQU    $35
   123                      <       	D_PortD2_SEG1:						.EQU    00000100B
   124                      <       	D_PortD3_SEG0:						.EQU    00001000B
   125                      <       ;===================  System Register  ===================
   126                      <       P_SYSTEM_Ctrl:							.EQU    $12						; System sleep source.
   127                      <       	D_SYS_Sleep:						.EQU	10101010B				; System goes to sleep bit.
   128                      <       P_SYSTEM_Green_Ctrl:         			.EQU    $17                     ; System Green mode selection register.
   129                      <       	D_GreenDis:							.EQU	00000000B
   130                      <       	D_GreenEn:							.EQU	01000000B
   131                      <       ;===============   Watch Dog Register  ===============
   132                      <       P_WDT_Flag_Clear:						.EQU	$20
   133                      <       	D_WDT_Clear:						.EQU	10101010B
   134                      <       
   135                      <       ;=================  INT/NMI Register  ================
   136                      <       P_INT_Ctrl0:							.EQU    $13							; Interrupt control.
   137                      <       	D_INT_Ctrl0_Dis:						.EQU	  00000000B				; bit[7,5] must be fill '0'
   138                      <       	D_CPUDiv2MHz_INT_En:          			.EQU	  00000001B				; Fosc divided 2097152 interrupt enabled bit.
   139                      <       	D_CPUDiv32KHz_INT_En:           		.EQU	  00000010B				; Fosc divided 32768 interrupt enabled bit.
   140                      <       	D_CPUDiv4KHz_INT_En:					.EQU	  00000100B				; Fosc divided 4096 interrupt enabled bit.
   141                      <       	D_CPUDiv1KHz_INT_En:					.EQU	  00001000B				; Fosc divided 1024 interrupt enabled bit.
   142                      <       	D_TM1O_INT_En:          				.EQU	  00010000B				; Timer1 overflow interrupt enabled bit.
   143                      <       	D_TM0O_INT_En:          				.EQU	  01000000B				; Timer0 overflow interrupt enabled bit.
   144                      <       	
   145                      <       P_INT_Clear0:							.EQU    $14							; Interrupt Flag. Write 1 to clear interrupt flag.
   146                      <       	D_2MHz_Clr:								.EQU	  00000001B				; Fosc divided 2M interrupt flag bit.
   147                      <       	D_32KHz_Clr:							.EQU	  00000010B				; Fosc divided 32K interrupt flag bit.
   148                      <       	D_4KHz_Clr:          			 	 	.EQU	  00000100B				; Fosc divided 4K interrupt flag bit.
   149                      <       	D_1KHz_Clr:          			 	 	.EQU	  00001000B				; Fosc divided 1K interrupt flag bit.
   150                      <       	D_TM1O_Clr:          			 	 	.EQU	  00010000B				; Timer1 overflow interrupt flag bit.
   151                      <       	D_TM0O_Clr:          			 	 	.EQU	  01000000B				; Timer0 overflow interrupt flag bit.
   152                      <       
   153                      <       P_INT_Ctrl1:         				    .EQU    $15							; Interrupt control.
   154                      <       	D_INT_Ctrl1_Dis:					  	.EQU	  00000000B	
   155                      <       	D_TBL_INT_En:          		  			.EQU	  00010000B				; 32K Time Base low frequency interrupt	enable bit.
   156                      <       	D_TBH_INT_En:          		  			.EQU	  00100000B				; 32K Time Base high frequency interrupt enable bit.
   157                      <       	
   158                      <       P_INT_Clear1:         				    .EQU    $16							; Interrupt Flag. Write 1 to clear interrupt flag.								
   159                      <       	D_TBL_Clr:								.EQU	  00010000B				; 32K Time Base high frequency interrupt flag bit.
   160                      <       	D_TBH_Clr:								.EQU	  00100000B				; 32K Time Base high frequency interrupt flag bit.	
   161                      <       
   162                      <       
   163                      <       P_INT_Ctrl2:         				    .EQU    $18							; Interrupt control.
   164                      <       	D_INT_Ctrl2_Dis:					  	.EQU	  00000000B				; bit[7,5] must be fill '0'
   165                      <       	D_EXT_INT0:								.EQU	  00000001B				; External interrupt 1 enabled bit.
   166                      <       	D_EXT_INT1:								.EQU	  00000010B				; External interrupt 0 enabled bit.
   167                      <       	
   168                      <       P_INT_Clear2:         				    .EQU    $19							; Interrupt flag.
   169                      <       	D_PB0_Clr:								.EQU		00000001B			; External interrupt 0 flag bit.
   170                      <       	D_PB1_Clr:								.EQU		00000010B			; External interrupt 1 flag bit.
   171                      <       
   172                      <       
   173                      <       P_RFC_Ctrl:         				   	.EQU    $1E							; RFC function control
   174                      <       	D_RFC0_PC4:								.EQU		00000001B			; RFC selecttion bit 0
   175                      <       	D_RFC1_PC5:								.EQU		00000010B			; RFC selecttion bit 1
   176                      <       	D_RFC2_PC6:								.EQU		00000100B			; RFC selecttion bit 2
   177                      <       	D_RFCEN:								.EQU		00001000B			; RFC function enable bit
   178                      <       	D_RFCDis:								.EQU		00000000B
   179                      <       	
   180                      <       
   181                      <       ;=================  Timer Register  ==================
   182                      <       P_TIMER_Timer0_Ctrl:					 .EQU   $21								; Timer0 control.
   183                      <       	D_TM0Fosc:								.EQU		00000000B				; Fosc/1 as Timer0 clock.
   184                      <       	D_TM0FoscDiv2:							.EQU		00010000B				; Fosc/2 as Timer0 clock.
   185                      <       	D_TM0FoscDiv4:							.EQU		00100000B				; Fosc/4 as Timer0 clock.
   186                      <       	D_TM0FoscDiv16:							.EQU		00110000B				; Fosc/16 as Timer0 clock.
   187                      <       	D_TM0En:								.EQU		10000000B				; Timer0 Enable Selected function is Enabled.
   188                      <       	D_TM0Dis:								.EQU		00000000B				; Timer0 Enable Selected function is Disabled.
   189                      <       
   190                      <       P_TIMER_Timer1_Ctrl:         			 .EQU   $22								; Timer1 control. bit0 must be fill '0'
   191                      <       	D_TM1Fosc:								.EQU		00000000B				; Fosc/1 as Timer1 clock.
   192                      <       	D_TM1FoscDiv4:							.EQU		00010000B				; Fosc/4 as Timer1 clock.
   193                      <       	D_TM1FoscDiv64:							.EQU		00100000B				; Fosc/64 as Timer1 clock.
   194                      <       	C_TM1CLK_TM0OF:							.EQU		00110000B				; clock source use Timer0 clock over flow.
   195                      <       	D_TM1PortC7TM1Clk:						.EQU		01000000B				; Timer1 clock source from IO selection. (RFC using)
   196                      <       	D_TM1En:								.EQU		10000000B				; Timer1 Enable Selected function is Enabled.
   197                      <       	D_TM1Dis:								.EQU		00000000B				; Timer1 Enable Selected function is Disabled.	
   198                      <       
   199                      <       P_TIMER_TM0Data_LB:         			 .EQU   $23								; Write 8-bit	counter rgister in 8-bit Timer0. 
   200                      <       																				
   201                      <       P_TIMER_TM1Data_LB:         			 .EQU   $25								; Write low 8-bit counter register in 12-bit Timer1.(W)
   202                      <       P_TIMER_TM1Data_HB:         			 .EQU   $26								; Write high 4-bit counter register in 12-bit Timer1.(W)
   203                      <       
   204                      <       P_CLK_32768_En:         				 .EQU   $2A
   205                      <       	D_32768En:								.EQU		10000000B
   206                      <       	D_32768Dis:								.EQU		00000000B	;bit[5,2:0] msut be fill '0'
   207                      <       P_TIMER_TimeBase_Sel:					.EQU   $2B
   208                      <       	D_32kStr_T2sec:							.EQU		00000000B	
   209                      <       	D_32kStr_T4sec:							.EQU		00010000B
   210                      <       	D_TBL2Hz:								.EQU		00000000B	
   211                      <       	D_TBL4Hz:								.EQU		00001000B
   212                      <       	D_TBL8Hz:								.EQU		00000100B
   213                      <       	D_TBL16Hz:								.EQU		00001100B
   214                      <       	D_TBH128Hz:								.EQU		00000000B
   215                      <       	D_TBH256Hz:								.EQU		00000010B
   216                      <       	D_TBH512Hz:								.EQU		00000001B
   217                      <       	D_TBH1KHz:								.EQU		00000011B
   218                      <       P_IO_Strobe_En:							.EQU   $2C                        
   219                      <        	D_StrobeDis:							.EQU		00000000B              
   220                      <         	D_StrobeEn:								.EQU		00000001B               
   221                      <                       
   222                      <       
   223                      <       ;==============  Sleep/Wakeup Register  ==============
   224                      <       P_WAKEUP_Ctrl:         		 			.EQU   $30   
   225                      <       	D_KeyDis:								.EQU		00000000B
   226                      <       	D_KeyEn:								.EQU		00000001B
   227                      <       	D_TBLEn:								.EQU		00000010B
   228                      <       	D_TBLDis:								.EQU		00000000B
   229                      <       	D_TBHEn:								.EQU		00001000B
   230                      <       	D_TBHDis:								.EQU		00000000B
   231                      <       
   232                      <       P_WAKEUP_Flag:         		 			.EQU   $31   
   233                      <       	D_KEYWFC_En:							.EQU		00000001B
   234                      <       	D_KEYWFC_Dis:							.EQU		00000000B
   235                      <       	D_TBLWFC_En:							.EQU		00000010B
   236                      <       	D_TBLWFC_Dis:							.EQU		00000000B
   237                      <       	D_TBHWFC_En:							.EQU		00001000B
   238                      <       	D_TBHWFC_Dis:							.EQU		00000000B
   239                      <       		
   240                      <       P_IO_PortB_WakeUpEN:						.EQU   $37 	
   241                      <       P_IO_PortC_WakeUpEN:						.EQU   $38   
   242                      <       P_IO_PortD_WakeUpEN:						.EQU   $39   
   243                      <       
   244                      <       ;==============  LCD Register  ==============
   245                      <       P_LCD_Ctrl:					       		.EQU   $32	
   246                      <       
   247                      <       	D_LCDGreenMode_Dis:						.EQU		10010000B
   248                      <       	D_LCDGreenMode_En:						.EQU		10000000B
   249                      <       
   250                      <       	D_LCDMode_Normal:						.EQU		00000000B
   251                      <       	D_LCDMode_AllOn:						.EQU		00000001B
   252                      <       	D_LCDMode_AllOff:						.EQU		00000010B
   253                      <       	D_LCDMode_DisplayOff:					.EQU		00000011B
   254                      <       	
   255                      <       	D_LCDSetting_3Bias_4Duty:				.EQU		00000000B
   256                      <       	D_LCDSetting_3Bias_5Duty:				.EQU		00000100B
   257                      <       	D_LCDSetting_3Bias_6Duty:				.EQU		00001000B
   258                      <       	D_LCDSetting_4Bias_8Duty:				.EQU		00001100B	
   259                      <       	
   260                      <       	D_LCD_VLCD2_5V:							.EQU		00000000B
   261                      <       	D_LCD_VLCD2_4V:							.EQU		00100000B	
   262                      <       	D_LCD_VLCD2_8V:							.EQU		01000000B	
   263                      <       	D_LCD_VLCDVDD:							.EQU		01100000B	
   264                      <       	
   265                      <       ;==============  LVD function Register  ==============   
   266                      <       P_LVD_Ctrl:					         	.EQU   $33  
   267                      <       
   268                      <       	D_LVDS_2_7V:							.EQU		01000000B
   269                      <       	D_LVDS_2_1V:							.EQU		00000000B
   270                      <       	D_LVDS_2_4V:							.EQU		00100000B
   271                      <       	D_LVD_En:								.EQU		10000000B
   272                      <       	D_LVD_Dis:								.EQU		00000000B
   273                      <       ;==============  PWM function Register  ==============	
   274                      <       P_PWM_IO_Ctrl:				.EQU    $11				
   275                      <       	D_TX_En:								.EQU		00000000B
   276                      <       	D_IO_En:									.EQU		00100000B
   277                      <       	D_Driving_50mA:						.EQU		00000000B
   278                      <       	D_Driving_100mA:					.EQU		00001000B
   279                      <       	D_Driving_200mA:					.EQU		00010000B
   280                      <       	D_Driving_400mA:					.EQU		00011000B
   281                      <       P_PWM_EN:         				.EQU    $17
   282                      <       	D_PWMEn:								.EQU		00000000B
   283                      <       	D_PWMDis:								.EQU		01000000B	
   284                      <       ;**********************************************************************
   285                      <       ;ROM Checksum
   286                      <       ;**********************************************************************
   287                      <       
   288                      <       D_Bank0UserRomStartAddr:		.EQU	0xE000		;0xE000 ~ 0xFFFF: User ROM Code
   289                      <       
   290                      <       D_Bank0UserRomEndAddr:			.EQU	0xFFF6		;0xFFF7 ~ 0xFFF9 are reserved for Generalplus used
   291                      <       D_NMIandResetVectorStartAddr:	.EQU	0xFFFA		
   292                      <       D_NMIandResetVectorEndAddr:		.EQU	0xFFFF
   293                      <       
   294                      <       
   295                      <       ; ========================================================================================
   296                      <       ; Macro Name	: M_UserRomChecksum
   297                      <       ; Parameters	: None
   298                      <       ; Return Value	: R_ChecksumResult: bit[7:0]
   299                      <       ;				: R_ChecksumResult + 1: bit[15:8]
   300                      <       ;				: R_ChecksumResult + 2: bit[23:16]
   301                      <       ;				: R_ChecksumResult + 3: bit[31:24]
   302                      <       ; Description	: Calculate user ROM area code checksum
   303                      <       ; Destroy		: A, Y
   304                      <       ; Example		: %M_UserRomChecksum	R_ChecksumAddrPtr, R_ChecksumResult
   305                      <       ; ========================================================================================	
   306                      <       %M_UserRomChecksum:	.MACRO	R_ChecksumAddrPtr, R_ChecksumResult
   307                      <       	LDA		#0
   308                      <       	STA		R_ChecksumResult					;Result Byte0
   309                      <       	STA		R_ChecksumResult + 1				;Result Byte1
   310                      <       	STA		R_ChecksumResult + 2				;Result Byte2
   311                      <       	STA		R_ChecksumResult + 3				;Result Byte3
   312                      <       ;=================== Bank 0 ==================================================	
   313                      <       	LDA		#.HIGH.D_Bank0UserRomStartAddr
   314                      <       	STA		R_ChecksumAddrPtr + 1				; Start High Byte
   315                      <       	LDA		#.LOW.D_Bank0UserRomStartAddr
   316                      <       	STA		R_ChecksumAddrPtr					;Start Low Byte
   317                      <       	LDY		#0
   318                      <       L_ChecksumLoop1?
   319                      <       	LDA		#D_WDT_Clear
   320                      <       	STA		P_WDT_Flag_Clear	
   321                      <       	CLC
   322                      <       	LDA		(R_ChecksumAddrPtr),Y
   323                      <       	ADC		R_ChecksumResult					;Result Low Byte
   324                      <       	STA		R_ChecksumResult					;Result Low Byte
   325                      <       	BCC		L_CheckAddress1?
   326                      <       	INC		R_ChecksumResult + 1				;Result Byte1
   327                      <       	BNE		L_CheckAddress1?
   328                      <       	INC		R_ChecksumResult + 2				;Result Byte3
   329                      <       	BNE		L_CheckAddress1?
   330                      <       	INC		R_ChecksumResult + 3				;Result Byte4
   331                      <       		
   332                      <       L_CheckAddress1?:
   333                      <       	LDA		R_ChecksumAddrPtr + 1				;Address Pointer HB
   334                      <       	CMP		#.HIGH.D_Bank0UserRomEndAddr		;End High Byte
   335                      <       	BNE		L_IncreaseAdd1?
   336                      <       	
   337                      <       	LDA		R_ChecksumAddrPtr					;Address Pointer LB
   338                      <       	CMP		#.LOW.D_Bank0UserRomEndAddr			;End Low Byte
   339                      <       	BEQ		L_ExitRomSum1?
   340                      <       	
   341                      <       L_IncreaseAdd1?:
   342                      <       	INC		R_ChecksumAddrPtr					;Address Pointer LB
   343                      <       	BNE		L_ChecksumLoop1?
   344                      <       	INC		R_ChecksumAddrPtr + 1				;Address Pointer HB
   345                      <       	JMP		L_ChecksumLoop1?	
   346                      <       		
   347                      <       L_ExitRomSum1?:	
   348                      <       ;===================NMI & Reset Vector==================================================		
   349                      <       	LDA		#.HIGH.D_NMIandResetVectorStartAddr
   350                      <       	STA		R_ChecksumAddrPtr + 1				; Start High Byte
   351                      <       	LDA		#.LOW.D_NMIandResetVectorStartAddr
   352                      <       	STA		R_ChecksumAddrPtr				;Start Low Byte
   353                      <       		
   354                      <       L_ChecksumLoop2?
   355                      <       	LDA		#D_WDT_Clear
   356                      <       	STA		P_WDT_Flag_Clear
   357                      <       	CLC
   358                      <       	LDA		(R_ChecksumAddrPtr),Y
   359                      <       	ADC		R_ChecksumResult					;Result Low Byte
   360                      <       	STA		R_ChecksumResult					;Result Low Byte
   361                      <       	BCC		L_CheckAddress2?
   362                      <       	INC		R_ChecksumResult + 1				;Result Byte2
   363                      <       	BNE		L_CheckAddress2?
   364                      <       	INC		R_ChecksumResult + 2				;Result Byte3
   365                      <       	BNE		L_CheckAddress2?
   366                      <       	INC		R_ChecksumResult + 3				;Result Byte4
   367                      <       		
   368                      <       L_CheckAddress2?:
   369                      <       	LDA		R_ChecksumAddrPtr + 1				;Address Pointer HB
   370                      <       	CMP		#.HIGH.D_NMIandResetVectorEndAddr	;End High Byte
   371                      <       	BNE		L_IncreaseAdd2?
   372                      <       	
   373                      <       	LDA		R_ChecksumAddrPtr					;Address Pointer LB
   374                      <       	CMP		#.LOW.D_NMIandResetVectorEndAddr	;End Low Byte
   375                      <       	BEQ		L_EndChecksum?
   376                      <       	
   377                      <       L_IncreaseAdd2?:
   378                      <       	INC		R_ChecksumAddrPtr					;Address Pointer LB
   379                      <       	BNE		L_ChecksumLoop2?
   380                      <       	INC		R_ChecksumAddrPtr + 1				;Address Pointer HB
   381                      <       	JMP		L_ChecksumLoop2?	
   382                      <       	
   383                      <       L_EndChecksum?:
   384                      <       
   385                      <       	.ENDM
   386                      <       
   387                      <       EV_Simualtion		.EQU	0
   388                      <       OTP_BurnIn			.EQU	1
   389                      <       GPL812P01Bx_Mode	.EQU	OTP_BurnIn
   390                      <       
   391                      <       	
   392                      <       			.ENDIF
   393                      <       			.ENDIF
   394                      <       	.ENDIF
   395                              .INCLUDE	"LCD\LCD_Define.inc"
   396                      <       .IFNDEF _LCD_Define_inc_
   397                      <       _LCD_Define_inc_:    .EQU    1
   398                      <       
   399                      <       ;==================================================================================
   400                      <       ; The information contained herein is the exclusive property of
   401                      <       ; Generalplus Technology Co. And shall not be distributed, reproduced,
   402                      <       ; or disclosed in whole in part without prior written permission.
   403                      <       ;       (C) COPYRIGHT 2009   Generalplus TECHNOLOGY CO.                            
   404                      <       ;                   ALL RIGHTS RESERVED
   405                      <       ; The entire notice above must be reproduced on all authorized copies.
   406                      <       ;==================================================================================
   407                      <       ;==================================================================================
   408                      <       ; Name                  : LCD_Define.inc
   409                      <       ; Applied Body          : 
   410                      <       ; Programmer            : 
   411                      <       ; Description           : 
   412                      <       ; History version       : v1.0.0
   413                      <       ; 1.0.0     2017/01/08  Neo    first issue
   414                      <       ;==================================================================================
   415                      <       D_LCD_Address			.EQU	0x0050
   416                      <       D_SegNum				.EQU	16				;Max value = 16		,4x16,6x14,8x12
   417                      <       D_ComNum				.EQU	5				;Max value = 8
   418                      <       D_LCDDataSize			.EQU	D_ComNum*2		;LCD RAM Buffer Size
   419                      <       ;---------------------------------------------------------------------------------------------
   420                      <       D_LCD_VLCD					.EQU	D_LCD_VLCDVDD
   421                      <       									;D_LCD_VLCDVDD	
   422                      <       									;D_LCD_VLCD2_5V
   423                      <       									;D_LCD_VLCD2_4V
   424                      <       									;D_LCD_VLCD2_8V
   425                      <       D_LCD_BiasDuty				.EQU	D_LCDSetting_3Bias_5Duty
   426                      <       									;D_LCDSetting_3Bias_5Duty
   427                      <       									;D_LCDSetting_3Bias_6Duty
   428                      <       									;D_LCDSetting_4Bias_8Duty
   429                      <       D_LCD_GreenMode				.EQU	D_LCDGreenMode_En
   430                      <       									;D_LCDGreenMode_Dis
   431                      <       
   432                      <       D_LCD_Setting				.EQU	D_LCD_VLCD+D_LCD_BiasDuty+D_LCD_GreenMode
   433                      <       ; ---------------------- PA0~7=Seg6~13 ----------------------
   434                      <       D_LCD_PortA_Ctrl       .EQU    11111111B    ; 
   435                      <       D_LCD_PortA_COMSEG     .EQU    00000000B    ; PA7~6=Seg13~12
   436                      <       
   437                      <       ; ---------------------- PortBPB0~3=Com0~3 ----------------------
   438                      <       D_LCD_PortB_Ctrl       .EQU    00001111B    ; 
   439                      <       D_LCD_PortB_COMSEG     .EQU    00001111B    ; PB3~0=Com3~0
   440                      <       
   441                      <       ; ---------------------- PortCC0=Seg14 ----------------------
   442                      <       D_LCD_PortC_Ctrl       .EQU    00000011B    ;
   443                      <       D_LCD_PortC_COMSEG     .EQU    00000010B    ; PC1=Com4
   444                      <       
   445                      <       ; ---------------------- PortD---------------------
   446                      <       D_LCD_PortD_Ctrl       .EQU    00000000B    ; PDΪIO
   447                      <       
   448                      <       ;D_LCD_PortA_Ctrl			.EQU	11111111B		;set PA[7:0] as LCD function
   449                      <       ;D_LCD_PortA_COMSEG			.EQU	00000000B		;Set PA[7:6] as segment output
   450                      <       ;D_LCD_PortB_Ctrl			.EQU	00001111B		;Set PB[3:0] as LCD function
   451                      <       ;D_LCD_PortB_COMSEG			.EQU	00000000B		;Set PB[3:0] as segment output
   452                      <       ;D_LCD_PortC_Ctrl			.EQU	11100000B		;Set PortC[7:5] as LCD function
   453                      <       ;D_LCD_PortC_COMSEG			.EQU    11100000B		;Set PC[7:5] as common  output 
   454                      <       ;D_LCD_PortD_Ctrl			.EQU	00000000B		;set PD[3:2] as normal IO	
   455                      <       
   456                      <       .ENDIF
   457                      <         
   458                              ;==================================================================================
   459                              ;LCM Hardware Configuration Define Area
   460                              ;==================================================================================
   461                              D_LCM_Port_Dir		.EQU    P_IO_PortD_Dir
   462                              D_LCM_Port_Attrib	.EQU	P_IO_PortD_Attrib	
   463                              D_LCM_Port_Buffer	.EQU    P_IO_PortD_Buffer
   464                              D_LCM_Port_Data		.EQU	P_IO_PortD_Data	
   465                              
   466                              D_LCM_DataPin		.EQU	0x80	;PD7	PC.7
   467                              D_LCM_CLKPin		.EQU	0x04	;PD2	0x40	;PC.6
   468                              
   469                              ;==================================================================================
   470                              ;LCM Driver Constant Define Area
   471                              ;==================================================================================
   472                              ;LCM Protocol data format is Header(1Byte)+ DataLength(1Byte) + Data(NByte) + CheckSum(1Byte) 
   473                              ;Max. Data Length is 37
   474                              ;register Command format is Register address + Register Data
   475                              ;LCD data Command format is directly fill DPRAM data , DPRAM address is started from 0x50
   476                              
   477                              D_LCM_DataCMD_Header	.EQU		0x80		;Header Command for register data
   478                              D_LCM_LCDCMD_Header		.EQU		0x81		;Header Command for LCD data
   479                              D_LCM_DataOneCMD_Len	.EQU		0x02
   480                              D_LCM_MaxDataLen		.EQU		16			;define max data length ;Max:37
   481                              ;==================================================================================
   482                              ; Function External declare area
   483                              ;==================================================================================
   484                              
   485                              
   486                              ;==================================================================================
   487                              ; Function Public area
   488                              ;==================================================================================
   489                              
   490                              .if	(GPL812P01Bx_Mode=EV_Simualtion)	
   491                              .public		F_LCM_Enable
   492                              .public		F_LCM_Write_OneReg
   493                              .public		F_LCM_Write_NReg
   494                              .public		F_LCM_Write_LCDData
   495                              
   496                              .public		_F_LCM_Enable
   497                              .public		_F_LCM_Write_OneReg
   498                              .public		_F_LCM_Write_NReg
   499                              .public		_F_LCM_Write_LCDData
   500                              
   501                              .endif
   502                              ;==================================================================================
   503                              ; Variable Public area
   504                              ;==================================================================================
   505                              
   506                              .if	(GPL812P01Bx_Mode=EV_Simualtion)
   507                              .public		LCM_Buffer_Ptr
   508                              .public		LCM_Data_Buffer
   509                              .public		R_LCM_DataLength
   510                              .public		R_LCM_Temp
   511                              .public		_LCM_Buffer_Ptr
   512                              .public		_LCM_Data_Buffer
   513                              .public		_R_LCM_DataLength
   514                              .public		_R_LCM_Temp
   515                              .public    R_128Hz_Count
   516                              .public    _R_128Hz_Count
   517                              .endif
   518                              ;==================================================================================
   519                              ; Variable RAM declare area
   520                              ;==================================================================================
   521 000000B9                     LCM_Driver_ZRAM:    .SECTION      .PAGE0
   522                              .if	(GPL812P01Bx_Mode=EV_Simualtion)	
   523                              LCM_Buffer_Ptr		.DS		2					;LCM data buffer address
   524                              _LCM_Buffer_Ptr		.EQU	LCM_Buffer_Ptr	
   525                              .endif
   526                              .ENDS
   527 000000B9                     LCM_Driver_NRAM:    .SECTION
   528                              .if	(GPL812P01Bx_Mode=EV_Simualtion)	
   529                              
   530                              LCM_Data_Buffer			.DS		D_LCM_MaxDataLen+3		;Max Size is acording R_LCM_DataLength+3 
   531                              _LCM_Data_Buffer		.EQU	LCM_Data_Buffer	
   532                              R_LCM_Address			.DS		1				;record LCM Command of register address
   533                              R_LCM_Data				.DS		1				;record LCM Command of register data
   534                              R_LCM_CheckSum			.DS		1				;record LCM Command of check sum
   535                              R_LCM_DataLength		.DS		1				;record LCM Command of DataLength
   536                              _R_LCM_DataLength		.EQU	R_LCM_DataLength
   537                              R_LCM_Temp				.DS		1				;
   538                              _R_LCM_Temp				.EQU	R_LCM_Temp	
   539                              R_128Hz_Count			.DS		1
   540                              _R_128Hz_Count			.EQU	R_128Hz_Count
   541                              .endif
   542                              
   543                              .ENDS
   544                              
   545 0000F0CE                     LCM_Driver_Code:    .SECTION
   546                              .if	(GPL812P01Bx_Mode=EV_Simualtion)
   547                              
   548                              ; =======================================================================================
   549                              ; Function name : F_LCM_Enable
   550                              ; Purpose       : Enable LCM Driver ,Setting Data/CLK pin as Output Low
   551                              ; Parameter     : 
   552                              ; Return        : 
   553                              ; Destroy       : A 
   554                              ; ======================================================================================   	
   555                              F_LCM_Enable:
   556                              _F_LCM_Enable:
   557                              	LDA		D_LCM_Port_Dir
   558                              	AND		#.NOT.(D_LCM_CLKPin+D_LCM_DataPin)
   559                              	STA		D_LCM_Port_Dir
   560                              	;Setting Data/CLK pin as Output Low
   561                              	LDA		D_LCM_Port_Buffer
   562                              	AND		#.NOT.(D_LCM_CLKPin+D_LCM_DataPin)
   563                              	STA		D_LCM_Port_Data
   564                              	
   565                              	LDA		D_LCM_Port_Dir
   566                              	ORA		#(D_LCM_CLKPin+D_LCM_DataPin)
   567                              	STA		D_LCM_Port_Dir
   568                              		
   569                              	LDA		D_LCM_Port_Attrib
   570                              	AND		#.NOT.(D_LCM_CLKPin+D_LCM_DataPin)
   571                              	STA		D_LCM_Port_Attrib
   572                              	
   573                              	LDA		P_INT_Ctrl1
   574                              	ORA		#D_TBH_INT_En
   575                              	STA		P_INT_Ctrl1
   576                              	LDA		#D_TBH_INT_En
   577                              	STA		P_INT_Clear1
   578                              	LDA		#0x00
   579                              	STA		R_128Hz_Count
   580                              	
   581                              	CLI	
   582                              	RTS
   583                              
   584                              ; =======================================================================================
   585                              ; Function name : F_LCM_CMDEnd
   586                              ; Purpose       : LCM Command End 
   587                              ; Parameter     : 
   588                              ; Return        : 
   589                              ; Destroy       : A 
   590                              ; ======================================================================================   	
   591                              F_LCM_CMDEnd:
   592                              _F_LCM_CMDEnd:  
   593                              	JSR		F_LCM_DataLow
   594                              	JSR		F_LCM_ClkLow
   595                              	RTS    
   596                                ; ====================================================================================
   597                              ; Function name : F_LCM_ClkHigh
   598                              ; Purpose       : LCM Clock pin set  High
   599                              ; Parameter     : 
   600                              ; Return        : 
   601                              ; Destroy       : A 
   602                              ; ======================================================================================   	
   603                              F_LCM_ClkHigh:	
   604                              	LDA		#D_LCM_CLKPin
   605                              	ORA		D_LCM_Port_Buffer
   606                              	STA		D_LCM_Port_Data
   607                              	RTS
   608                              	
   609                              ; =======================================================================================
   610                              ; Function name : F_LCM_ClkLow
   611                              ; Purpose       : LCM Clock pin set Low
   612                              ; Parameter     : 
   613                              ; Return        : 
   614                              ; Destroy       : A 
   615                              ; ======================================================================================   	
   616                              F_LCM_ClkLow:	
   617                              	LDA		#.Not.D_LCM_CLKPin
   618                              	AND		D_LCM_Port_Buffer
   619                              	STA		D_LCM_Port_Data
   620                              	RTS
   621                              	
   622                              
   623                              ; =======================================================================================
   624                              ; Function name : F_LCM_DataHigh
   625                              ; Purpose       : LCM Data pin set High
   626                              ; Parameter     : 
   627                              ; Return        : 
   628                              ; Destroy       : A 
   629                              ; ======================================================================================   		
   630                              F_LCM_DataHigh:
   631                              	LDA		#D_LCM_DataPin
   632                              	ORA		D_LCM_Port_Buffer
   633                              	STA		D_LCM_Port_Data
   634                              	RTS
   635                              	
   636                              ; =======================================================================================
   637                              ; Function name : F_LCM_DataLow
   638                              ; Purpose       : LCM Data pin set Low
   639                              ; Parameter     : 
   640                              ; Return        : 
   641                              ; Destroy       : A 
   642                              ; ======================================================================================   			
   643                              F_LCM_DataLow:
   644                              	LDA		#.Not.D_LCM_DataPin
   645                              	AND		D_LCM_Port_Buffer
   646                              	STA		D_LCM_Port_Data
   647                              	RTS	  
   648                              	
   649                                
   650                              ; =======================================================================================
   651                              ; Function name : F_LCM_TX_Data
   652                              ; Purpose       : LCM Tx One Byte
   653                              ; Parameter     : Acc=TX DATA
   654                              ; Return        : 
   655                              ; Destroy       : A,X 
   656                              ; ======================================================================================          
   657                              F_LCM_TX_Data:
   658                              	STA		R_LCM_Temp
   659                              	LDX		#0x08
   660                              L_TxData?:	;;HighByte First
   661                              	NOP		;Delay
   662                              	NOP
   663                              	NOP
   664                              	NOP
   665                              	NOP
   666                              	NOP
   667                              	NOP
   668                              	JSR		F_LCM_ClkLow	
   669                              	CLC
   670                              	ROL		R_LCM_Temp
   671                              	BCC		L_LCM_TxLow?
   672                              L_LCM_TxHigh?:	
   673                              	LDA		#D_LCM_DataPin
   674                              	ORA		D_LCM_Port_Buffer
   675                              	STA		D_LCM_Port_Data
   676                              	JMP		L_CheckNext?
   677                              L_LCM_TxLow?:
   678                              	LDA		#.NOT.D_LCM_DataPin
   679                              	AND		D_LCM_Port_Buffer
   680                              	STA		D_LCM_Port_Data
   681                              L_CheckNext?:
   682                              	JSR		F_LCM_ClkHigh		
   683                              	DEX
   684                              	BNE		L_TxData?
   685                              	JSR		F_LCM_ClkLow
   686                              	
   687                              	RTS		
   688                              ; =======================================================================================
   689                              ; Function name : F_LCM_Write_OneReg
   690                              ; Purpose       : 
   691                              ; Parameter     : A:Address Y:Data
   692                              ; Return        : None ; Check sum = length(=2) + address + data
   693                              ; Destroy       : A,X
   694                              ; ======================================================================================
   695                              F_LCM_Write_OneReg:
   696                              _F_LCM_Write_OneReg:
   697                              	STA		R_LCM_Address
   698                              	STY		R_LCM_Data
   699                              	
   700                              	JSR		F_LCM_WaitReady
   701                              	;Claculate Check Sum : Length + address + Data
   702                              	LDA		#0x02	;Length Fix 2
   703                              	STA		R_LCM_CheckSum
   704                              	CLC
   705                              	LDA		R_LCM_Address	
   706                              	ADC		R_LCM_CheckSum
   707                              	STA		R_LCM_CheckSum
   708                              	CLC
   709                              	LDA		R_LCM_Data
   710                              	ADC		R_LCM_CheckSum
   711                              	STA		R_LCM_CheckSum
   712                              	;------------------------------------------------
   713                              	LDA		#D_LCM_DataCMD_Header
   714                              	JSR		F_LCM_TX_Data
   715                              
   716                              	LDA		#D_LCM_DataOneCMD_Len
   717                              	JSR		F_LCM_TX_Data	
   718                              	
   719                              	LDA		R_LCM_Address
   720                              	JSR		F_LCM_TX_Data
   721                              	LDA		R_LCM_Data
   722                              	JSR		F_LCM_TX_Data
   723                              	LDA		R_LCM_CheckSum
   724                              	JSR		F_LCM_TX_Data
   725                              	
   726                              	
   727                              	JSR		F_LCM_CMDEnd
   728                              	JSR		F_LCM_Delay
   729                              	RTS	
   730                              ; =======================================================================================
   731                              ; Function name : F_LCM_Write_NReg
   732                              ; Purpose       : 
   733                              ; Parameter     : LCM_Buffer_Ptr
   734                              ; Return        : None ; Check sum = R_LCM_DataLength + address1 + data1 + 
   735                              ;                       	          address2 + data2 + ....  + addressN + dataN
   736                              ; Destroy       : A,Y,X
   737                              ; ======================================================================================
   738                              F_LCM_Write_NReg:
   739                              _F_LCM_Write_NReg:
   740                              	JSR		F_LCM_WaitReady
   741                              	;Calculate Check Sum
   742                              	LDA		R_LCM_DataLength	
   743                              	STA		R_LCM_Temp
   744                              	STA		R_LCM_CheckSum		
   745                                  LDY     #0
   746                              L_CalculateCheckSum?:    
   747                              	LDA     (LCM_Buffer_Ptr),Y
   748                              	CLC
   749                              	ADC		R_LCM_CheckSum
   750                              	STA		R_LCM_CheckSum
   751                              	INY
   752                              	CPY		R_LCM_DataLength
   753                              	BCC		L_CalculateCheckSum?
   754                              	;----------------------------
   755                              
   756                              	LDA		#D_LCM_DataCMD_Header
   757                              	JSR		F_LCM_TX_Data		
   758                              	LDA		R_LCM_DataLength
   759                              	JSR		F_LCM_TX_Data
   760                              	
   761                                  LDY     #0	
   762                              L_UpdateRegData?:
   763                              	LDA     (LCM_Buffer_Ptr),Y	
   764                              	JSR		F_LCM_TX_Data
   765                              	INY
   766                              	DEC		R_LCM_DataLength
   767                              	BNE		L_UpdateRegData?
   768                              	
   769                              	LDA		R_LCM_CheckSum
   770                              	JSR		F_LCM_TX_Data	
   771                              	
   772                              	JSR		F_LCM_CMDEnd
   773                              	JSR		F_LCM_Delay
   774                              	RTS	
   775                              	
   776                              	
   777                              ; =======================================================================================
   778                              ; Function name : F_LCM_Write_LCDData
   779                              ; Purpose       : 
   780                              ; Parameter     : LCM_Buffer_Ptr
   781                              ; Return        : None ; Check sum = N + 0x50~(0x50x+N)
   782                              ; Destroy       : A,X,Y 
   783                              ; ======================================================================================
   784                              F_LCM_Write_LCDData:
   785                              _F_LCM_Write_LCDData:
   786                              	JSR		F_LCM_WaitReady
   787                              	
   788                              	LDA		#D_LCDDataSize
   789                              	STA		R_LCM_DataLength
   790                              	STA		R_LCM_CheckSum
   791                                  LDY     #0
   792                              L_CalculateCheckSum?:    
   793                              	LDA     (LCM_Buffer_Ptr),Y
   794                              	CLC
   795                              	ADC		R_LCM_CheckSum
   796                              	STA		R_LCM_CheckSum
   797                              	INY
   798                              	CPY		R_LCM_DataLength
   799                              	BCC		L_CalculateCheckSum?
   800                              	;----------------------------
   801                              	LDA		#D_LCM_LCDCMD_Header
   802                              	JSR		F_LCM_TX_Data	
   803                              	LDA		R_LCM_DataLength
   804                              	JSR		F_LCM_TX_Data
   805                                  LDY     #0	
   806                              L_UpdateAgain?:
   807                              	LDA     (LCM_Buffer_Ptr),Y	
   808                              	JSR		F_LCM_TX_Data
   809                              	INY
   810                              	DEC		R_LCM_DataLength
   811                              	BNE		L_UpdateAgain?
   812                              	
   813                              	LDA		R_LCM_CheckSum
   814                              	JSR		F_LCM_TX_Data
   815                              	
   816                              	JSR		F_LCM_CMDEnd	
   817                              	
   818                              	JSR		F_LCM_Delay
   819                              	RTS	
   820                              
   821                              	
   822                              ; =======================================================================================
   823                              ; Function name : F_LCM_WaitReady
   824                              ; Purpose       : 
   825                              ; Parameter     : 
   826                              ; Return        : None ; 
   827                              ; Destroy       : A 
   828                              ; ======================================================================================
   829                              F_LCM_WaitReady:	
   830                              	
   831                              	LDA		D_LCM_Port_Dir	;Set Data Pin Is Input Low , CLK pin is Output Low
   832                              	AND		#.not.D_LCM_DataPin
   833                              	ORA		#D_LCM_CLKPin
   834                              	STA		D_LCM_Port_Dir
   835                              	
   836                              	LDA		D_LCM_Port_Buffer		
   837                              	AND		#.not.D_LCM_CLKPin
   838                              	STA		D_LCM_Port_Data
   839                              	
   840                              	;---------------------
   841                              
   842                              	LDA		D_LCM_Port_Buffer		
   843                              	ORA		#D_LCM_CLKPin
   844                              	STA		D_LCM_Port_Data	
   845                              	
   846                              	JSR		DelayUS
   847                              	
   848                              	LDA		D_LCM_Port_Buffer		
   849                              	AND		#.not.D_LCM_CLKPin
   850                              	STA		D_LCM_Port_Data	
   851                              	;---------------------
   852                              	LDA		#0x00
   853                              	STA		R_128Hz_Count
   854                              L_Wait_DataPinHigh?	
   855                              	LDA		R_128Hz_Count
   856                              	BNE		F_LCM_WaitReady
   857                              	LDA		#0xAA
   858                              	STA		P_WDT_Flag_Clear
   859                              	
   860                              	LDA		D_LCM_Port_Data
   861                              	AND		#D_LCM_DataPin
   862                              	BEQ		L_Wait_DataPinHigh?
   863                              	
   864                              	JSR		DelayUS
   865                              	
   866                              	LDA		D_LCM_Port_Buffer		;CLK High
   867                              	ORA		#D_LCM_CLKPin
   868                              	STA		D_LCM_Port_Data
   869                              	
   870                              	JSR		DelayUS
   871                              	
   872                              	LDA		D_LCM_Port_Buffer
   873                              	AND		#.NOT.D_LCM_CLKPin	;CLK Low
   874                              	STA		D_LCM_Port_Data
   875                              	
   876                              	JSR		DelayUS
   877                              
   878                              	LDA		D_LCM_Port_Buffer		
   879                              	AND		#.not.(D_LCM_DataPin+D_LCM_CLKPin)
   880                              	STA		D_LCM_Port_Data
   881                              	
   882                              	LDA		D_LCM_Port_Dir	;Set Data Pin / CLK pin   is Output Low
   883                              	ORA		#(D_LCM_DataPin+D_LCM_CLKPin)
   884                              	STA		D_LCM_Port_Dir
   885                              	
   886                              	JSR		DelayUS
   887                              	
   888                              	RTS	
   889                              ; =======================================================================================
   890                              ; Function name : DelayUS
   891                              ; Purpose       : 
   892                              ; Parameter     : 
   893                              ; Return        : None ; 
   894                              ; Destroy       : A 
   895                              ; ======================================================================================	
   896                              DelayUS:	
   897                              	LDX		#0x20
   898                              L_Loop1?:
   899                              	DEX	
   900                              	BNE		L_Loop1?
   901                              	RTS
   902                              	
   903                              F_LCM_Delay:	
   904                              	LDX	#0x50
   905                              L_delayloop?:	
   906                              	DEX	
   907                              	BNE	L_delayloop?
   908                              	RTS
   909                              .endif
   910                              .ends
0 Error(s), 0 Warning(s).

