        Generalplus 6502 Assembler - Version 1.7.1.0  
              Listing File Has Been Relocated

     1                              ;==================================================================================
     2                              ; The information contained herein is the exclusive property of
     3                              ; Generalplus Technology Co. And shall not be distributed, reproduced,
     4                              ; or disclosed in whole in part without prior written permission.
     5                              ;       (C) COPYRIGHT 2012   Generalplus TECHNOLOGY CO.                            
     6                              ;                   ALL RIGHTS RESERVED
     7                              ; The entire notice above must be reproduced on all authorized copies.
     8                              ;==================================================================================
     9                              ;==================================================================================
    10                              ; Name                  : INT_VEC.asm
    11                              ; Applied Body          : GPL812PX
    12                              ; Programmer            : 
    13                              ; Description           : Interrupt vector declare and service routine
    14                              ; History version       : 
    15                              ;==================================================================================
    16                              
    17                              ;==========================================
    18                              ; Compiler parameter define
    19                              ;==========================================
    20                              .SYNTAX 6502
    21                              .LINKLIST
    22                              .SYMBOLS
    23                              
    24                              ;==========================================
    25                              ; Constant define area
    26                              ;==========================================
    27                              
    28                              
    29                              
    30                              ;==========================================
    31                              ; Include file area
    32                              ;==========================================
    33                              .INCLUDE 	GPL812P01B.inc
    34                      <       	.IFDEF		GPL812_SERIES
    35                      <       
    36                      <       ;---------------------------------
    37                      <       GPL812P01Bx		.EQU		1
    38                      <       ;---------------------------------
    39                      <       
    40                      <       .IFNDEF GPL812PX_Body_inc
    41                      <       GPL812PX_Body_inc:   .EQU    1
    42                      <       ;==================================================================================
    43                      <       ; The information contained herein is the exclusive property of
    44                      <       ; Generalplus Technology Co. And shall not be distributed, reproduced,
    45                      <       ; or disclosed in whole in part without prior written permission.
    46                      <       ;       (C) COPYRIGHT 2012   Generalplus TECHNOLOGY CO.                            
    47                      <       ;                   ALL RIGHTS RESERVED
    48                      <       ; The entire notice above must be reproduced on all authorized copies.
    49                      <       ;==================================================================================
    50                      <       ;==================================================================================
    51                      <       ; Program Name: GPL812PX series register declare
    52                      <       ; Applied body: GPL812PX series
    53                      <       ; Programmer  : 
    54                      <       ; Description : 
    55                      <       ;             : 
    56                      <       ; History version
    57                      <       ; Rev #       Date          Who            Comments
    58                      <       ; -------  -----------    --------         ----------------------------------------
    59                      <       ; 1.0       2012-05-07     CharissaHsu	Oringinal Version
    60                      <       ; 1.1		2012/06/25     CharissaHsu	Add User Rom Checksum Macro
    61                      <       ; 1.2       2014/08/20     Ken Liu		Add Body:GPL81202A,GPL81201A
    62                      <       ; 1.3       2018/01/19     Neo Chuang   Add Body:GPL812P01A
    63                      <       ; 1.4       2018/08/07     Neo Chuang   Add Body:GPL812P01B
    64                      <       ;==================================================================================
    65                      <       ;==================================================================================
    66                      <       
    67                      <       
    68                      <       		.IFNDEF	GPL812P01Bx
    69                      <       			GPL812P01Bx: 	.EQU		0
    70                      <       		.ENDIF
    71                      <       
    72                      <        	 
    73                      <       .IF (GPL812P01Bx)
    74                      <       GPL812PX		.EQU		1
    75                      <       .ENDIF
    76                      <       	.IFDEF	GPL812PX
    77 00000082             <       		.PAGE0
    78                      <         
    79                      <       ;=================  INT/NMI Register  ================
    80                      <       P_SRAM_Ctrl:							.EQU    $3F    
    81                      <             
    82                      <       ;===================  IO Register  ===================
    83                      <       P_IO_Green_Ctrl:						.EQU    $11			; IO Green mode selection register
    84                      <       	D_IO_GreenEn:								.EQU	   00100000B	
    85                      <       	D_IO_GreenDis:							.EQU	   00000000B
    86                      <       	
    87                      <       P_IO_PortA_Dir							.EQU    $0B
    88                      <       P_IO_PortA_Attrib:						.EQU    $03
    89                      <       P_IO_PortA_Data:						.EQU    $07
    90                      <       P_IO_PortA_Buffer:						.EQU    $0C
    91                      <       P_IOA_LCDPORT_Ctrl:						.EQU    $4A			;PA[7:0]=SEG13:6
    92                      <       P_IOA_SEGCOM_Ctrl:						.EQU    $48
    93                      <       	D_PortA6_COM6:						.EQU    01000000B
    94                      <       	D_PortA7_COM7:						.EQU    10000000B
    95                      <       
    96                      <       P_IO_PortB_Dir:							.EQU    $00
    97                      <       P_IO_PortB_Attrib:						.EQU    $04
    98                      <       P_IO_PortB_Data:						.EQU    $08
    99                      <       P_IO_PortB_Buffer:						.EQU    $0D
   100                      <       P_IO_PortB_Strobe_En:				 	.EQU    $2D
   101                      <       
   102                      <       P_IOB_LCDPORT_Ctrl:						.EQU    $4B			;PB[3:0]SEG5:2
   103                      <       P_IOB_SEGCOM_Ctrl:						.EQU    $49
   104                      <       	D_PortB0_COM0:						.EQU    00000001B
   105                      <       	D_PortB1_COM1:						.EQU    00000010B
   106                      <       	D_PortB2_COM2:						.EQU    00000100B
   107                      <       	D_PortB3_COM3:						.EQU    00001000B	
   108                      <       
   109                      <       P_IO_PortC_Dir:							.EQU    $01
   110                      <       P_IO_PortC_Attrib:						.EQU    $05
   111                      <       P_IO_PortC_Data:						.EQU    $09
   112                      <       P_IO_PortC_Buffer:						.EQU    $0E
   113                      <       P_IO_PortC_Strobe_En:					.EQU    $2E
   114                      <       P_IOC_LCDPORT_Ctrl:						.EQU    $4C		;PC[7:0]=SEG[5:2] ,PC[1:0]=SEG[15:14]
   115                      <       P_IOC_SEGCOM_Ctrl						.EQU    $34
   116                      <       	D_PortC0_COM5:						.EQU    00000001B
   117                      <       	D_PortC1_COM4:						.EQU    00000010B
   118                      <       	D_PortC4_COM3:						.EQU    00010000B
   119                      <       	D_PortC5_COM2:						.EQU    00100000B
   120                      <       	D_PortC6_COM1:						.EQU    01000000B
   121                      <       	D_PortC7_COM0:						.EQU    10000000B
   122                      <       
   123                      <       P_IO_PortD_Dir:							.EQU    $02
   124                      <       P_IO_PortD_Attrib:						.EQU    $06
   125                      <       P_IO_PortD_Data:						.EQU    $0A
   126                      <       P_IO_PortD_Buffer:						.EQU    $0F
   127                      <       P_IO_PortD_Strobe_En:					.EQU    $2F
   128                      <       P_IOD_LCDPORT_Ctrl:						.EQU    $35
   129                      <       	D_PortD2_SEG1:						.EQU    00000100B
   130                      <       	D_PortD3_SEG0:						.EQU    00001000B
   131                      <       ;===================  System Register  ===================
   132                      <       P_SYSTEM_Ctrl:							.EQU    $12						; System sleep source.
   133                      <       	D_SYS_Sleep:						.EQU	10101010B				; System goes to sleep bit.
   134                      <       P_SYSTEM_Green_Ctrl:         			.EQU    $17                     ; System Green mode selection register.
   135                      <       	D_GreenDis:							.EQU	00000000B
   136                      <       	D_GreenEn:							.EQU	01000000B
   137                      <       ;===============   Watch Dog Register  ===============
   138                      <       P_WDT_Flag_Clear:						.EQU	$20
   139                      <       	D_WDT_Clear:						.EQU	10101010B
   140                      <       
   141                      <       ;=================  INT/NMI Register  ================
   142                      <       P_INT_Ctrl0:							.EQU    $13							; Interrupt control.
   143                      <       	D_INT_Ctrl0_Dis:						.EQU	  00000000B				; bit[7,5] must be fill '0'
   144                      <       	D_CPUDiv2MHz_INT_En:          			.EQU	  00000001B				; Fosc divided 2097152 interrupt enabled bit.
   145                      <       	D_CPUDiv32KHz_INT_En:           		.EQU	  00000010B				; Fosc divided 32768 interrupt enabled bit.
   146                      <       	D_CPUDiv4KHz_INT_En:					.EQU	  00000100B				; Fosc divided 4096 interrupt enabled bit.
   147                      <       	D_CPUDiv1KHz_INT_En:					.EQU	  00001000B				; Fosc divided 1024 interrupt enabled bit.
   148                      <       	D_TM1O_INT_En:          				.EQU	  00010000B				; Timer1 overflow interrupt enabled bit.
   149                      <       	D_TM0O_INT_En:          				.EQU	  01000000B				; Timer0 overflow interrupt enabled bit.
   150                      <       	
   151                      <       P_INT_Clear0:							.EQU    $14							; Interrupt Flag. Write 1 to clear interrupt flag.
   152                      <       	D_2MHz_Clr:								.EQU	  00000001B				; Fosc divided 2M interrupt flag bit.
   153                      <       	D_32KHz_Clr:							.EQU	  00000010B				; Fosc divided 32K interrupt flag bit.
   154                      <       	D_4KHz_Clr:          			 	 	.EQU	  00000100B				; Fosc divided 4K interrupt flag bit.
   155                      <       	D_1KHz_Clr:          			 	 	.EQU	  00001000B				; Fosc divided 1K interrupt flag bit.
   156                      <       	D_TM1O_Clr:          			 	 	.EQU	  00010000B				; Timer1 overflow interrupt flag bit.
   157                      <       	D_TM0O_Clr:          			 	 	.EQU	  01000000B				; Timer0 overflow interrupt flag bit.
   158                      <       
   159                      <       P_INT_Ctrl1:         				    .EQU    $15							; Interrupt control.
   160                      <       	D_INT_Ctrl1_Dis:					  	.EQU	  00000000B	
   161                      <       	D_TBL_INT_En:          		  			.EQU	  00010000B				; 32K Time Base low frequency interrupt	enable bit.
   162                      <       	D_TBH_INT_En:          		  			.EQU	  00100000B				; 32K Time Base high frequency interrupt enable bit.
   163                      <       	
   164                      <       P_INT_Clear1:         				    .EQU    $16							; Interrupt Flag. Write 1 to clear interrupt flag.								
   165                      <       	D_TBL_Clr:								.EQU	  00010000B				; 32K Time Base high frequency interrupt flag bit.
   166                      <       	D_TBH_Clr:								.EQU	  00100000B				; 32K Time Base high frequency interrupt flag bit.	
   167                      <       
   168                      <       
   169                      <       P_INT_Ctrl2:         				    .EQU    $18							; Interrupt control.
   170                      <       	D_INT_Ctrl2_Dis:					  	.EQU	  00000000B				; bit[7,5] must be fill '0'
   171                      <       	D_EXT_INT0:								.EQU	  00000001B				; External interrupt 1 enabled bit.
   172                      <       	D_EXT_INT1:								.EQU	  00000010B				; External interrupt 0 enabled bit.
   173                      <       	
   174                      <       P_INT_Clear2:         				    .EQU    $19							; Interrupt flag.
   175                      <       	D_PB0_Clr:								.EQU		00000001B			; External interrupt 0 flag bit.
   176                      <       	D_PB1_Clr:								.EQU		00000010B			; External interrupt 1 flag bit.
   177                      <       
   178                      <       
   179                      <       P_RFC_Ctrl:         				   	.EQU    $1E							; RFC function control
   180                      <       	D_RFC0_PC4:								.EQU		00000001B			; RFC selecttion bit 0
   181                      <       	D_RFC1_PC5:								.EQU		00000010B			; RFC selecttion bit 1
   182                      <       	D_RFC2_PC6:								.EQU		00000100B			; RFC selecttion bit 2
   183                      <       	D_RFCEN:								.EQU		00001000B			; RFC function enable bit
   184                      <       	D_RFCDis:								.EQU		00000000B
   185                      <       	
   186                      <       
   187                      <       ;=================  Timer Register  ==================
   188                      <       P_TIMER_Timer0_Ctrl:					 .EQU   $21								; Timer0 control.
   189                      <       	D_TM0Fosc:								.EQU		00000000B				; Fosc/1 as Timer0 clock.
   190                      <       	D_TM0FoscDiv2:							.EQU		00010000B				; Fosc/2 as Timer0 clock.
   191                      <       	D_TM0FoscDiv4:							.EQU		00100000B				; Fosc/4 as Timer0 clock.
   192                      <       	D_TM0FoscDiv16:							.EQU		00110000B				; Fosc/16 as Timer0 clock.
   193                      <       	D_TM0En:								.EQU		10000000B				; Timer0 Enable Selected function is Enabled.
   194                      <       	D_TM0Dis:								.EQU		00000000B				; Timer0 Enable Selected function is Disabled.
   195                      <       
   196                      <       P_TIMER_Timer1_Ctrl:         			 .EQU   $22								; Timer1 control. bit0 must be fill '0'
   197                      <       	D_TM1Fosc:								.EQU		00000000B				; Fosc/1 as Timer1 clock.
   198                      <       	D_TM1FoscDiv4:							.EQU		00010000B				; Fosc/4 as Timer1 clock.
   199                      <       	D_TM1FoscDiv64:							.EQU		00100000B				; Fosc/64 as Timer1 clock.
   200                      <       	C_TM1CLK_TM0OF:							.EQU		00110000B				; clock source use Timer0 clock over flow.
   201                      <       	D_TM1PortC7TM1Clk:						.EQU		01000000B				; Timer1 clock source from IO selection. (RFC using)
   202                      <       	D_TM1En:								.EQU		10000000B				; Timer1 Enable Selected function is Enabled.
   203                      <       	D_TM1Dis:								.EQU		00000000B				; Timer1 Enable Selected function is Disabled.	
   204                      <       
   205                      <       P_TIMER_TM0Data_LB:         			 .EQU   $23								; Write 8-bit	counter rgister in 8-bit Timer0. 
   206                      <       																				
   207                      <       P_TIMER_TM1Data_LB:         			 .EQU   $25								; Write low 8-bit counter register in 12-bit Timer1.(W)
   208                      <       P_TIMER_TM1Data_HB:         			 .EQU   $26								; Write high 4-bit counter register in 12-bit Timer1.(W)
   209                      <       
   210                      <       P_CLK_32768_En:         				 .EQU   $2A
   211                      <       	D_32768En:								.EQU		10000000B
   212                      <       	D_32768Dis:								.EQU		00000000B	;bit[5,2:0] msut be fill '0'
   213                      <       P_TIMER_TimeBase_Sel:					.EQU   $2B
   214                      <       	D_32kStr_T2sec:							.EQU		00000000B	
   215                      <       	D_32kStr_T4sec:							.EQU		00010000B
   216                      <       	D_TBL2Hz:								.EQU		00000000B	
   217                      <       	D_TBL4Hz:								.EQU		00001000B
   218                      <       	D_TBL8Hz:								.EQU		00000100B
   219                      <       	D_TBL16Hz:								.EQU		00001100B
   220                      <       	D_TBH128Hz:								.EQU		00000000B
   221                      <       	D_TBH256Hz:								.EQU		00000010B
   222                      <       	D_TBH512Hz:								.EQU		00000001B
   223                      <       	D_TBH1KHz:								.EQU		00000011B
   224                      <       P_IO_Strobe_En:							.EQU   $2C                        
   225                      <        	D_StrobeDis:							.EQU		00000000B              
   226                      <         	D_StrobeEn:								.EQU		00000001B               
   227                      <                       
   228                      <       
   229                      <       ;==============  Sleep/Wakeup Register  ==============
   230                      <       P_WAKEUP_Ctrl:         		 			.EQU   $30   
   231                      <       	D_KeyDis:								.EQU		00000000B
   232                      <       	D_KeyEn:								.EQU		00000001B
   233                      <       	D_TBLEn:								.EQU		00000010B
   234                      <       	D_TBLDis:								.EQU		00000000B
   235                      <       	D_TBHEn:								.EQU		00001000B
   236                      <       	D_TBHDis:								.EQU		00000000B
   237                      <       
   238                      <       P_WAKEUP_Flag:         		 			.EQU   $31   
   239                      <       	D_KEYWFC_En:							.EQU		00000001B
   240                      <       	D_KEYWFC_Dis:							.EQU		00000000B
   241                      <       	D_TBLWFC_En:							.EQU		00000010B
   242                      <       	D_TBLWFC_Dis:							.EQU		00000000B
   243                      <       	D_TBHWFC_En:							.EQU		00001000B
   244                      <       	D_TBHWFC_Dis:							.EQU		00000000B
   245                      <       		
   246                      <       P_IO_PortB_WakeUpEN:						.EQU   $37 	
   247                      <       P_IO_PortC_WakeUpEN:						.EQU   $38   
   248                      <       P_IO_PortD_WakeUpEN:						.EQU   $39   
   249                      <       
   250                      <       ;==============  LCD Register  ==============
   251                      <       P_LCD_Ctrl:					       		.EQU   $32	
   252                      <       
   253                      <       	D_LCDGreenMode_Dis:						.EQU		10010000B
   254                      <       	D_LCDGreenMode_En:						.EQU		10000000B
   255                      <       
   256                      <       	D_LCDMode_Normal:						.EQU		00000000B
   257                      <       	D_LCDMode_AllOn:						.EQU		00000001B
   258                      <       	D_LCDMode_AllOff:						.EQU		00000010B
   259                      <       	D_LCDMode_DisplayOff:					.EQU		00000011B
   260                      <       	
   261                      <       	D_LCDSetting_3Bias_4Duty:				.EQU		00000000B
   262                      <       	D_LCDSetting_3Bias_5Duty:				.EQU		00000100B
   263                      <       	D_LCDSetting_3Bias_6Duty:				.EQU		00001000B
   264                      <       	D_LCDSetting_4Bias_8Duty:				.EQU		00001100B	
   265                      <       	
   266                      <       	D_LCD_VLCD2_5V:							.EQU		00000000B
   267                      <       	D_LCD_VLCD2_4V:							.EQU		00100000B	
   268                      <       	D_LCD_VLCD2_8V:							.EQU		01000000B	
   269                      <       	D_LCD_VLCDVDD:							.EQU		01100000B	
   270                      <       	
   271                      <       ;==============  LVD function Register  ==============   
   272                      <       P_LVD_Ctrl:					         	.EQU   $33  
   273                      <       
   274                      <       	D_LVDS_2_7V:							.EQU		01000000B
   275                      <       	D_LVDS_2_1V:							.EQU		00000000B
   276                      <       	D_LVDS_2_4V:							.EQU		00100000B
   277                      <       	D_LVD_En:								.EQU		10000000B
   278                      <       	D_LVD_Dis:								.EQU		00000000B
   279                      <       ;==============  PWM function Register  ==============	
   280                      <       P_PWM_IO_Ctrl:				.EQU    $11				
   281                      <       	D_TX_En:								.EQU		00000000B
   282                      <       	D_IO_En:									.EQU		00100000B
   283                      <       	D_Driving_50mA:						.EQU		00000000B
   284                      <       	D_Driving_100mA:					.EQU		00001000B
   285                      <       	D_Driving_200mA:					.EQU		00010000B
   286                      <       	D_Driving_400mA:					.EQU		00011000B
   287                      <       P_PWM_EN:         				.EQU    $17
   288                      <       	D_PWMEn:								.EQU		00000000B
   289                      <       	D_PWMDis:								.EQU		01000000B	
   290                      <       ;**********************************************************************
   291                      <       ;ROM Checksum
   292                      <       ;**********************************************************************
   293                      <       
   294                      <       D_Bank0UserRomStartAddr:		.EQU	0xE000		;0xE000 ~ 0xFFFF: User ROM Code
   295                      <       
   296                      <       D_Bank0UserRomEndAddr:			.EQU	0xFFF6		;0xFFF7 ~ 0xFFF9 are reserved for Generalplus used
   297                      <       D_NMIandResetVectorStartAddr:	.EQU	0xFFFA		
   298                      <       D_NMIandResetVectorEndAddr:		.EQU	0xFFFF
   299                      <       
   300                      <       
   301                      <       ; ========================================================================================
   302                      <       ; Macro Name	: M_UserRomChecksum
   303                      <       ; Parameters	: None
   304                      <       ; Return Value	: R_ChecksumResult: bit[7:0]
   305                      <       ;				: R_ChecksumResult + 1: bit[15:8]
   306                      <       ;				: R_ChecksumResult + 2: bit[23:16]
   307                      <       ;				: R_ChecksumResult + 3: bit[31:24]
   308                      <       ; Description	: Calculate user ROM area code checksum
   309                      <       ; Destroy		: A, Y
   310                      <       ; Example		: %M_UserRomChecksum	R_ChecksumAddrPtr, R_ChecksumResult
   311                      <       ; ========================================================================================	
   312                      <       %M_UserRomChecksum:	.MACRO	R_ChecksumAddrPtr, R_ChecksumResult
   313                      <       	LDA		#0
   314                      <       	STA		R_ChecksumResult					;Result Byte0
   315                      <       	STA		R_ChecksumResult + 1				;Result Byte1
   316                      <       	STA		R_ChecksumResult + 2				;Result Byte2
   317                      <       	STA		R_ChecksumResult + 3				;Result Byte3
   318                      <       ;=================== Bank 0 ==================================================	
   319                      <       	LDA		#.HIGH.D_Bank0UserRomStartAddr
   320                      <       	STA		R_ChecksumAddrPtr + 1				; Start High Byte
   321                      <       	LDA		#.LOW.D_Bank0UserRomStartAddr
   322                      <       	STA		R_ChecksumAddrPtr					;Start Low Byte
   323                      <       	LDY		#0
   324                      <       L_ChecksumLoop1?
   325                      <       	LDA		#D_WDT_Clear
   326                      <       	STA		P_WDT_Flag_Clear	
   327                      <       	CLC
   328                      <       	LDA		(R_ChecksumAddrPtr),Y
   329                      <       	ADC		R_ChecksumResult					;Result Low Byte
   330                      <       	STA		R_ChecksumResult					;Result Low Byte
   331                      <       	BCC		L_CheckAddress1?
   332                      <       	INC		R_ChecksumResult + 1				;Result Byte1
   333                      <       	BNE		L_CheckAddress1?
   334                      <       	INC		R_ChecksumResult + 2				;Result Byte3
   335                      <       	BNE		L_CheckAddress1?
   336                      <       	INC		R_ChecksumResult + 3				;Result Byte4
   337                      <       		
   338                      <       L_CheckAddress1?:
   339                      <       	LDA		R_ChecksumAddrPtr + 1				;Address Pointer HB
   340                      <       	CMP		#.HIGH.D_Bank0UserRomEndAddr		;End High Byte
   341                      <       	BNE		L_IncreaseAdd1?
   342                      <       	
   343                      <       	LDA		R_ChecksumAddrPtr					;Address Pointer LB
   344                      <       	CMP		#.LOW.D_Bank0UserRomEndAddr			;End Low Byte
   345                      <       	BEQ		L_ExitRomSum1?
   346                      <       	
   347                      <       L_IncreaseAdd1?:
   348                      <       	INC		R_ChecksumAddrPtr					;Address Pointer LB
   349                      <       	BNE		L_ChecksumLoop1?
   350                      <       	INC		R_ChecksumAddrPtr + 1				;Address Pointer HB
   351                      <       	JMP		L_ChecksumLoop1?	
   352                      <       		
   353                      <       L_ExitRomSum1?:	
   354                      <       ;===================NMI & Reset Vector==================================================		
   355                      <       	LDA		#.HIGH.D_NMIandResetVectorStartAddr
   356                      <       	STA		R_ChecksumAddrPtr + 1				; Start High Byte
   357                      <       	LDA		#.LOW.D_NMIandResetVectorStartAddr
   358                      <       	STA		R_ChecksumAddrPtr				;Start Low Byte
   359                      <       		
   360                      <       L_ChecksumLoop2?
   361                      <       	LDA		#D_WDT_Clear
   362                      <       	STA		P_WDT_Flag_Clear
   363                      <       	CLC
   364                      <       	LDA		(R_ChecksumAddrPtr),Y
   365                      <       	ADC		R_ChecksumResult					;Result Low Byte
   366                      <       	STA		R_ChecksumResult					;Result Low Byte
   367                      <       	BCC		L_CheckAddress2?
   368                      <       	INC		R_ChecksumResult + 1				;Result Byte2
   369                      <       	BNE		L_CheckAddress2?
   370                      <       	INC		R_ChecksumResult + 2				;Result Byte3
   371                      <       	BNE		L_CheckAddress2?
   372                      <       	INC		R_ChecksumResult + 3				;Result Byte4
   373                      <       		
   374                      <       L_CheckAddress2?:
   375                      <       	LDA		R_ChecksumAddrPtr + 1				;Address Pointer HB
   376                      <       	CMP		#.HIGH.D_NMIandResetVectorEndAddr	;End High Byte
   377                      <       	BNE		L_IncreaseAdd2?
   378                      <       	
   379                      <       	LDA		R_ChecksumAddrPtr					;Address Pointer LB
   380                      <       	CMP		#.LOW.D_NMIandResetVectorEndAddr	;End Low Byte
   381                      <       	BEQ		L_EndChecksum?
   382                      <       	
   383                      <       L_IncreaseAdd2?:
   384                      <       	INC		R_ChecksumAddrPtr					;Address Pointer LB
   385                      <       	BNE		L_ChecksumLoop2?
   386                      <       	INC		R_ChecksumAddrPtr + 1				;Address Pointer HB
   387                      <       	JMP		L_ChecksumLoop2?	
   388                      <       	
   389                      <       L_EndChecksum?:
   390                      <       
   391                      <       	.ENDM
   392                      <       
   393                      <       EV_Simualtion		.EQU	0
   394                      <       OTP_BurnIn			.EQU	1
   395                      <       GPL812P01Bx_Mode	.EQU	OTP_BurnIn
   396                      <       
   397                      <       	
   398                      <       			.ENDIF
   399                      <       			.ENDIF
   400                      <       	.ENDIF
   401                              .INCLUDE	"GPL812P01B_LCM_Driver\GPL812P01B_LCM_Driver.inc"
   402                      <       .IFNDEF _GPL812P01B_LCM_Driver_inc_
   403                      <       _GPL812P01B_LCM_Driver_inc_:    .EQU    1
   404                      <       .if	(GPL812P01Bx_Mode=EV_Simualtion)
   405                      <       ; =======================================================================================
   406                      <       ; Function name : F_LCM_Enable
   407                      <       ; Purpose       : Enable LCM Driver ,Setting Data/CLK pin as Output Low
   408                      <       ; Parameter     : 
   409                      <       ; Return        : 
   410                      <       ; Destroy       : A 
   411                      <       ; ======================================================================================  
   412                      <       .extern		F_LCM_Enable
   413                      <       ; =======================================================================================
   414                      <       ; Function name : F_LCM_Write_OneReg
   415                      <       ; Purpose       : 
   416                      <       ; Parameter     : A:Address Y:Data
   417                      <       ; Return        : None ; Check sum = length(=2) + address + data
   418                      <       ; Destroy       : A,X
   419                      <       ; ======================================================================================
   420                      <       .extern		F_LCM_Write_OneReg
   421                      <       ; =======================================================================================
   422                      <       ; Function name : F_LCM_Write_NReg
   423                      <       ; Purpose       : 
   424                      <       ; Parameter     : LCM_Buffer_Ptr
   425                      <       ; Return        : None ; Check sum = R_LCM_DataLength + address1 + data1 + 
   426                      <       ;                       	          address2 + data2 + ....  + addressN + dataN
   427                      <       ; Destroy       : A,Y,X
   428                      <       ; ======================================================================================
   429                      <       .extern		F_LCM_Write_NReg
   430                      <       ; =======================================================================================
   431                      <       ; Function name : F_LCM_Write_LCDData
   432                      <       ; Purpose       : 
   433                      <       ; Parameter     : LCM_Buffer_Ptr
   434                      <       ; Return        : None ; Check sum = N + (0x50~0x50+N)
   435                      <       ; Destroy       : A,X,Y 
   436                      <       ; ======================================================================================
   437                      <       .extern		F_LCM_Write_LCDData
   438                      <       
   439                      <       .external	.PAGE0	LCM_Buffer_Ptr ;LCM data buffer address
   440                      <       
   441                      <       .extern		LCM_Data_Buffer		;Max Size is acording R_LCM_DataLength+3
   442                      <       .extern		R_LCM_DataLength	;record LCM Command of DataLength
   443                      <       
   444                      <       .extern    R_128Hz_Count
   445                      <       
   446                      <       .endif
   447                      <       .endif
   448                              .INCLUDE	include\Project.inc
   449                      <       
   450                      <       ;===================================================
   451                      <       ;			RAM Define
   452                      <       ;====================================================
   453                      <       .extern			R_2Hz
   454                      <       .EXTERN			R_500ms
   455                      <       ;.EXTERN			R_1KHz
   456                      <       ;===================================================
   457                      <       ;			Module Define
   458                      <       ;====================================================
   459                      <       .extern	        V_RESET	
   460                      <       ;====================================================
   461                      <       
   462                              .INCLUDE	include\Macro.inc
   463                      <       ;==========================================
   464                      <       ; Constant define area
   465                      <       ;==========================================
   466                      <       D_DebounceTime	        EQU    0x03     ;7.8125ms*3=23.4735ms    消抖时间  ;128Hz
   467                      <       D_LongKeyTime	        EQU    255      ;7.8125ms*255=2s 
   468                      <       D_TenSecond             EQU    20       ;0.5s*20=10s
   469                      <       D_OneMinute             EQU    120      ;0.5s*120=60s ;在设置模式下,若1MIN无Key按下,自动保存退出,显示正常时间
   470                      <       	
   471                      <       
   472                      <       
   473                      <       C_SramAddrStart		    EQU	    80H		;SRAM start address
   474                      <       C_SramAddrEnd   		EQU		FFH		;GPL11B SRAM end address
   475                      <       C_DPRAMAddrStart		EQU		50H		;DPRAM start address
   476                      <       C_DPRAMAddrEnd   		EQU		5FH		;GPL812P02A DPRAM end address
   477                      <       
   478                      <       
   479                      <       D_SetHour				equ		04H
   480                      <       D_SetMinute				equ		05H
   481                      <       
   482                      <       D_30SecLightOn					equ		60
   483                      <       C_10Sec					equ		21			;20/2=10sec 	
   484                      <       	
   485                      <       D_Bit0					equ		01H
   486                      <       D_Bit1					equ		02H
   487                      <       D_Bit2					equ		04H
   488                      <       D_Bit3					equ		08H
   489                      <       D_Bit4					equ		10H
   490                      <       D_Bit5					equ		20H
   491                      <       D_Bit6					equ		40H
   492                      <       D_Bit7					equ		80H
   493                      <       ;;============================================================================
   494                      <       ;Macro Name: %M_ClearWatchDog
   495                      <       ;Purpose: Clear Watchdog
   496                      <       ;Destroy: A
   497                      <       ;;============================================================================
   498                      <       %M_ClearWatchDog:		.MACRO 
   499                      <       	LDA		#D_WDT_Clear
   500                      <       	STA		P_WDT_Flag_Clear
   501                      <       	.ENDM
   502                      <       
   503                      <       ;==========================================
   504                      <       ; Macro Name:	%FillSram
   505                      <       ; Description:	Fill data to SRAM $80 ~ $fF
   506                      <       ; Input:		mData
   507                      <       ;==========================================
   508                      <       %RAM_Init:		.MACRO	
   509                      <       		LDy		#0
   510                      <       		LDA		#0	
   511                      <       ?L_FillRAMLOOP:	
   512                      <       		STA		$80,y
   513                      <       		INy
   514                      <       		CPy		#128
   515                      <       		BCC		?L_FillRAMLOOP
   516                      <       .ENDM
   517                      <       
   518                      <       
   519                      <       %RAM2_Init:		.macro
   520                      <       	
   521                      <       		LDX		#00		
   522                      <       		LDA		#00
   523                      <       	?Loop:
   524                      <       		STA		$01C0,x
   525                      <       		INX
   526                      <       		CPX		#64
   527                      <       		BCC		?Loop		
   528                      <       .endm
   529                      <       
   530                      <       
   531                      <       
   532                      <       %GotoSleep:		.MACRO
   533                      <       				LDA		#D_SYS_Sleep
   534                      <       				STA		P_SYSTEM_Ctrl				; Enter Sleep Mode
   535                      <       				NOP
   536                      <       				NOP
   537                      <       				NOP
   538                      <       				.ENDM
   539                      <       ;;============================================================================
   540                      <       ;Macro Name: %M_DisAllInt
   541                      <       ;Purpose: Disable all interrupt 
   542                      <       ;Destroy: A
   543                      <       ;;============================================================================
   544                      <       %M_DisAllInt:		.MACRO
   545                      <       
   546                      <       	LDA	#00H
   547                      <       	STA	P_INT_Ctrl0
   548                      <       	LDA	#FFH	
   549                      <       	STA	P_INT_Clear0
   550                      <       	
   551                      <       	LDA	#00H
   552                      <       	STA	P_INT_Ctrl1
   553                      <       	LDA	#FFH
   554                      <       	STA	P_INT_Clear1
   555                      <       
   556                      <       	LDA	#00H
   557                      <       	STA	P_INT_Ctrl2
   558                      <       	LDA	#FFH
   559                      <       	STA	P_INT_Clear2
   560                      <       	
   561                      <       	.ENDM
   562                      <       ;;============================================================================
   563                      <       ;Macro Name: %DisableLCD
   564                      <       ;Purpose: Disable LCD
   565                      <       ;Destroy: A
   566                      <       ;;============================================================================
   567                      <       %DisableLCD:		.MACRO
   568                      <       	
   569                      <       	LDA	#D_LCDMode_DisplayOff
   570                      <       	STA	P_LCD_Ctrl
   571                      <       	.ENDM
   572                      <       ;-----------------------------------------------------------------------------
   573                      <       ; Macro Name:	%M_InitLCD
   574                      <       ; Description:	Initialize LCD configuration after power on
   575                      <       ;-----------------------------------------------------------------------------	
   576                      <       %M_InitLCD:		.MACRO
   577                      <           LDA		#D_LCDMode_Normal+D_LCDSetting_3Bias_4Duty+D_LCDGreenMode_En
   578                      <       ;	LDA		#(D_LCDMode_Normal+D_LCDSetting_3Bias_4Duty)
   579                      <       	STA		P_LCD_Ctrl		;1/4duty,1/3bias,normal scan
   580                      <       
   581                      <       	.ENDM
   582                      <       ;-----------------------------------------------------------------------------
   583                      <       ; Macro Name:	%FillLcdDpram
   584                      <       ; Description:	Fill LCD DPRAM $50 ~$5F
   585                      <       ;-----------------------------------------------------------------------------
   586                      <       %FillLcdDpram	.MACRO	mData
   587                      <       		
   588                      <       		%M_ClearWatchDog
   589                      <       		LDX		#00H
   590                      <       		LDA     mData
   591                      <       ?L_ClrDpramLoop:
   592                      <       		STA		$50,X
   593                      <       		INX
   594                      <       		CPX		#10H
   595                      <       		BNE		?L_ClrDpramLoop	
   596                      <       
   597                      <       	.ENDM
   598                      <       ;-----------------------------------------------------------------------------
   599                      <       ; Macro Name:	%M_PushAll
   600                      <       ; Description:	Push
   601                      <       ;-----------------------------------------------------------------------------		
   602                      <       %M_PushAll:		.MACRO
   603                      <       		PHP
   604                      <       		PHA
   605                      <       		TXA
   606                      <       		PHA
   607                      <       		TYA
   608                      <       		PHA
   609                      <       			.ENDM
   610                      <       ;-----------------------------------------------------------------------------
   611                      <       ; Macro Name:	%M_PopAll
   612                      <       ; Description:	Pop
   613                      <       ;-----------------------------------------------------------------------------	
   614                      <       %M_PopAll:		.MACRO
   615                      <       		PLA
   616                      <       		TAY
   617                      <       		PLA
   618                      <       		TAX
   619                      <       		PLA
   620                      <       		PLP
   621                      <       			.ENDM	
   622                      <       
   623                      <       ;----------------------------------------------------------
   624                      <       ;/***********************************************/
   625                      <       ;         i.L=1 
   626                      <       %bits:   .MACRO   i,L             ;BYTE i;  
   627                      <                 lda     i               ;ex.  
   628                      <                 ora     #L              ;  %bits 10H,_BIT0  ;  10H.0=1
   629                      <                 sta     i               ;
   630                      <                .ENDM    
   631                      <       
   632                      <       ;/***********************************************/
   633                      <       ;         i.L=0
   634                      <       %bitr:   .MACRO   i,L             ;BYTE i;  
   635                      <                 lda     i               ;ex.  
   636                      <                 and     #.NOT.L         ;  %bitr 10H,_BIT0;  10H.0=0
   637                      <                 sta     i
   638                      <                .ENDM    
   639                      <       
   640                      <       ;/***********************************************/
   641                      <       ;         if(i.L==1) goto N
   642                      <       %btst:   .MACRO   i,L,N           ;BYTE i;  
   643                      <                 lda     i               ;ex.   
   644                      <                 and     #L              ;  %btst 10H,_BIT0,N
   645                      <                 bne     N               ;  if(10H.0=1) goto N 
   646                      <                .ENDM    
   647                      <                                         
   648                      <       ;/***********************************************/
   649                      <       ;         if(i.L==0) goto N
   650                      <       %btsf:   .MACRO   i,L,N           ;BYTE i;    
   651                      <                 lda     i               ;ex.   
   652                      <                 and     #L              ;  %btsf 10H,_BIT0,N
   653                      <                 beq     N               ;  if(10H.0=0) goto N 
   654                      <                .ENDM    
   655                      <       
   656                      <       ;/***********************************************/
   657                      <       %F_IO_Intital:	.macro
   658                      <       		LDA		#00000000b
   659                      <       		STA		P_IO_PortA_Attrib	
   660                      <       		LDA		#00000000b		;PA0~PA7 as lcd segment
   661                      <       		STA		P_IO_PortA_Dir
   662                      <       		LDA		#11111111b
   663                      <       		STA		P_IO_PortA_Data
   664                      <       		
   665                      <       		LDA		#00000000b
   666                      <       		STA		P_IO_PortB_Attrib		
   667                      <       		LDA		#00000000b	
   668                      <       		STA		P_IO_PortB_Dir
   669                      <       		LDA		#00001111b
   670                      <       		STA		P_IO_PortB_Data
   671                      <       		
   672                      <       		LDA		#00000000b
   673                      <       		STA		P_IO_PortC_Attrib		
   674                      <       		LDA		#00000000b	
   675                      <       		STA		P_IO_PortC_Dir
   676                      <       		LDA		#11111111b
   677                      <       		STA		P_IO_PortC_Data	
   678                      <       		
   679                      <       		LDA		#00000000b
   680                      <       		STA		P_IO_PortD_Attrib		
   681                      <       		LDA		#10000000b		;PD2,3,5 as input low,PD7,output LOW
   682                      <       		STA		P_IO_PortD_Dir
   683                      <       		LDA		#00101100b
   684                      <       		STA		P_IO_PortD_Data
   685                      <       .endm
   686                      <       ;/***********************************************/
   687                      <       %F_INT_Intital:	.macro
   688                      <       		LDA		#D_TBL2Hz+D_TBH128Hz
   689                      <       		STA		P_TIMER_TimeBase_Sel
   690                      <       		LDA		#ffh
   691                      <       		STA		P_INT_Clear0
   692                      <       		STA		P_INT_Clear1
   693                      <       		
   694                      <       		LDA		#D_TBL_INT_En+D_TBH_INT_En
   695                      <       		STA		P_INT_Ctrl1
   696                      <       		
   697                      <       ;		LDA	#FFH
   698                      <       ;		STA	P_INT_Clear0	
   699                      <       ;		STA	P_INT_Clear1
   700                      <       
   701                      <       ;		LDA	#D_TM0O_INT_En
   702                      <       ;		LDA		#00
   703                      <       ;		STA P_INT_Ctrl0
   704                      <       		
   705                      <       ;		LDA	#(D_TM0En+D_TM0FoscDiv4)
   706                      <       ;		STA	P_TIMER_Timer0_Ctrl
   707                      <       ;		LDA	#250					;timer0 as buzzer output freq.
   708                      <       ;		STA	P_TIMER_TM0Data_LB
   709                      <       ;		LDA	#(D_TBL2Hz+D_TBH128Hz)	;
   710                      <       ;		STA	P_TIMER_TimeBase_Sel
   711                      <       		
   712                      <       ;		LDA	#(D_TBL_INT_En+D_TBH_INT_En)
   713                      <       ;		STA	P_INT_Ctrl1	
   714                      <       .ENDM
   715                      <       
   716                      <       %EnRedrawFlag:		.macro
   717                      <       	
   718                      <       ;		%bits	R_TimeStatus,AddOthers
   719                      <       		%bits	R_DispUpdate,D_NumberUpdate
   720                      <       					.endm
   721                      <       
   722                      <       %R_TempPlus:		.macro	i,l
   723                      <       			lda		i
   724                      <       			sta		l
   725                      <       			lda		i+1
   726                      <       			sta		l+1
   727                      <       			lda		i+2
   728                      <       			sta		l+2
   729                      <       			.endm
   730                      <       %R_TempRestor:		.macro	i,l
   731                      <       			lda		l
   732                      <       			sta		i
   733                      <       			lda		l+1
   734                      <       			sta		i+1
   735                      <       			lda		l+2
   736                      <       			sta		i+2
   737                      <       			.endm
   738                      <       
   739                      <       %ClearAllNumber:	.MACRO
   740                      <       			LDX		#T_D1
   741                      <       			JSR		F_NoDisplayBit
   742                      <       			LDX		#T_D2
   743                      <       			JSR		F_NoDisplayBit
   744                      <       			LDX		#T_D3
   745                      <       			JSR		F_NoDisplayBit
   746                      <       			LDX		#T_D4
   747                      <       			JSR		F_NoDisplayBit
   748                      <       			LDX		#T_D5
   749                      <       			JSR		F_NoDisplayBit
   750                      <       			LDX		#T_D6
   751                      <       			JSR		F_NoDisplayBit
   752                      <       
   753                      <       	.ENDM
   754                      <       		
   755                      <       %M_Power_GreenMode:	.MACRO
   756                      <       
   757                      <       	LDA		#D_IO_GreenEn
   758                      <       	STA		P_IO_Green_Ctrl
   759                      <       	LDA		#D_GreenEn
   760                      <       	STA		P_SYSTEM_Green_Ctrl
   761                      <       
   762                      <       			
   763                      <       			
   764                      <       .ENDM
   765                      <       ;/***********************************************/
   766                              .INCLUDE	include\Key.inc
   767                      <       
   768                      <       ;=====================================================
   769                      <       ;			RAM Define
   770                      <       ;=====================================================
   771                      <       
   772                      <       .extern	        R_KeyValue 
   773                      <       .extern	        R_DebounceCnt
   774                      <       .extern			R_LongKeyTime
   775                      <       
   776                      <       .extern			R_LCDOffTime
   777                      <       C_LCDOff		equ		60
   778                      <       
   779                      <       .extern			R_KeyFlag
   780                      <       D_KeyFastAdd		equ		0x01
   781                      <       D_LongKey			equ		0x02
   782                      <       D_KeyRelDis			equ		0x04
   783                      <       D_KeyToneEn			equ		0x08
   784                      <       D_Alarming			equ		0x10
   785                      <       D_LCDOFF			equ		0x20
   786                      <       D_LVD_ON			equ		0x40
   787                      <       	
   788                      <       .EXTERN		R_OtherFlag		
   789                      <       D_BLight	equ	D_Bit0		;背光标志
   790                      <       D_CF		equ	D_Bit1		;CF切换
   791                      <       D_MaxValue	equ	D_Bit2		;最大值
   792                      <       D_MinValue	equ	D_Bit3		;最小值
   793                      <       D_BLinhtOn	equ	D_Bit4		;背光功能开启
   794                      <       D_NegFlag	equ	D_Bit5		;负号标志	
   795                      <       
   796                      <       .EXTERN		R_SpecFlag
   797                      <       D_OverMax	equ	D_Bit0
   798                      <       D_OverMin	equ	D_Bit1
   799                      <       		
   800                      <       .EXTERN		R_HumLevel	
   801                      <       D_Dry		equ	0x01	;dry
   802                      <       D_Mid1		equ	0x02	;Middle1
   803                      <       D_Comf		equ	0x04	;comfort
   804                      <       D_Mid2		equ	0x08	;middle2
   805                      <       D_Wet		equ	0x10	;wet
   806                      <       D_NoArrow	equ	0x20
   807                      <       ;==========================================================
   808                      <       ;			Module Define
   809                      <       ;==========================================================
   810                      <       
   811                      <       .EXTERN	    F_KeyScan
   812                      <       .EXTERN		F_PlayKeyTone
   813                      <       .EXTERN		F_CheckAlarmTone
   814                      <       .EXTERN		F_2HzAutoBack
   815                      <       
   816                      <       .EXTERN		F_Delay
   817                      <       .EXTERN		F_ReadI2CData
   818                      <       .EXTERN		F_WriteCounterData
   819                      <       
   820                      <       .EXTERN		F_OpenData
   821                      <       
   822                      <       .EXTERN		F_LoadLCDOnTime
   823                      <       
   824                      <       .EXTERN	R_NormTemp		;默认温度值
   825                      <       .EXTERN	R_NormTempF		;默认温度值
   826                      <       .EXTERN	R_NormHum		;默认湿度值	
   827                      <       ;====================================================
   828                      <       .EXTERN		R_TimeStatus	
   829                      <       AddOthers		equ		0x01
   830                      <       .EXTERN		Light_JudgeOff
   831                              ;.INCLUDE	include\rtc.inc
   832                              ;.INCLUDE	include\user.inc
   833                              .INCLUDE		RFC\RFC_user.inc
   834                      <       .external		F_Start_RFC
   835                      <       .external		F_Stop_RFC
   836                      <       .external		F_RFC_Initial
   837                      <       .external		F_RFC_porccess
   838                      <       .external		R_RFC_Control
   839                      <       	D_Cal_ready:		.EQU	01H
   840                      <       	D_Cal_ing:		.EQU	02H
   841                      <       	D_RFC_Enable:	.EQU		00001000B
   842                      <       .external		F_Calculate_Temp_Hum_Proc
   843                      <       .EXTERN		RB_TempDataBCD			
   844                      <       .EXTERN		RB_HumDataBCD	
   845                      <       .EXTERN		TempDataHex
   846                      <       .EXTERN 	HumDataHex
   847                      <       .extern		R_RFC_States
   848                      <       
   849                              ;==========================================
   850                              ; External declare area
   851                              ;==========================================
   852                              .EXTERNAL V_RESET
   853                              
   854                              
   855                              ;==========================================
   856                              ; Public declare area
   857                              ;==========================================
   858                              
   859                              
   860                              
   861                              ;==========================================
   862                              ;Variable RAM declare area
   863                              ;==========================================
   864 00000082                     .PAGE0
   865                              
   866 00000082 FF                  RB_128HZTO2HZ_temp:		.ds		1
   867                              ;==========================================
   868                              ; code starting 
   869                              ;==========================================
   870 0000E169                     .CODE
   871                              
   872                              
   873                              ;==========================================
   874                              ; IRQ INTERRUPT SERVICE ROUTINE
   875                              ;==========================================
   876 0000E169                     V_IRQ: 
   877                              	%M_PushAll
   878 0000E169 08                1 		PHP
   879 0000E16A 48                1 		PHA
   880 0000E16B 8A                1 		TXA
   881 0000E16C 48                1 		PHA
   882 0000E16D 98                1 		TYA
   883 0000E16E 48                1 		PHA
   884                                	.if	(GPL812P01Bx_Mode=EV_Simualtion)
   885                              		LDA		P_INT_Clear1
   886                              		AND		#D_TBH_INT_En
   887                              		BEQ		L_ExitEVBINT
   888                              		
   889                              		LDA		P_INT_Ctrl1
   890                              		AND		#D_TBH_INT_En
   891                              		BEQ		L_ExitEVBINT
   892                              		
   893                              		
   894                              		LDA		#D_TBH_INT_En
   895                              		STA		P_INT_Clear1
   896                              		
   897                              		INC		R_128Hz_Count
   898                              		
   899                              		LDA		R_DebounceCnt
   900                              		BEQ		?Check_temp
   901                              		DEC		R_DebounceCnt		;按键消抖
   902                              	?Check_temp:		
   903                              		
   904                              		INC		RB_128HZTO2HZ_temp
   905                              		
   906                              		LDA		RB_128HZTO2HZ_temp
   907                              		CMP		#08H
   908                              		BCC		L_ExitEVBINT
   909                              		
   910                              		LDA		#00H
   911                              		STA		RB_128HZTO2HZ_temp
   912                              		
   913                              	
   914                              		JSR		F_RFC_porccess
   915                              		
   916                              		
   917                              		
   918                              		
   919                              	L_ExitEVBINT:
   920                              	.ELSE
   921 0000E16F A5 16               		LDA		P_INT_Clear1
   922 0000E171 29 20               		AND		#D_TBH_INT_En
   923 0000E173 F0 21               		BEQ		L_ExitotpINT
   924                              		
   925 0000E175 A5 15               		LDA		P_INT_Ctrl1
   926 0000E177 29 20               		AND		#D_TBH_INT_En
   927 0000E179 F0 1B               		BEQ		L_ExitotpINT		
   928                              		
   929 0000E17B A9 20               		LDA		#D_TBH_INT_En
   930 0000E17D 85 16               		STA		P_INT_Clear1
   931                              		
   932 0000E17F AD AB 00            		LDA		R_DebounceCnt
   933 0000E182 F0 03               		BEQ		?Check_temp
   934 0000E184 CE AB 00            		DEC		R_DebounceCnt		;按键消抖
   935 0000E187                     	?Check_temp:		
   936                              		
   937 0000E187 E6 82               		INC		RB_128HZTO2HZ_temp
   938                              		
   939 0000E189 A5 82               		LDA		RB_128HZTO2HZ_temp
   940 0000E18B C9 08               		CMP		#08H
   941 0000E18D 90 07               		BCC		L_ExitotpINT
   942                              		
   943 0000E18F A9 00               		LDA		#00H
   944 0000E191 85 82               		STA		RB_128HZTO2HZ_temp
   945                              		
   946                              	
   947 0000E193 20 FA E9            		JSR		F_RFC_porccess
   948                              
   949                              		
   950 0000E196                     	L_ExitotpINT:
   951                              	
   952                              	.endif  
   953                              	
   954 0000E196 A5 16               		LDA		P_INT_Clear1
   955 0000E198 29 10               		AND		#D_TBL_INT_En
   956 0000E19A F0 0D               		BEQ		L_ExitINT
   957                              		
   958 0000E19C A5 15               		LDA		P_INT_Ctrl1
   959 0000E19E 29 10               		AND		#D_TBL_INT_En
   960 0000E1A0 F0 07               		BEQ		L_ExitINT
   961                              		
   962                              		
   963 0000E1A2 A9 10               		LDA		#D_TBL_INT_En
   964 0000E1A4 85 16               		STA		P_INT_Clear1
   965                              
   966                              		
   967 0000E1A6 EE 80 00            		INC		R_2Hz
   968                              
   969 0000E1A9                     	L_ExitINT:	
   970                              ;---------------------------------------------------------------		
   971                              ;?L_CheckKeyToneTime:	;增加按键音时长检测
   972                              		
   973                              ;	?Check_TBL:					;2Hz INT
   974                              ;		LDA	P_INT_Clear1
   975                              ;		AND	#D_TBL_Clr
   976                              ;		BEQ	?Exit_Int
   977                              ;		STA	P_INT_Clear1		;clear int flag
   978                              ;		INC	R_2Hz
   979                              
   980                              ;	?Exit_Int:	
   981                              		%M_PopAll  
   982 0000E1A9 68                1 		PLA
   983 0000E1AA A8                1 		TAY
   984 0000E1AB 68                1 		PLA
   985 0000E1AC AA                1 		TAX
   986 0000E1AD 68                1 		PLA
   987 0000E1AE 28                1 		PLP
   988 0000E1AF 40                  		RTI
   989                                  
   990                              ;==========================================
   991                              ; NMI INTERRUPT SERVICE ROUTINE
   992                              ;==========================================
   993 0000E1B0                     V_NMI:
   994                                  
   995                                  
   996 0000E1B0 40                  RTI
   997                              
   998                              ;==========================================
   999                              ; Vector declare
  1000                              ;==========================================
  1001 0000FFFA                     VECTOR: .SECTION     
  1002 0000FFFA B0 E1                   DW  V_NMI               ; Non-mask interrupt vector
  1003 0000FFFC 00 E0                   DW  V_RESET             ; Reset vector
  1004 0000FFFE 69 E1                   DW  V_IRQ               ; interrupt vector
  1005                                      .ENDS
  1006                              
  1007                              .END
0 Error(s), 0 Warning(s).

