0x00000001;GPL812P01Bx@GPL812P01B.inc
0x00000001;GPL812PX_Body_inc@GPL812P01B.inc
0x00000001;GPL812PX@GPL812P01B.inc
0x0000003F;P_SRAM_Ctrl@GPL812P01B.inc
0x00000011;P_IO_Green_Ctrl@GPL812P01B.inc
0x00000020;D_IO_GreenEn@GPL812P01B.inc
0x00000000;D_IO_GreenDis@GPL812P01B.inc
0x0000000B;P_IO_PortA_Dir@GPL812P01B.inc
0x00000003;P_IO_PortA_Attrib@GPL812P01B.inc
0x00000007;P_IO_PortA_Data@GPL812P01B.inc
0x0000000C;P_IO_PortA_Buffer@GPL812P01B.inc
0x0000004A;P_IOA_LCDPORT_Ctrl@GPL812P01B.inc
0x00000048;P_IOA_SEGCOM_Ctrl@GPL812P01B.inc
0x00000040;D_PortA6_COM6@GPL812P01B.inc
0x00000080;D_PortA7_COM7@GPL812P01B.inc
0x00000000;P_IO_PortB_Dir@GPL812P01B.inc
0x00000004;P_IO_PortB_Attrib@GPL812P01B.inc
0x00000008;P_IO_PortB_Data@GPL812P01B.inc
0x0000000D;P_IO_PortB_Buffer@GPL812P01B.inc
0x0000002D;P_IO_PortB_Strobe_En@GPL812P01B.inc
0x0000004B;P_IOB_LCDPORT_Ctrl@GPL812P01B.inc
0x00000049;P_IOB_SEGCOM_Ctrl@GPL812P01B.inc
0x00000001;D_PortB0_COM0@GPL812P01B.inc
0x00000002;D_PortB1_COM1@GPL812P01B.inc
0x00000004;D_PortB2_COM2@GPL812P01B.inc
0x00000008;D_PortB3_COM3@GPL812P01B.inc
0x00000001;P_IO_PortC_Dir@GPL812P01B.inc
0x00000005;P_IO_PortC_Attrib@GPL812P01B.inc
0x00000009;P_IO_PortC_Data@GPL812P01B.inc
0x0000000E;P_IO_PortC_Buffer@GPL812P01B.inc
0x0000002E;P_IO_PortC_Strobe_En@GPL812P01B.inc
0x0000004C;P_IOC_LCDPORT_Ctrl@GPL812P01B.inc
0x00000034;P_IOC_SEGCOM_Ctrl@GPL812P01B.inc
0x00000001;D_PortC0_COM5@GPL812P01B.inc
0x00000002;D_PortC1_COM4@GPL812P01B.inc
0x00000010;D_PortC4_COM3@GPL812P01B.inc
0x00000020;D_PortC5_COM2@GPL812P01B.inc
0x00000040;D_PortC6_COM1@GPL812P01B.inc
0x00000080;D_PortC7_COM0@GPL812P01B.inc
0x00000002;P_IO_PortD_Dir@GPL812P01B.inc
0x00000006;P_IO_PortD_Attrib@GPL812P01B.inc
0x0000000A;P_IO_PortD_Data@GPL812P01B.inc
0x0000000F;P_IO_PortD_Buffer@GPL812P01B.inc
0x0000002F;P_IO_PortD_Strobe_En@GPL812P01B.inc
0x00000035;P_IOD_LCDPORT_Ctrl@GPL812P01B.inc
0x00000004;D_PortD2_SEG1@GPL812P01B.inc
0x00000008;D_PortD3_SEG0@GPL812P01B.inc
0x00000012;P_SYSTEM_Ctrl@GPL812P01B.inc
0x000000AA;D_SYS_Sleep@GPL812P01B.inc
0x00000017;P_SYSTEM_Green_Ctrl@GPL812P01B.inc
0x00000000;D_GreenDis@GPL812P01B.inc
0x00000040;D_GreenEn@GPL812P01B.inc
0x00000020;P_WDT_Flag_Clear@GPL812P01B.inc
0x000000AA;D_WDT_Clear@GPL812P01B.inc
0x00000013;P_INT_Ctrl0@GPL812P01B.inc
0x00000000;D_INT_Ctrl0_Dis@GPL812P01B.inc
0x00000001;D_CPUDiv2MHz_INT_En@GPL812P01B.inc
0x00000002;D_CPUDiv32KHz_INT_En@GPL812P01B.inc
0x00000004;D_CPUDiv4KHz_INT_En@GPL812P01B.inc
0x00000008;D_CPUDiv1KHz_INT_En@GPL812P01B.inc
0x00000010;D_TM1O_INT_En@GPL812P01B.inc
0x00000040;D_TM0O_INT_En@GPL812P01B.inc
0x00000014;P_INT_Clear0@GPL812P01B.inc
0x00000001;D_2MHz_Clr@GPL812P01B.inc
0x00000002;D_32KHz_Clr@GPL812P01B.inc
0x00000004;D_4KHz_Clr@GPL812P01B.inc
0x00000008;D_1KHz_Clr@GPL812P01B.inc
0x00000010;D_TM1O_Clr@GPL812P01B.inc
0x00000040;D_TM0O_Clr@GPL812P01B.inc
0x00000015;P_INT_Ctrl1@GPL812P01B.inc
0x00000000;D_INT_Ctrl1_Dis@GPL812P01B.inc
0x00000010;D_TBL_INT_En@GPL812P01B.inc
0x00000020;D_TBH_INT_En@GPL812P01B.inc
0x00000016;P_INT_Clear1@GPL812P01B.inc
0x00000010;D_TBL_Clr@GPL812P01B.inc
0x00000020;D_TBH_Clr@GPL812P01B.inc
0x00000018;P_INT_Ctrl2@GPL812P01B.inc
0x00000000;D_INT_Ctrl2_Dis@GPL812P01B.inc
0x00000001;D_EXT_INT0@GPL812P01B.inc
0x00000002;D_EXT_INT1@GPL812P01B.inc
0x00000019;P_INT_Clear2@GPL812P01B.inc
0x00000001;D_PB0_Clr@GPL812P01B.inc
0x00000002;D_PB1_Clr@GPL812P01B.inc
0x0000001E;P_RFC_Ctrl@GPL812P01B.inc
0x00000001;D_RFC0_PC4@GPL812P01B.inc
0x00000002;D_RFC1_PC5@GPL812P01B.inc
0x00000004;D_RFC2_PC6@GPL812P01B.inc
0x00000008;D_RFCEN@GPL812P01B.inc
0x00000000;D_RFCDis@GPL812P01B.inc
0x00000021;P_TIMER_Timer0_Ctrl@GPL812P01B.inc
0x00000000;D_TM0Fosc@GPL812P01B.inc
0x00000010;D_TM0FoscDiv2@GPL812P01B.inc
0x00000020;D_TM0FoscDiv4@GPL812P01B.inc
0x00000030;D_TM0FoscDiv16@GPL812P01B.inc
0x00000080;D_TM0En@GPL812P01B.inc
0x00000000;D_TM0Dis@GPL812P01B.inc
0x00000022;P_TIMER_Timer1_Ctrl@GPL812P01B.inc
0x00000000;D_TM1Fosc@GPL812P01B.inc
0x00000010;D_TM1FoscDiv4@GPL812P01B.inc
0x00000020;D_TM1FoscDiv64@GPL812P01B.inc
0x00000030;C_TM1CLK_TM0OF@GPL812P01B.inc
0x00000040;D_TM1PortC7TM1Clk@GPL812P01B.inc
0x00000080;D_TM1En@GPL812P01B.inc
0x00000000;D_TM1Dis@GPL812P01B.inc
0x00000023;P_TIMER_TM0Data_LB@GPL812P01B.inc
0x00000025;P_TIMER_TM1Data_LB@GPL812P01B.inc
0x00000026;P_TIMER_TM1Data_HB@GPL812P01B.inc
0x0000002A;P_CLK_32768_En@GPL812P01B.inc
0x00000080;D_32768En@GPL812P01B.inc
0x00000000;D_32768Dis@GPL812P01B.inc
0x0000002B;P_TIMER_TimeBase_Sel@GPL812P01B.inc
0x00000000;D_32kStr_T2sec@GPL812P01B.inc
0x00000010;D_32kStr_T4sec@GPL812P01B.inc
0x00000000;D_TBL2Hz@GPL812P01B.inc
0x00000008;D_TBL4Hz@GPL812P01B.inc
0x00000004;D_TBL8Hz@GPL812P01B.inc
0x0000000C;D_TBL16Hz@GPL812P01B.inc
0x00000000;D_TBH128Hz@GPL812P01B.inc
0x00000002;D_TBH256Hz@GPL812P01B.inc
0x00000001;D_TBH512Hz@GPL812P01B.inc
0x00000003;D_TBH1KHz@GPL812P01B.inc
0x0000002C;P_IO_Strobe_En@GPL812P01B.inc
0x00000000;D_StrobeDis@GPL812P01B.inc
0x00000001;D_StrobeEn@GPL812P01B.inc
0x00000030;P_WAKEUP_Ctrl@GPL812P01B.inc
0x00000000;D_KeyDis@GPL812P01B.inc
0x00000001;D_KeyEn@GPL812P01B.inc
0x00000002;D_TBLEn@GPL812P01B.inc
0x00000000;D_TBLDis@GPL812P01B.inc
0x00000008;D_TBHEn@GPL812P01B.inc
0x00000000;D_TBHDis@GPL812P01B.inc
0x00000031;P_WAKEUP_Flag@GPL812P01B.inc
0x00000001;D_KEYWFC_En@GPL812P01B.inc
0x00000000;D_KEYWFC_Dis@GPL812P01B.inc
0x00000002;D_TBLWFC_En@GPL812P01B.inc
0x00000000;D_TBLWFC_Dis@GPL812P01B.inc
0x00000008;D_TBHWFC_En@GPL812P01B.inc
0x00000000;D_TBHWFC_Dis@GPL812P01B.inc
0x00000037;P_IO_PortB_WakeUpEN@GPL812P01B.inc
0x00000038;P_IO_PortC_WakeUpEN@GPL812P01B.inc
0x00000039;P_IO_PortD_WakeUpEN@GPL812P01B.inc
0x00000032;P_LCD_Ctrl@GPL812P01B.inc
0x00000090;D_LCDGreenMode_Dis@GPL812P01B.inc
0x00000080;D_LCDGreenMode_En@GPL812P01B.inc
0x00000000;D_LCDMode_Normal@GPL812P01B.inc
0x00000001;D_LCDMode_AllOn@GPL812P01B.inc
0x00000002;D_LCDMode_AllOff@GPL812P01B.inc
0x00000003;D_LCDMode_DisplayOff@GPL812P01B.inc
0x00000000;D_LCDSetting_3Bias_4Duty@GPL812P01B.inc
0x00000004;D_LCDSetting_3Bias_5Duty@GPL812P01B.inc
0x00000008;D_LCDSetting_3Bias_6Duty@GPL812P01B.inc
0x0000000C;D_LCDSetting_4Bias_8Duty@GPL812P01B.inc
0x00000000;D_LCD_VLCD2_5V@GPL812P01B.inc
0x00000020;D_LCD_VLCD2_4V@GPL812P01B.inc
0x00000040;D_LCD_VLCD2_8V@GPL812P01B.inc
0x00000060;D_LCD_VLCDVDD@GPL812P01B.inc
0x00000033;P_LVD_Ctrl@GPL812P01B.inc
0x00000040;D_LVDS_2_7V@GPL812P01B.inc
0x00000000;D_LVDS_2_1V@GPL812P01B.inc
0x00000020;D_LVDS_2_4V@GPL812P01B.inc
0x00000080;D_LVD_En@GPL812P01B.inc
0x00000000;D_LVD_Dis@GPL812P01B.inc
0x00000011;P_PWM_IO_Ctrl@GPL812P01B.inc
0x00000000;D_TX_En@GPL812P01B.inc
0x00000020;D_IO_En@GPL812P01B.inc
0x00000000;D_Driving_50mA@GPL812P01B.inc
0x00000008;D_Driving_100mA@GPL812P01B.inc
0x00000010;D_Driving_200mA@GPL812P01B.inc
0x00000018;D_Driving_400mA@GPL812P01B.inc
0x00000017;P_PWM_EN@GPL812P01B.inc
0x00000000;D_PWMEn@GPL812P01B.inc
0x00000040;D_PWMDis@GPL812P01B.inc
0x0000E000;D_Bank0UserRomStartAddr@GPL812P01B.inc
0x0000FFF6;D_Bank0UserRomEndAddr@GPL812P01B.inc
0x0000FFFA;D_NMIandResetVectorStartAddr@GPL812P01B.inc
0x0000FFFF;D_NMIandResetVectorEndAddr@GPL812P01B.inc
0x00000000;EV_Simualtion@GPL812P01B.inc
0x00000001;OTP_BurnIn@GPL812P01B.inc
0x00000001;GPL812P01Bx_Mode@GPL812P01B.inc
0x00000001;_GPL812P01B_LCM_Driver_inc_@GPL812P01B_LCM_Driver.inc
0x00000001;_LCD_Setting_inc_@GPL812P01B_LCD.inc
0x00000003;D_DebounceTime@Macro.inc
0x000000FF;D_LongKeyTime@Macro.inc
0x00000014;D_TenSecond@Macro.inc
0x00000078;D_OneMinute@Macro.inc
0x00000080;C_SramAddrStart@Macro.inc
0x000000FF;C_SramAddrEnd@Macro.inc
0x00000050;C_DPRAMAddrStart@Macro.inc
0x0000005F;C_DPRAMAddrEnd@Macro.inc
0x00000004;D_SetHour@Macro.inc
0x00000005;D_SetMinute@Macro.inc
0x0000003C;D_30SecLightOn@Macro.inc
0x00000015;C_10Sec@Macro.inc
0x00000001;D_Bit0@Macro.inc
0x00000002;D_Bit1@Macro.inc
0x00000004;D_Bit2@Macro.inc
0x00000008;D_Bit3@Macro.inc
0x00000010;D_Bit4@Macro.inc
0x00000020;D_Bit5@Macro.inc
0x00000040;D_Bit6@Macro.inc
0x00000080;D_Bit7@Macro.inc
0x0000003C;C_LCDOff@Key.inc
0x00000001;D_KeyFastAdd@Key.inc
0x00000002;D_LongKey@Key.inc
0x00000004;D_KeyRelDis@Key.inc
0x00000008;D_KeyToneEn@Key.inc
0x00000010;D_Alarming@Key.inc
0x00000020;D_LCDOFF@Key.inc
0x00000040;D_LVD_ON@Key.inc
0x00000001;D_BLight@Key.inc
0x00000002;D_CF@Key.inc
0x00000004;D_MaxValue@Key.inc
0x00000008;D_MinValue@Key.inc
0x00000010;D_BLinhtOn@Key.inc
0x00000020;D_NegFlag@Key.inc
0x00000001;D_OverMax@Key.inc
0x00000002;D_OverMin@Key.inc
0x00000001;D_Dry@Key.inc
0x00000002;D_Mid1@Key.inc
0x00000004;D_Comf@Key.inc
0x00000008;D_Mid2@Key.inc
0x00000010;D_Wet@Key.inc
0x00000020;D_NoArrow@Key.inc
0x00000001;AddOthers@Key.inc
0x00000001;D_Cal_ready@RFC_user.inc
0x00000002;D_Cal_ing@RFC_user.inc
0x00000008;D_RFC_Enable@RFC_user.inc
0x0000003C;C_RFC_Interval@Startup.asm
0x00000081;RB_RFC_Interval@Startup.asm
0x00000001;D_InWithCAP@Startup.asm
0x0000E01E;Power_On_Reset@Startup.asm
0x0000E0AD;Loop@Startup.asm
0x0000E0E1;L_2Hz_WakeUp@Startup.asm
0x0000E10A;Key_WakeUp@Startup.asm
0x0000E10C;Main_Loop@Startup.asm
0x0000E139;Check_Sleep@Startup.asm
0x0000E13A;SleepHlat@Startup.asm
0x0000E152;F_JudegOption@Startup.asm
0x00000001;GPL812P01Bx@GPL812P01B.inc
0x00000001;GPL812PX_Body_inc@GPL812P01B.inc
0x00000001;GPL812PX@GPL812P01B.inc
0x0000003F;P_SRAM_Ctrl@GPL812P01B.inc
0x00000011;P_IO_Green_Ctrl@GPL812P01B.inc
0x00000020;D_IO_GreenEn@GPL812P01B.inc
0x00000000;D_IO_GreenDis@GPL812P01B.inc
0x0000000B;P_IO_PortA_Dir@GPL812P01B.inc
0x00000003;P_IO_PortA_Attrib@GPL812P01B.inc
0x00000007;P_IO_PortA_Data@GPL812P01B.inc
0x0000000C;P_IO_PortA_Buffer@GPL812P01B.inc
0x0000004A;P_IOA_LCDPORT_Ctrl@GPL812P01B.inc
0x00000048;P_IOA_SEGCOM_Ctrl@GPL812P01B.inc
0x00000040;D_PortA6_COM6@GPL812P01B.inc
0x00000080;D_PortA7_COM7@GPL812P01B.inc
0x00000000;P_IO_PortB_Dir@GPL812P01B.inc
0x00000004;P_IO_PortB_Attrib@GPL812P01B.inc
0x00000008;P_IO_PortB_Data@GPL812P01B.inc
0x0000000D;P_IO_PortB_Buffer@GPL812P01B.inc
0x0000002D;P_IO_PortB_Strobe_En@GPL812P01B.inc
0x0000004B;P_IOB_LCDPORT_Ctrl@GPL812P01B.inc
0x00000049;P_IOB_SEGCOM_Ctrl@GPL812P01B.inc
0x00000001;D_PortB0_COM0@GPL812P01B.inc
0x00000002;D_PortB1_COM1@GPL812P01B.inc
0x00000004;D_PortB2_COM2@GPL812P01B.inc
0x00000008;D_PortB3_COM3@GPL812P01B.inc
0x00000001;P_IO_PortC_Dir@GPL812P01B.inc
0x00000005;P_IO_PortC_Attrib@GPL812P01B.inc
0x00000009;P_IO_PortC_Data@GPL812P01B.inc
0x0000000E;P_IO_PortC_Buffer@GPL812P01B.inc
0x0000002E;P_IO_PortC_Strobe_En@GPL812P01B.inc
0x0000004C;P_IOC_LCDPORT_Ctrl@GPL812P01B.inc
0x00000034;P_IOC_SEGCOM_Ctrl@GPL812P01B.inc
0x00000001;D_PortC0_COM5@GPL812P01B.inc
0x00000002;D_PortC1_COM4@GPL812P01B.inc
0x00000010;D_PortC4_COM3@GPL812P01B.inc
0x00000020;D_PortC5_COM2@GPL812P01B.inc
0x00000040;D_PortC6_COM1@GPL812P01B.inc
0x00000080;D_PortC7_COM0@GPL812P01B.inc
0x00000002;P_IO_PortD_Dir@GPL812P01B.inc
0x00000006;P_IO_PortD_Attrib@GPL812P01B.inc
0x0000000A;P_IO_PortD_Data@GPL812P01B.inc
0x0000000F;P_IO_PortD_Buffer@GPL812P01B.inc
0x0000002F;P_IO_PortD_Strobe_En@GPL812P01B.inc
0x00000035;P_IOD_LCDPORT_Ctrl@GPL812P01B.inc
0x00000004;D_PortD2_SEG1@GPL812P01B.inc
0x00000008;D_PortD3_SEG0@GPL812P01B.inc
0x00000012;P_SYSTEM_Ctrl@GPL812P01B.inc
0x000000AA;D_SYS_Sleep@GPL812P01B.inc
0x00000017;P_SYSTEM_Green_Ctrl@GPL812P01B.inc
0x00000000;D_GreenDis@GPL812P01B.inc
0x00000040;D_GreenEn@GPL812P01B.inc
0x00000020;P_WDT_Flag_Clear@GPL812P01B.inc
0x000000AA;D_WDT_Clear@GPL812P01B.inc
0x00000013;P_INT_Ctrl0@GPL812P01B.inc
0x00000000;D_INT_Ctrl0_Dis@GPL812P01B.inc
0x00000001;D_CPUDiv2MHz_INT_En@GPL812P01B.inc
0x00000002;D_CPUDiv32KHz_INT_En@GPL812P01B.inc
0x00000004;D_CPUDiv4KHz_INT_En@GPL812P01B.inc
0x00000008;D_CPUDiv1KHz_INT_En@GPL812P01B.inc
0x00000010;D_TM1O_INT_En@GPL812P01B.inc
0x00000040;D_TM0O_INT_En@GPL812P01B.inc
0x00000014;P_INT_Clear0@GPL812P01B.inc
0x00000001;D_2MHz_Clr@GPL812P01B.inc
0x00000002;D_32KHz_Clr@GPL812P01B.inc
0x00000004;D_4KHz_Clr@GPL812P01B.inc
0x00000008;D_1KHz_Clr@GPL812P01B.inc
0x00000010;D_TM1O_Clr@GPL812P01B.inc
0x00000040;D_TM0O_Clr@GPL812P01B.inc
0x00000015;P_INT_Ctrl1@GPL812P01B.inc
0x00000000;D_INT_Ctrl1_Dis@GPL812P01B.inc
0x00000010;D_TBL_INT_En@GPL812P01B.inc
0x00000020;D_TBH_INT_En@GPL812P01B.inc
0x00000016;P_INT_Clear1@GPL812P01B.inc
0x00000010;D_TBL_Clr@GPL812P01B.inc
0x00000020;D_TBH_Clr@GPL812P01B.inc
0x00000018;P_INT_Ctrl2@GPL812P01B.inc
0x00000000;D_INT_Ctrl2_Dis@GPL812P01B.inc
0x00000001;D_EXT_INT0@GPL812P01B.inc
0x00000002;D_EXT_INT1@GPL812P01B.inc
0x00000019;P_INT_Clear2@GPL812P01B.inc
0x00000001;D_PB0_Clr@GPL812P01B.inc
0x00000002;D_PB1_Clr@GPL812P01B.inc
0x0000001E;P_RFC_Ctrl@GPL812P01B.inc
0x00000001;D_RFC0_PC4@GPL812P01B.inc
0x00000002;D_RFC1_PC5@GPL812P01B.inc
0x00000004;D_RFC2_PC6@GPL812P01B.inc
0x00000008;D_RFCEN@GPL812P01B.inc
0x00000000;D_RFCDis@GPL812P01B.inc
0x00000021;P_TIMER_Timer0_Ctrl@GPL812P01B.inc
0x00000000;D_TM0Fosc@GPL812P01B.inc
0x00000010;D_TM0FoscDiv2@GPL812P01B.inc
0x00000020;D_TM0FoscDiv4@GPL812P01B.inc
0x00000030;D_TM0FoscDiv16@GPL812P01B.inc
0x00000080;D_TM0En@GPL812P01B.inc
0x00000000;D_TM0Dis@GPL812P01B.inc
0x00000022;P_TIMER_Timer1_Ctrl@GPL812P01B.inc
0x00000000;D_TM1Fosc@GPL812P01B.inc
0x00000010;D_TM1FoscDiv4@GPL812P01B.inc
0x00000020;D_TM1FoscDiv64@GPL812P01B.inc
0x00000030;C_TM1CLK_TM0OF@GPL812P01B.inc
0x00000040;D_TM1PortC7TM1Clk@GPL812P01B.inc
0x00000080;D_TM1En@GPL812P01B.inc
0x00000000;D_TM1Dis@GPL812P01B.inc
0x00000023;P_TIMER_TM0Data_LB@GPL812P01B.inc
0x00000025;P_TIMER_TM1Data_LB@GPL812P01B.inc
0x00000026;P_TIMER_TM1Data_HB@GPL812P01B.inc
0x0000002A;P_CLK_32768_En@GPL812P01B.inc
0x00000080;D_32768En@GPL812P01B.inc
0x00000000;D_32768Dis@GPL812P01B.inc
0x0000002B;P_TIMER_TimeBase_Sel@GPL812P01B.inc
0x00000000;D_32kStr_T2sec@GPL812P01B.inc
0x00000010;D_32kStr_T4sec@GPL812P01B.inc
0x00000000;D_TBL2Hz@GPL812P01B.inc
0x00000008;D_TBL4Hz@GPL812P01B.inc
0x00000004;D_TBL8Hz@GPL812P01B.inc
0x0000000C;D_TBL16Hz@GPL812P01B.inc
0x00000000;D_TBH128Hz@GPL812P01B.inc
0x00000002;D_TBH256Hz@GPL812P01B.inc
0x00000001;D_TBH512Hz@GPL812P01B.inc
0x00000003;D_TBH1KHz@GPL812P01B.inc
0x0000002C;P_IO_Strobe_En@GPL812P01B.inc
0x00000000;D_StrobeDis@GPL812P01B.inc
0x00000001;D_StrobeEn@GPL812P01B.inc
0x00000030;P_WAKEUP_Ctrl@GPL812P01B.inc
0x00000000;D_KeyDis@GPL812P01B.inc
0x00000001;D_KeyEn@GPL812P01B.inc
0x00000002;D_TBLEn@GPL812P01B.inc
0x00000000;D_TBLDis@GPL812P01B.inc
0x00000008;D_TBHEn@GPL812P01B.inc
0x00000000;D_TBHDis@GPL812P01B.inc
0x00000031;P_WAKEUP_Flag@GPL812P01B.inc
0x00000001;D_KEYWFC_En@GPL812P01B.inc
0x00000000;D_KEYWFC_Dis@GPL812P01B.inc
0x00000002;D_TBLWFC_En@GPL812P01B.inc
0x00000000;D_TBLWFC_Dis@GPL812P01B.inc
0x00000008;D_TBHWFC_En@GPL812P01B.inc
0x00000000;D_TBHWFC_Dis@GPL812P01B.inc
0x00000037;P_IO_PortB_WakeUpEN@GPL812P01B.inc
0x00000038;P_IO_PortC_WakeUpEN@GPL812P01B.inc
0x00000039;P_IO_PortD_WakeUpEN@GPL812P01B.inc
0x00000032;P_LCD_Ctrl@GPL812P01B.inc
0x00000090;D_LCDGreenMode_Dis@GPL812P01B.inc
0x00000080;D_LCDGreenMode_En@GPL812P01B.inc
0x00000000;D_LCDMode_Normal@GPL812P01B.inc
0x00000001;D_LCDMode_AllOn@GPL812P01B.inc
0x00000002;D_LCDMode_AllOff@GPL812P01B.inc
0x00000003;D_LCDMode_DisplayOff@GPL812P01B.inc
0x00000000;D_LCDSetting_3Bias_4Duty@GPL812P01B.inc
0x00000004;D_LCDSetting_3Bias_5Duty@GPL812P01B.inc
0x00000008;D_LCDSetting_3Bias_6Duty@GPL812P01B.inc
0x0000000C;D_LCDSetting_4Bias_8Duty@GPL812P01B.inc
0x00000000;D_LCD_VLCD2_5V@GPL812P01B.inc
0x00000020;D_LCD_VLCD2_4V@GPL812P01B.inc
0x00000040;D_LCD_VLCD2_8V@GPL812P01B.inc
0x00000060;D_LCD_VLCDVDD@GPL812P01B.inc
0x00000033;P_LVD_Ctrl@GPL812P01B.inc
0x00000040;D_LVDS_2_7V@GPL812P01B.inc
0x00000000;D_LVDS_2_1V@GPL812P01B.inc
0x00000020;D_LVDS_2_4V@GPL812P01B.inc
0x00000080;D_LVD_En@GPL812P01B.inc
0x00000000;D_LVD_Dis@GPL812P01B.inc
0x00000011;P_PWM_IO_Ctrl@GPL812P01B.inc
0x00000000;D_TX_En@GPL812P01B.inc
0x00000020;D_IO_En@GPL812P01B.inc
0x00000000;D_Driving_50mA@GPL812P01B.inc
0x00000008;D_Driving_100mA@GPL812P01B.inc
0x00000010;D_Driving_200mA@GPL812P01B.inc
0x00000018;D_Driving_400mA@GPL812P01B.inc
0x00000017;P_PWM_EN@GPL812P01B.inc
0x00000000;D_PWMEn@GPL812P01B.inc
0x00000040;D_PWMDis@GPL812P01B.inc
0x0000E000;D_Bank0UserRomStartAddr@GPL812P01B.inc
0x0000FFF6;D_Bank0UserRomEndAddr@GPL812P01B.inc
0x0000FFFA;D_NMIandResetVectorStartAddr@GPL812P01B.inc
0x0000FFFF;D_NMIandResetVectorEndAddr@GPL812P01B.inc
0x00000000;EV_Simualtion@GPL812P01B.inc
0x00000001;OTP_BurnIn@GPL812P01B.inc
0x00000001;GPL812P01Bx_Mode@GPL812P01B.inc
0x00000001;_GPL812P01B_LCM_Driver_inc_@GPL812P01B_LCM_Driver.inc
0x00000003;D_DebounceTime@Macro.inc
0x000000FF;D_LongKeyTime@Macro.inc
0x00000014;D_TenSecond@Macro.inc
0x00000078;D_OneMinute@Macro.inc
0x00000080;C_SramAddrStart@Macro.inc
0x000000FF;C_SramAddrEnd@Macro.inc
0x00000050;C_DPRAMAddrStart@Macro.inc
0x0000005F;C_DPRAMAddrEnd@Macro.inc
0x00000004;D_SetHour@Macro.inc
0x00000005;D_SetMinute@Macro.inc
0x0000003C;D_30SecLightOn@Macro.inc
0x00000015;C_10Sec@Macro.inc
0x00000001;D_Bit0@Macro.inc
0x00000002;D_Bit1@Macro.inc
0x00000004;D_Bit2@Macro.inc
0x00000008;D_Bit3@Macro.inc
0x00000010;D_Bit4@Macro.inc
0x00000020;D_Bit5@Macro.inc
0x00000040;D_Bit6@Macro.inc
0x00000080;D_Bit7@Macro.inc
0x0000003C;C_LCDOff@Key.inc
0x00000001;D_KeyFastAdd@Key.inc
0x00000002;D_LongKey@Key.inc
0x00000004;D_KeyRelDis@Key.inc
0x00000008;D_KeyToneEn@Key.inc
0x00000010;D_Alarming@Key.inc
0x00000020;D_LCDOFF@Key.inc
0x00000040;D_LVD_ON@Key.inc
0x00000001;D_BLight@Key.inc
0x00000002;D_CF@Key.inc
0x00000004;D_MaxValue@Key.inc
0x00000008;D_MinValue@Key.inc
0x00000010;D_BLinhtOn@Key.inc
0x00000020;D_NegFlag@Key.inc
0x00000001;D_OverMax@Key.inc
0x00000002;D_OverMin@Key.inc
0x00000001;D_Dry@Key.inc
0x00000002;D_Mid1@Key.inc
0x00000004;D_Comf@Key.inc
0x00000008;D_Mid2@Key.inc
0x00000010;D_Wet@Key.inc
0x00000020;D_NoArrow@Key.inc
0x00000001;AddOthers@Key.inc
0x00000001;D_Cal_ready@RFC_user.inc
0x00000002;D_Cal_ing@RFC_user.inc
0x00000008;D_RFC_Enable@RFC_user.inc
0x00000082;RB_128HZTO2HZ_temp@Int_Vec.asm
0x0000E169;V_IRQ@Int_Vec.asm
0x0000E196;L_ExitotpINT@Int_Vec.asm
0x0000E1A9;L_ExitINT@Int_Vec.asm
0x0000E1B0;V_NMI@Int_Vec.asm
0x00000001;GPL812P01Bx@GPL812P01B.inc
0x00000001;GPL812PX_Body_inc@GPL812P01B.inc
0x00000001;GPL812PX@GPL812P01B.inc
0x0000003F;P_SRAM_Ctrl@GPL812P01B.inc
0x00000011;P_IO_Green_Ctrl@GPL812P01B.inc
0x00000020;D_IO_GreenEn@GPL812P01B.inc
0x00000000;D_IO_GreenDis@GPL812P01B.inc
0x0000000B;P_IO_PortA_Dir@GPL812P01B.inc
0x00000003;P_IO_PortA_Attrib@GPL812P01B.inc
0x00000007;P_IO_PortA_Data@GPL812P01B.inc
0x0000000C;P_IO_PortA_Buffer@GPL812P01B.inc
0x0000004A;P_IOA_LCDPORT_Ctrl@GPL812P01B.inc
0x00000048;P_IOA_SEGCOM_Ctrl@GPL812P01B.inc
0x00000040;D_PortA6_COM6@GPL812P01B.inc
0x00000080;D_PortA7_COM7@GPL812P01B.inc
0x00000000;P_IO_PortB_Dir@GPL812P01B.inc
0x00000004;P_IO_PortB_Attrib@GPL812P01B.inc
0x00000008;P_IO_PortB_Data@GPL812P01B.inc
0x0000000D;P_IO_PortB_Buffer@GPL812P01B.inc
0x0000002D;P_IO_PortB_Strobe_En@GPL812P01B.inc
0x0000004B;P_IOB_LCDPORT_Ctrl@GPL812P01B.inc
0x00000049;P_IOB_SEGCOM_Ctrl@GPL812P01B.inc
0x00000001;D_PortB0_COM0@GPL812P01B.inc
0x00000002;D_PortB1_COM1@GPL812P01B.inc
0x00000004;D_PortB2_COM2@GPL812P01B.inc
0x00000008;D_PortB3_COM3@GPL812P01B.inc
0x00000001;P_IO_PortC_Dir@GPL812P01B.inc
0x00000005;P_IO_PortC_Attrib@GPL812P01B.inc
0x00000009;P_IO_PortC_Data@GPL812P01B.inc
0x0000000E;P_IO_PortC_Buffer@GPL812P01B.inc
0x0000002E;P_IO_PortC_Strobe_En@GPL812P01B.inc
0x0000004C;P_IOC_LCDPORT_Ctrl@GPL812P01B.inc
0x00000034;P_IOC_SEGCOM_Ctrl@GPL812P01B.inc
0x00000001;D_PortC0_COM5@GPL812P01B.inc
0x00000002;D_PortC1_COM4@GPL812P01B.inc
0x00000010;D_PortC4_COM3@GPL812P01B.inc
0x00000020;D_PortC5_COM2@GPL812P01B.inc
0x00000040;D_PortC6_COM1@GPL812P01B.inc
0x00000080;D_PortC7_COM0@GPL812P01B.inc
0x00000002;P_IO_PortD_Dir@GPL812P01B.inc
0x00000006;P_IO_PortD_Attrib@GPL812P01B.inc
0x0000000A;P_IO_PortD_Data@GPL812P01B.inc
0x0000000F;P_IO_PortD_Buffer@GPL812P01B.inc
0x0000002F;P_IO_PortD_Strobe_En@GPL812P01B.inc
0x00000035;P_IOD_LCDPORT_Ctrl@GPL812P01B.inc
0x00000004;D_PortD2_SEG1@GPL812P01B.inc
0x00000008;D_PortD3_SEG0@GPL812P01B.inc
0x00000012;P_SYSTEM_Ctrl@GPL812P01B.inc
0x000000AA;D_SYS_Sleep@GPL812P01B.inc
0x00000017;P_SYSTEM_Green_Ctrl@GPL812P01B.inc
0x00000000;D_GreenDis@GPL812P01B.inc
0x00000040;D_GreenEn@GPL812P01B.inc
0x00000020;P_WDT_Flag_Clear@GPL812P01B.inc
0x000000AA;D_WDT_Clear@GPL812P01B.inc
0x00000013;P_INT_Ctrl0@GPL812P01B.inc
0x00000000;D_INT_Ctrl0_Dis@GPL812P01B.inc
0x00000001;D_CPUDiv2MHz_INT_En@GPL812P01B.inc
0x00000002;D_CPUDiv32KHz_INT_En@GPL812P01B.inc
0x00000004;D_CPUDiv4KHz_INT_En@GPL812P01B.inc
0x00000008;D_CPUDiv1KHz_INT_En@GPL812P01B.inc
0x00000010;D_TM1O_INT_En@GPL812P01B.inc
0x00000040;D_TM0O_INT_En@GPL812P01B.inc
0x00000014;P_INT_Clear0@GPL812P01B.inc
0x00000001;D_2MHz_Clr@GPL812P01B.inc
0x00000002;D_32KHz_Clr@GPL812P01B.inc
0x00000004;D_4KHz_Clr@GPL812P01B.inc
0x00000008;D_1KHz_Clr@GPL812P01B.inc
0x00000010;D_TM1O_Clr@GPL812P01B.inc
0x00000040;D_TM0O_Clr@GPL812P01B.inc
0x00000015;P_INT_Ctrl1@GPL812P01B.inc
0x00000000;D_INT_Ctrl1_Dis@GPL812P01B.inc
0x00000010;D_TBL_INT_En@GPL812P01B.inc
0x00000020;D_TBH_INT_En@GPL812P01B.inc
0x00000016;P_INT_Clear1@GPL812P01B.inc
0x00000010;D_TBL_Clr@GPL812P01B.inc
0x00000020;D_TBH_Clr@GPL812P01B.inc
0x00000018;P_INT_Ctrl2@GPL812P01B.inc
0x00000000;D_INT_Ctrl2_Dis@GPL812P01B.inc
0x00000001;D_EXT_INT0@GPL812P01B.inc
0x00000002;D_EXT_INT1@GPL812P01B.inc
0x00000019;P_INT_Clear2@GPL812P01B.inc
0x00000001;D_PB0_Clr@GPL812P01B.inc
0x00000002;D_PB1_Clr@GPL812P01B.inc
0x0000001E;P_RFC_Ctrl@GPL812P01B.inc
0x00000001;D_RFC0_PC4@GPL812P01B.inc
0x00000002;D_RFC1_PC5@GPL812P01B.inc
0x00000004;D_RFC2_PC6@GPL812P01B.inc
0x00000008;D_RFCEN@GPL812P01B.inc
0x00000000;D_RFCDis@GPL812P01B.inc
0x00000021;P_TIMER_Timer0_Ctrl@GPL812P01B.inc
0x00000000;D_TM0Fosc@GPL812P01B.inc
0x00000010;D_TM0FoscDiv2@GPL812P01B.inc
0x00000020;D_TM0FoscDiv4@GPL812P01B.inc
0x00000030;D_TM0FoscDiv16@GPL812P01B.inc
0x00000080;D_TM0En@GPL812P01B.inc
0x00000000;D_TM0Dis@GPL812P01B.inc
0x00000022;P_TIMER_Timer1_Ctrl@GPL812P01B.inc
0x00000000;D_TM1Fosc@GPL812P01B.inc
0x00000010;D_TM1FoscDiv4@GPL812P01B.inc
0x00000020;D_TM1FoscDiv64@GPL812P01B.inc
0x00000030;C_TM1CLK_TM0OF@GPL812P01B.inc
0x00000040;D_TM1PortC7TM1Clk@GPL812P01B.inc
0x00000080;D_TM1En@GPL812P01B.inc
0x00000000;D_TM1Dis@GPL812P01B.inc
0x00000023;P_TIMER_TM0Data_LB@GPL812P01B.inc
0x00000025;P_TIMER_TM1Data_LB@GPL812P01B.inc
0x00000026;P_TIMER_TM1Data_HB@GPL812P01B.inc
0x0000002A;P_CLK_32768_En@GPL812P01B.inc
0x00000080;D_32768En@GPL812P01B.inc
0x00000000;D_32768Dis@GPL812P01B.inc
0x0000002B;P_TIMER_TimeBase_Sel@GPL812P01B.inc
0x00000000;D_32kStr_T2sec@GPL812P01B.inc
0x00000010;D_32kStr_T4sec@GPL812P01B.inc
0x00000000;D_TBL2Hz@GPL812P01B.inc
0x00000008;D_TBL4Hz@GPL812P01B.inc
0x00000004;D_TBL8Hz@GPL812P01B.inc
0x0000000C;D_TBL16Hz@GPL812P01B.inc
0x00000000;D_TBH128Hz@GPL812P01B.inc
0x00000002;D_TBH256Hz@GPL812P01B.inc
0x00000001;D_TBH512Hz@GPL812P01B.inc
0x00000003;D_TBH1KHz@GPL812P01B.inc
0x0000002C;P_IO_Strobe_En@GPL812P01B.inc
0x00000000;D_StrobeDis@GPL812P01B.inc
0x00000001;D_StrobeEn@GPL812P01B.inc
0x00000030;P_WAKEUP_Ctrl@GPL812P01B.inc
0x00000000;D_KeyDis@GPL812P01B.inc
0x00000001;D_KeyEn@GPL812P01B.inc
0x00000002;D_TBLEn@GPL812P01B.inc
0x00000000;D_TBLDis@GPL812P01B.inc
0x00000008;D_TBHEn@GPL812P01B.inc
0x00000000;D_TBHDis@GPL812P01B.inc
0x00000031;P_WAKEUP_Flag@GPL812P01B.inc
0x00000001;D_KEYWFC_En@GPL812P01B.inc
0x00000000;D_KEYWFC_Dis@GPL812P01B.inc
0x00000002;D_TBLWFC_En@GPL812P01B.inc
0x00000000;D_TBLWFC_Dis@GPL812P01B.inc
0x00000008;D_TBHWFC_En@GPL812P01B.inc
0x00000000;D_TBHWFC_Dis@GPL812P01B.inc
0x00000037;P_IO_PortB_WakeUpEN@GPL812P01B.inc
0x00000038;P_IO_PortC_WakeUpEN@GPL812P01B.inc
0x00000039;P_IO_PortD_WakeUpEN@GPL812P01B.inc
0x00000032;P_LCD_Ctrl@GPL812P01B.inc
0x00000090;D_LCDGreenMode_Dis@GPL812P01B.inc
0x00000080;D_LCDGreenMode_En@GPL812P01B.inc
0x00000000;D_LCDMode_Normal@GPL812P01B.inc
0x00000001;D_LCDMode_AllOn@GPL812P01B.inc
0x00000002;D_LCDMode_AllOff@GPL812P01B.inc
0x00000003;D_LCDMode_DisplayOff@GPL812P01B.inc
0x00000000;D_LCDSetting_3Bias_4Duty@GPL812P01B.inc
0x00000004;D_LCDSetting_3Bias_5Duty@GPL812P01B.inc
0x00000008;D_LCDSetting_3Bias_6Duty@GPL812P01B.inc
0x0000000C;D_LCDSetting_4Bias_8Duty@GPL812P01B.inc
0x00000000;D_LCD_VLCD2_5V@GPL812P01B.inc
0x00000020;D_LCD_VLCD2_4V@GPL812P01B.inc
0x00000040;D_LCD_VLCD2_8V@GPL812P01B.inc
0x00000060;D_LCD_VLCDVDD@GPL812P01B.inc
0x00000033;P_LVD_Ctrl@GPL812P01B.inc
0x00000040;D_LVDS_2_7V@GPL812P01B.inc
0x00000000;D_LVDS_2_1V@GPL812P01B.inc
0x00000020;D_LVDS_2_4V@GPL812P01B.inc
0x00000080;D_LVD_En@GPL812P01B.inc
0x00000000;D_LVD_Dis@GPL812P01B.inc
0x00000011;P_PWM_IO_Ctrl@GPL812P01B.inc
0x00000000;D_TX_En@GPL812P01B.inc
0x00000020;D_IO_En@GPL812P01B.inc
0x00000000;D_Driving_50mA@GPL812P01B.inc
0x00000008;D_Driving_100mA@GPL812P01B.inc
0x00000010;D_Driving_200mA@GPL812P01B.inc
0x00000018;D_Driving_400mA@GPL812P01B.inc
0x00000017;P_PWM_EN@GPL812P01B.inc
0x00000000;D_PWMEn@GPL812P01B.inc
0x00000040;D_PWMDis@GPL812P01B.inc
0x0000E000;D_Bank0UserRomStartAddr@GPL812P01B.inc
0x0000FFF6;D_Bank0UserRomEndAddr@GPL812P01B.inc
0x0000FFFA;D_NMIandResetVectorStartAddr@GPL812P01B.inc
0x0000FFFF;D_NMIandResetVectorEndAddr@GPL812P01B.inc
0x00000000;EV_Simualtion@GPL812P01B.inc
0x00000001;OTP_BurnIn@GPL812P01B.inc
0x00000001;GPL812P01Bx_Mode@GPL812P01B.inc
0x00000001;_LCD_Define_inc_@LCD_Define.inc
0x00000050;D_LCD_Address@LCD_Define.inc
0x00000010;D_SegNum@LCD_Define.inc
0x00000005;D_ComNum@LCD_Define.inc
0x0000000A;D_LCDDataSize@LCD_Define.inc
0x00000060;D_LCD_VLCD@LCD_Define.inc
0x00000004;D_LCD_BiasDuty@LCD_Define.inc
0x00000080;D_LCD_GreenMode@LCD_Define.inc
0x000000E4;D_LCD_Setting@LCD_Define.inc
0x000000FF;D_LCD_PortA_Ctrl@LCD_Define.inc
0x00000000;D_LCD_PortA_COMSEG@LCD_Define.inc
0x0000000F;D_LCD_PortB_Ctrl@LCD_Define.inc
0x0000000F;D_LCD_PortB_COMSEG@LCD_Define.inc
0x00000003;D_LCD_PortC_Ctrl@LCD_Define.inc
0x00000002;D_LCD_PortC_COMSEG@LCD_Define.inc
0x00000000;D_LCD_PortD_Ctrl@LCD_Define.inc
0x00000002;D_LCM_Port_Dir@GPL812P01B_LCM_Driver.asm
0x00000006;D_LCM_Port_Attrib@GPL812P01B_LCM_Driver.asm
0x0000000F;D_LCM_Port_Buffer@GPL812P01B_LCM_Driver.asm
0x0000000A;D_LCM_Port_Data@GPL812P01B_LCM_Driver.asm
0x00000080;D_LCM_DataPin@GPL812P01B_LCM_Driver.asm
0x00000004;D_LCM_CLKPin@GPL812P01B_LCM_Driver.asm
0x00000080;D_LCM_DataCMD_Header@GPL812P01B_LCM_Driver.asm
0x00000081;D_LCM_LCDCMD_Header@GPL812P01B_LCM_Driver.asm
0x00000002;D_LCM_DataOneCMD_Len@GPL812P01B_LCM_Driver.asm
0x00000010;D_LCM_MaxDataLen@GPL812P01B_LCM_Driver.asm
0x00000001;GPL812P01Bx@GPL812P01B.inc
0x00000001;GPL812PX_Body_inc@GPL812P01B.inc
0x00000001;GPL812PX@GPL812P01B.inc
0x0000003F;P_SRAM_Ctrl@GPL812P01B.inc
0x00000011;P_IO_Green_Ctrl@GPL812P01B.inc
0x00000020;D_IO_GreenEn@GPL812P01B.inc
0x00000000;D_IO_GreenDis@GPL812P01B.inc
0x0000000B;P_IO_PortA_Dir@GPL812P01B.inc
0x00000003;P_IO_PortA_Attrib@GPL812P01B.inc
0x00000007;P_IO_PortA_Data@GPL812P01B.inc
0x0000000C;P_IO_PortA_Buffer@GPL812P01B.inc
0x0000004A;P_IOA_LCDPORT_Ctrl@GPL812P01B.inc
0x00000048;P_IOA_SEGCOM_Ctrl@GPL812P01B.inc
0x00000040;D_PortA6_COM6@GPL812P01B.inc
0x00000080;D_PortA7_COM7@GPL812P01B.inc
0x00000000;P_IO_PortB_Dir@GPL812P01B.inc
0x00000004;P_IO_PortB_Attrib@GPL812P01B.inc
0x00000008;P_IO_PortB_Data@GPL812P01B.inc
0x0000000D;P_IO_PortB_Buffer@GPL812P01B.inc
0x0000002D;P_IO_PortB_Strobe_En@GPL812P01B.inc
0x0000004B;P_IOB_LCDPORT_Ctrl@GPL812P01B.inc
0x00000049;P_IOB_SEGCOM_Ctrl@GPL812P01B.inc
0x00000001;D_PortB0_COM0@GPL812P01B.inc
0x00000002;D_PortB1_COM1@GPL812P01B.inc
0x00000004;D_PortB2_COM2@GPL812P01B.inc
0x00000008;D_PortB3_COM3@GPL812P01B.inc
0x00000001;P_IO_PortC_Dir@GPL812P01B.inc
0x00000005;P_IO_PortC_Attrib@GPL812P01B.inc
0x00000009;P_IO_PortC_Data@GPL812P01B.inc
0x0000000E;P_IO_PortC_Buffer@GPL812P01B.inc
0x0000002E;P_IO_PortC_Strobe_En@GPL812P01B.inc
0x0000004C;P_IOC_LCDPORT_Ctrl@GPL812P01B.inc
0x00000034;P_IOC_SEGCOM_Ctrl@GPL812P01B.inc
0x00000001;D_PortC0_COM5@GPL812P01B.inc
0x00000002;D_PortC1_COM4@GPL812P01B.inc
0x00000010;D_PortC4_COM3@GPL812P01B.inc
0x00000020;D_PortC5_COM2@GPL812P01B.inc
0x00000040;D_PortC6_COM1@GPL812P01B.inc
0x00000080;D_PortC7_COM0@GPL812P01B.inc
0x00000002;P_IO_PortD_Dir@GPL812P01B.inc
0x00000006;P_IO_PortD_Attrib@GPL812P01B.inc
0x0000000A;P_IO_PortD_Data@GPL812P01B.inc
0x0000000F;P_IO_PortD_Buffer@GPL812P01B.inc
0x0000002F;P_IO_PortD_Strobe_En@GPL812P01B.inc
0x00000035;P_IOD_LCDPORT_Ctrl@GPL812P01B.inc
0x00000004;D_PortD2_SEG1@GPL812P01B.inc
0x00000008;D_PortD3_SEG0@GPL812P01B.inc
0x00000012;P_SYSTEM_Ctrl@GPL812P01B.inc
0x000000AA;D_SYS_Sleep@GPL812P01B.inc
0x00000017;P_SYSTEM_Green_Ctrl@GPL812P01B.inc
0x00000000;D_GreenDis@GPL812P01B.inc
0x00000040;D_GreenEn@GPL812P01B.inc
0x00000020;P_WDT_Flag_Clear@GPL812P01B.inc
0x000000AA;D_WDT_Clear@GPL812P01B.inc
0x00000013;P_INT_Ctrl0@GPL812P01B.inc
0x00000000;D_INT_Ctrl0_Dis@GPL812P01B.inc
0x00000001;D_CPUDiv2MHz_INT_En@GPL812P01B.inc
0x00000002;D_CPUDiv32KHz_INT_En@GPL812P01B.inc
0x00000004;D_CPUDiv4KHz_INT_En@GPL812P01B.inc
0x00000008;D_CPUDiv1KHz_INT_En@GPL812P01B.inc
0x00000010;D_TM1O_INT_En@GPL812P01B.inc
0x00000040;D_TM0O_INT_En@GPL812P01B.inc
0x00000014;P_INT_Clear0@GPL812P01B.inc
0x00000001;D_2MHz_Clr@GPL812P01B.inc
0x00000002;D_32KHz_Clr@GPL812P01B.inc
0x00000004;D_4KHz_Clr@GPL812P01B.inc
0x00000008;D_1KHz_Clr@GPL812P01B.inc
0x00000010;D_TM1O_Clr@GPL812P01B.inc
0x00000040;D_TM0O_Clr@GPL812P01B.inc
0x00000015;P_INT_Ctrl1@GPL812P01B.inc
0x00000000;D_INT_Ctrl1_Dis@GPL812P01B.inc
0x00000010;D_TBL_INT_En@GPL812P01B.inc
0x00000020;D_TBH_INT_En@GPL812P01B.inc
0x00000016;P_INT_Clear1@GPL812P01B.inc
0x00000010;D_TBL_Clr@GPL812P01B.inc
0x00000020;D_TBH_Clr@GPL812P01B.inc
0x00000018;P_INT_Ctrl2@GPL812P01B.inc
0x00000000;D_INT_Ctrl2_Dis@GPL812P01B.inc
0x00000001;D_EXT_INT0@GPL812P01B.inc
0x00000002;D_EXT_INT1@GPL812P01B.inc
0x00000019;P_INT_Clear2@GPL812P01B.inc
0x00000001;D_PB0_Clr@GPL812P01B.inc
0x00000002;D_PB1_Clr@GPL812P01B.inc
0x0000001E;P_RFC_Ctrl@GPL812P01B.inc
0x00000001;D_RFC0_PC4@GPL812P01B.inc
0x00000002;D_RFC1_PC5@GPL812P01B.inc
0x00000004;D_RFC2_PC6@GPL812P01B.inc
0x00000008;D_RFCEN@GPL812P01B.inc
0x00000000;D_RFCDis@GPL812P01B.inc
0x00000021;P_TIMER_Timer0_Ctrl@GPL812P01B.inc
0x00000000;D_TM0Fosc@GPL812P01B.inc
0x00000010;D_TM0FoscDiv2@GPL812P01B.inc
0x00000020;D_TM0FoscDiv4@GPL812P01B.inc
0x00000030;D_TM0FoscDiv16@GPL812P01B.inc
0x00000080;D_TM0En@GPL812P01B.inc
0x00000000;D_TM0Dis@GPL812P01B.inc
0x00000022;P_TIMER_Timer1_Ctrl@GPL812P01B.inc
0x00000000;D_TM1Fosc@GPL812P01B.inc
0x00000010;D_TM1FoscDiv4@GPL812P01B.inc
0x00000020;D_TM1FoscDiv64@GPL812P01B.inc
0x00000030;C_TM1CLK_TM0OF@GPL812P01B.inc
0x00000040;D_TM1PortC7TM1Clk@GPL812P01B.inc
0x00000080;D_TM1En@GPL812P01B.inc
0x00000000;D_TM1Dis@GPL812P01B.inc
0x00000023;P_TIMER_TM0Data_LB@GPL812P01B.inc
0x00000025;P_TIMER_TM1Data_LB@GPL812P01B.inc
0x00000026;P_TIMER_TM1Data_HB@GPL812P01B.inc
0x0000002A;P_CLK_32768_En@GPL812P01B.inc
0x00000080;D_32768En@GPL812P01B.inc
0x00000000;D_32768Dis@GPL812P01B.inc
0x0000002B;P_TIMER_TimeBase_Sel@GPL812P01B.inc
0x00000000;D_32kStr_T2sec@GPL812P01B.inc
0x00000010;D_32kStr_T4sec@GPL812P01B.inc
0x00000000;D_TBL2Hz@GPL812P01B.inc
0x00000008;D_TBL4Hz@GPL812P01B.inc
0x00000004;D_TBL8Hz@GPL812P01B.inc
0x0000000C;D_TBL16Hz@GPL812P01B.inc
0x00000000;D_TBH128Hz@GPL812P01B.inc
0x00000002;D_TBH256Hz@GPL812P01B.inc
0x00000001;D_TBH512Hz@GPL812P01B.inc
0x00000003;D_TBH1KHz@GPL812P01B.inc
0x0000002C;P_IO_Strobe_En@GPL812P01B.inc
0x00000000;D_StrobeDis@GPL812P01B.inc
0x00000001;D_StrobeEn@GPL812P01B.inc
0x00000030;P_WAKEUP_Ctrl@GPL812P01B.inc
0x00000000;D_KeyDis@GPL812P01B.inc
0x00000001;D_KeyEn@GPL812P01B.inc
0x00000002;D_TBLEn@GPL812P01B.inc
0x00000000;D_TBLDis@GPL812P01B.inc
0x00000008;D_TBHEn@GPL812P01B.inc
0x00000000;D_TBHDis@GPL812P01B.inc
0x00000031;P_WAKEUP_Flag@GPL812P01B.inc
0x00000001;D_KEYWFC_En@GPL812P01B.inc
0x00000000;D_KEYWFC_Dis@GPL812P01B.inc
0x00000002;D_TBLWFC_En@GPL812P01B.inc
0x00000000;D_TBLWFC_Dis@GPL812P01B.inc
0x00000008;D_TBHWFC_En@GPL812P01B.inc
0x00000000;D_TBHWFC_Dis@GPL812P01B.inc
0x00000037;P_IO_PortB_WakeUpEN@GPL812P01B.inc
0x00000038;P_IO_PortC_WakeUpEN@GPL812P01B.inc
0x00000039;P_IO_PortD_WakeUpEN@GPL812P01B.inc
0x00000032;P_LCD_Ctrl@GPL812P01B.inc
0x00000090;D_LCDGreenMode_Dis@GPL812P01B.inc
0x00000080;D_LCDGreenMode_En@GPL812P01B.inc
0x00000000;D_LCDMode_Normal@GPL812P01B.inc
0x00000001;D_LCDMode_AllOn@GPL812P01B.inc
0x00000002;D_LCDMode_AllOff@GPL812P01B.inc
0x00000003;D_LCDMode_DisplayOff@GPL812P01B.inc
0x00000000;D_LCDSetting_3Bias_4Duty@GPL812P01B.inc
0x00000004;D_LCDSetting_3Bias_5Duty@GPL812P01B.inc
0x00000008;D_LCDSetting_3Bias_6Duty@GPL812P01B.inc
0x0000000C;D_LCDSetting_4Bias_8Duty@GPL812P01B.inc
0x00000000;D_LCD_VLCD2_5V@GPL812P01B.inc
0x00000020;D_LCD_VLCD2_4V@GPL812P01B.inc
0x00000040;D_LCD_VLCD2_8V@GPL812P01B.inc
0x00000060;D_LCD_VLCDVDD@GPL812P01B.inc
0x00000033;P_LVD_Ctrl@GPL812P01B.inc
0x00000040;D_LVDS_2_7V@GPL812P01B.inc
0x00000000;D_LVDS_2_1V@GPL812P01B.inc
0x00000020;D_LVDS_2_4V@GPL812P01B.inc
0x00000080;D_LVD_En@GPL812P01B.inc
0x00000000;D_LVD_Dis@GPL812P01B.inc
0x00000011;P_PWM_IO_Ctrl@GPL812P01B.inc
0x00000000;D_TX_En@GPL812P01B.inc
0x00000020;D_IO_En@GPL812P01B.inc
0x00000000;D_Driving_50mA@GPL812P01B.inc
0x00000008;D_Driving_100mA@GPL812P01B.inc
0x00000010;D_Driving_200mA@GPL812P01B.inc
0x00000018;D_Driving_400mA@GPL812P01B.inc
0x00000017;P_PWM_EN@GPL812P01B.inc
0x00000000;D_PWMEn@GPL812P01B.inc
0x00000040;D_PWMDis@GPL812P01B.inc
0x0000E000;D_Bank0UserRomStartAddr@GPL812P01B.inc
0x0000FFF6;D_Bank0UserRomEndAddr@GPL812P01B.inc
0x0000FFFA;D_NMIandResetVectorStartAddr@GPL812P01B.inc
0x0000FFFF;D_NMIandResetVectorEndAddr@GPL812P01B.inc
0x00000000;EV_Simualtion@GPL812P01B.inc
0x00000001;OTP_BurnIn@GPL812P01B.inc
0x00000001;GPL812P01Bx_Mode@GPL812P01B.inc
0x00000001;_GPL812P01B_LCM_Driver_inc_@GPL812P01B_LCM_Driver.inc
0x00000001;_LCD_Define_inc_@LCD_Define.inc
0x00000050;D_LCD_Address@LCD_Define.inc
0x00000010;D_SegNum@LCD_Define.inc
0x00000005;D_ComNum@LCD_Define.inc
0x0000000A;D_LCDDataSize@LCD_Define.inc
0x00000060;D_LCD_VLCD@LCD_Define.inc
0x00000004;D_LCD_BiasDuty@LCD_Define.inc
0x00000080;D_LCD_GreenMode@LCD_Define.inc
0x000000E4;D_LCD_Setting@LCD_Define.inc
0x000000FF;D_LCD_PortA_Ctrl@LCD_Define.inc
0x00000000;D_LCD_PortA_COMSEG@LCD_Define.inc
0x0000000F;D_LCD_PortB_Ctrl@LCD_Define.inc
0x0000000F;D_LCD_PortB_COMSEG@LCD_Define.inc
0x00000003;D_LCD_PortC_Ctrl@LCD_Define.inc
0x00000002;D_LCD_PortC_COMSEG@LCD_Define.inc
0x00000000;D_LCD_PortD_Ctrl@LCD_Define.inc
0x00000001;GPL812P01Bx@GPL812P01B.inc
0x00000001;GPL812PX_Body_inc@GPL812P01B.inc
0x00000001;GPL812PX@GPL812P01B.inc
0x0000003F;P_SRAM_Ctrl@GPL812P01B.inc
0x00000011;P_IO_Green_Ctrl@GPL812P01B.inc
0x00000020;D_IO_GreenEn@GPL812P01B.inc
0x00000000;D_IO_GreenDis@GPL812P01B.inc
0x0000000B;P_IO_PortA_Dir@GPL812P01B.inc
0x00000003;P_IO_PortA_Attrib@GPL812P01B.inc
0x00000007;P_IO_PortA_Data@GPL812P01B.inc
0x0000000C;P_IO_PortA_Buffer@GPL812P01B.inc
0x0000004A;P_IOA_LCDPORT_Ctrl@GPL812P01B.inc
0x00000048;P_IOA_SEGCOM_Ctrl@GPL812P01B.inc
0x00000040;D_PortA6_COM6@GPL812P01B.inc
0x00000080;D_PortA7_COM7@GPL812P01B.inc
0x00000000;P_IO_PortB_Dir@GPL812P01B.inc
0x00000004;P_IO_PortB_Attrib@GPL812P01B.inc
0x00000008;P_IO_PortB_Data@GPL812P01B.inc
0x0000000D;P_IO_PortB_Buffer@GPL812P01B.inc
0x0000002D;P_IO_PortB_Strobe_En@GPL812P01B.inc
0x0000004B;P_IOB_LCDPORT_Ctrl@GPL812P01B.inc
0x00000049;P_IOB_SEGCOM_Ctrl@GPL812P01B.inc
0x00000001;D_PortB0_COM0@GPL812P01B.inc
0x00000002;D_PortB1_COM1@GPL812P01B.inc
0x00000004;D_PortB2_COM2@GPL812P01B.inc
0x00000008;D_PortB3_COM3@GPL812P01B.inc
0x00000001;P_IO_PortC_Dir@GPL812P01B.inc
0x00000005;P_IO_PortC_Attrib@GPL812P01B.inc
0x00000009;P_IO_PortC_Data@GPL812P01B.inc
0x0000000E;P_IO_PortC_Buffer@GPL812P01B.inc
0x0000002E;P_IO_PortC_Strobe_En@GPL812P01B.inc
0x0000004C;P_IOC_LCDPORT_Ctrl@GPL812P01B.inc
0x00000034;P_IOC_SEGCOM_Ctrl@GPL812P01B.inc
0x00000001;D_PortC0_COM5@GPL812P01B.inc
0x00000002;D_PortC1_COM4@GPL812P01B.inc
0x00000010;D_PortC4_COM3@GPL812P01B.inc
0x00000020;D_PortC5_COM2@GPL812P01B.inc
0x00000040;D_PortC6_COM1@GPL812P01B.inc
0x00000080;D_PortC7_COM0@GPL812P01B.inc
0x00000002;P_IO_PortD_Dir@GPL812P01B.inc
0x00000006;P_IO_PortD_Attrib@GPL812P01B.inc
0x0000000A;P_IO_PortD_Data@GPL812P01B.inc
0x0000000F;P_IO_PortD_Buffer@GPL812P01B.inc
0x0000002F;P_IO_PortD_Strobe_En@GPL812P01B.inc
0x00000035;P_IOD_LCDPORT_Ctrl@GPL812P01B.inc
0x00000004;D_PortD2_SEG1@GPL812P01B.inc
0x00000008;D_PortD3_SEG0@GPL812P01B.inc
0x00000012;P_SYSTEM_Ctrl@GPL812P01B.inc
0x000000AA;D_SYS_Sleep@GPL812P01B.inc
0x00000017;P_SYSTEM_Green_Ctrl@GPL812P01B.inc
0x00000000;D_GreenDis@GPL812P01B.inc
0x00000040;D_GreenEn@GPL812P01B.inc
0x00000020;P_WDT_Flag_Clear@GPL812P01B.inc
0x000000AA;D_WDT_Clear@GPL812P01B.inc
0x00000013;P_INT_Ctrl0@GPL812P01B.inc
0x00000000;D_INT_Ctrl0_Dis@GPL812P01B.inc
0x00000001;D_CPUDiv2MHz_INT_En@GPL812P01B.inc
0x00000002;D_CPUDiv32KHz_INT_En@GPL812P01B.inc
0x00000004;D_CPUDiv4KHz_INT_En@GPL812P01B.inc
0x00000008;D_CPUDiv1KHz_INT_En@GPL812P01B.inc
0x00000010;D_TM1O_INT_En@GPL812P01B.inc
0x00000040;D_TM0O_INT_En@GPL812P01B.inc
0x00000014;P_INT_Clear0@GPL812P01B.inc
0x00000001;D_2MHz_Clr@GPL812P01B.inc
0x00000002;D_32KHz_Clr@GPL812P01B.inc
0x00000004;D_4KHz_Clr@GPL812P01B.inc
0x00000008;D_1KHz_Clr@GPL812P01B.inc
0x00000010;D_TM1O_Clr@GPL812P01B.inc
0x00000040;D_TM0O_Clr@GPL812P01B.inc
0x00000015;P_INT_Ctrl1@GPL812P01B.inc
0x00000000;D_INT_Ctrl1_Dis@GPL812P01B.inc
0x00000010;D_TBL_INT_En@GPL812P01B.inc
0x00000020;D_TBH_INT_En@GPL812P01B.inc
0x00000016;P_INT_Clear1@GPL812P01B.inc
0x00000010;D_TBL_Clr@GPL812P01B.inc
0x00000020;D_TBH_Clr@GPL812P01B.inc
0x00000018;P_INT_Ctrl2@GPL812P01B.inc
0x00000000;D_INT_Ctrl2_Dis@GPL812P01B.inc
0x00000001;D_EXT_INT0@GPL812P01B.inc
0x00000002;D_EXT_INT1@GPL812P01B.inc
0x00000019;P_INT_Clear2@GPL812P01B.inc
0x00000001;D_PB0_Clr@GPL812P01B.inc
0x00000002;D_PB1_Clr@GPL812P01B.inc
0x0000001E;P_RFC_Ctrl@GPL812P01B.inc
0x00000001;D_RFC0_PC4@GPL812P01B.inc
0x00000002;D_RFC1_PC5@GPL812P01B.inc
0x00000004;D_RFC2_PC6@GPL812P01B.inc
0x00000008;D_RFCEN@GPL812P01B.inc
0x00000000;D_RFCDis@GPL812P01B.inc
0x00000021;P_TIMER_Timer0_Ctrl@GPL812P01B.inc
0x00000000;D_TM0Fosc@GPL812P01B.inc
0x00000010;D_TM0FoscDiv2@GPL812P01B.inc
0x00000020;D_TM0FoscDiv4@GPL812P01B.inc
0x00000030;D_TM0FoscDiv16@GPL812P01B.inc
0x00000080;D_TM0En@GPL812P01B.inc
0x00000000;D_TM0Dis@GPL812P01B.inc
0x00000022;P_TIMER_Timer1_Ctrl@GPL812P01B.inc
0x00000000;D_TM1Fosc@GPL812P01B.inc
0x00000010;D_TM1FoscDiv4@GPL812P01B.inc
0x00000020;D_TM1FoscDiv64@GPL812P01B.inc
0x00000030;C_TM1CLK_TM0OF@GPL812P01B.inc
0x00000040;D_TM1PortC7TM1Clk@GPL812P01B.inc
0x00000080;D_TM1En@GPL812P01B.inc
0x00000000;D_TM1Dis@GPL812P01B.inc
0x00000023;P_TIMER_TM0Data_LB@GPL812P01B.inc
0x00000025;P_TIMER_TM1Data_LB@GPL812P01B.inc
0x00000026;P_TIMER_TM1Data_HB@GPL812P01B.inc
0x0000002A;P_CLK_32768_En@GPL812P01B.inc
0x00000080;D_32768En@GPL812P01B.inc
0x00000000;D_32768Dis@GPL812P01B.inc
0x0000002B;P_TIMER_TimeBase_Sel@GPL812P01B.inc
0x00000000;D_32kStr_T2sec@GPL812P01B.inc
0x00000010;D_32kStr_T4sec@GPL812P01B.inc
0x00000000;D_TBL2Hz@GPL812P01B.inc
0x00000008;D_TBL4Hz@GPL812P01B.inc
0x00000004;D_TBL8Hz@GPL812P01B.inc
0x0000000C;D_TBL16Hz@GPL812P01B.inc
0x00000000;D_TBH128Hz@GPL812P01B.inc
0x00000002;D_TBH256Hz@GPL812P01B.inc
0x00000001;D_TBH512Hz@GPL812P01B.inc
0x00000003;D_TBH1KHz@GPL812P01B.inc
0x0000002C;P_IO_Strobe_En@GPL812P01B.inc
0x00000000;D_StrobeDis@GPL812P01B.inc
0x00000001;D_StrobeEn@GPL812P01B.inc
0x00000030;P_WAKEUP_Ctrl@GPL812P01B.inc
0x00000000;D_KeyDis@GPL812P01B.inc
0x00000001;D_KeyEn@GPL812P01B.inc
0x00000002;D_TBLEn@GPL812P01B.inc
0x00000000;D_TBLDis@GPL812P01B.inc
0x00000008;D_TBHEn@GPL812P01B.inc
0x00000000;D_TBHDis@GPL812P01B.inc
0x00000031;P_WAKEUP_Flag@GPL812P01B.inc
0x00000001;D_KEYWFC_En@GPL812P01B.inc
0x00000000;D_KEYWFC_Dis@GPL812P01B.inc
0x00000002;D_TBLWFC_En@GPL812P01B.inc
0x00000000;D_TBLWFC_Dis@GPL812P01B.inc
0x00000008;D_TBHWFC_En@GPL812P01B.inc
0x00000000;D_TBHWFC_Dis@GPL812P01B.inc
0x00000037;P_IO_PortB_WakeUpEN@GPL812P01B.inc
0x00000038;P_IO_PortC_WakeUpEN@GPL812P01B.inc
0x00000039;P_IO_PortD_WakeUpEN@GPL812P01B.inc
0x00000032;P_LCD_Ctrl@GPL812P01B.inc
0x00000090;D_LCDGreenMode_Dis@GPL812P01B.inc
0x00000080;D_LCDGreenMode_En@GPL812P01B.inc
0x00000000;D_LCDMode_Normal@GPL812P01B.inc
0x00000001;D_LCDMode_AllOn@GPL812P01B.inc
0x00000002;D_LCDMode_AllOff@GPL812P01B.inc
0x00000003;D_LCDMode_DisplayOff@GPL812P01B.inc
0x00000000;D_LCDSetting_3Bias_4Duty@GPL812P01B.inc
0x00000004;D_LCDSetting_3Bias_5Duty@GPL812P01B.inc
0x00000008;D_LCDSetting_3Bias_6Duty@GPL812P01B.inc
0x0000000C;D_LCDSetting_4Bias_8Duty@GPL812P01B.inc
0x00000000;D_LCD_VLCD2_5V@GPL812P01B.inc
0x00000020;D_LCD_VLCD2_4V@GPL812P01B.inc
0x00000040;D_LCD_VLCD2_8V@GPL812P01B.inc
0x00000060;D_LCD_VLCDVDD@GPL812P01B.inc
0x00000033;P_LVD_Ctrl@GPL812P01B.inc
0x00000040;D_LVDS_2_7V@GPL812P01B.inc
0x00000000;D_LVDS_2_1V@GPL812P01B.inc
0x00000020;D_LVDS_2_4V@GPL812P01B.inc
0x00000080;D_LVD_En@GPL812P01B.inc
0x00000000;D_LVD_Dis@GPL812P01B.inc
0x00000011;P_PWM_IO_Ctrl@GPL812P01B.inc
0x00000000;D_TX_En@GPL812P01B.inc
0x00000020;D_IO_En@GPL812P01B.inc
0x00000000;D_Driving_50mA@GPL812P01B.inc
0x00000008;D_Driving_100mA@GPL812P01B.inc
0x00000010;D_Driving_200mA@GPL812P01B.inc
0x00000018;D_Driving_400mA@GPL812P01B.inc
0x00000017;P_PWM_EN@GPL812P01B.inc
0x00000000;D_PWMEn@GPL812P01B.inc
0x00000040;D_PWMDis@GPL812P01B.inc
0x0000E000;D_Bank0UserRomStartAddr@GPL812P01B.inc
0x0000FFF6;D_Bank0UserRomEndAddr@GPL812P01B.inc
0x0000FFFA;D_NMIandResetVectorStartAddr@GPL812P01B.inc
0x0000FFFF;D_NMIandResetVectorEndAddr@GPL812P01B.inc
0x00000000;EV_Simualtion@GPL812P01B.inc
0x00000001;OTP_BurnIn@GPL812P01B.inc
0x00000001;GPL812P01Bx_Mode@GPL812P01B.inc
0x000000FF;INVALID_INDEX_BLOCK@rfcDefine.inc
0x00000002;C_MAX_TIME_RFC_INTERVAL@rfcDefine.inc
0x00002710;C_VALUE_RR@rfcDefine.inc
0x00000000;C_TEMPER_MIN@rfcDefine.inc
0x00000046;C_TEMPER_MAX@rfcDefine.inc
0x00000028;C_TEMPER_NMAX@rfcDefine.inc
0x00000014;C_HUM_MIN@rfcDefine.inc
0x0000005A;C_HUM_MAX@rfcDefine.inc
0x00000295;C_RESISTOR_IO_INTER_33@rfcDefine.inc
0x00002729;C_RESISTOR_RR_BCD@rfcDefine.inc
0x00000000;RFC_CHANNEL_1@rfcDefine.inc
0x00000001;RFC_CHANNEL_2@rfcDefine.inc
0x00000000;CFG_RFC_CH@rfcDefine.inc
0x00000000;D_RFC_ScanIdle@rfcDefine.inc
0x00000001;D_RFC_ScanRef@rfcDefine.inc
0x00000002;D_RFC_ScanSen1@rfcDefine.inc
0x00000003;D_RFC_ScanSen2@rfcDefine.inc
0x00000004;D_RfcStatTempCalc@rfcDefine.inc
0x00000005;D_RfcStatHumCalc@rfcDefine.inc
0x00000008;D_RFC_ScanDataReady@rfcDefine.inc
0x00000010;D_RFC_ContinueSacn@rfcDefine.inc
0x00000020;D_RFC_CalculateDone@rfcDefine.inc
0x00000040;D_RFC_TempDataReady@rfcDefine.inc
0x00000080;D_RFC_SensorEn@rfcDefine.inc
0x0000000C;C_MaxDigital@rfcDefine.inc
0x00000006;C_DotPoint@rfcDefine.inc
0x0000000B;C_MaxDotNumber@rfcDefine.inc
0x00000005;C_MaxDigitByte@rfcDefine.inc
0x00000004;C_MaxDecDigitByte@rfcDefine.inc
0x0000000F;C_PointMask@rfcDefine.inc
0x00006DEA;C_Temp_0C@RfcCalculate.ASM
0x00000C84;C_Temp_250C@RfcCalculate.ASM
0x00028B02;C_Temp_N10C@RfcCalculate.ASM
0x00000005;C_JZ_4@RfcCalculate.ASM
0x00000001;Bit0@RfcCalculate.ASM
0x0000000E;C_Digit14@RfcCalculate.ASM
0x00000080;D_TempSign@RfcCalculate.ASM
0x000000C7;C_CalcuRamStartAddr@RfcCalculate.ASM
0x000000C7;R_Calculate_Data0@RfcCalculate.ASM
0x000000C8;R_Calculate_Data1@RfcCalculate.ASM
0x000000C9;R_Calculate_Data2@RfcCalculate.ASM
0x000000CA;R_Calculate_Data3@RfcCalculate.ASM
0x000000CB;R_Calculate_Data4@RfcCalculate.ASM
0x000000CC;R_Calculate_Data5@RfcCalculate.ASM
0x000000CD;R_Calculate_Data6@RfcCalculate.ASM
0x000000CE;R_Calculate_Data7@RfcCalculate.ASM
0x000000CF;R_Calculate_Data8@RfcCalculate.ASM
0x000000D0;R_Calculate_Data9@RfcCalculate.ASM
0x000000D1;R_Calculate_Result0@RfcCalculate.ASM
0x000000D2;R_Calculate_Result1@RfcCalculate.ASM
0x000000D3;R_Calculate_Result2@RfcCalculate.ASM
0x000000D4;R_Calculate_Result3@RfcCalculate.ASM
0x000000D5;R_Calculate_Result4@RfcCalculate.ASM
0x000000D6;R_Calculate_Result5@RfcCalculate.ASM
0x000000D7;R_Calculate_Result6@RfcCalculate.ASM
0x000000D8;R_Calculate_Result7@RfcCalculate.ASM
0x000000D9;R_Calculate_Result8@RfcCalculate.ASM
0x000000DA;R_Calculate_Result9@RfcCalculate.ASM
0x000000DB;R_Calculate_Temp0@RfcCalculate.ASM
0x000000DC;R_Calculate_Temp1@RfcCalculate.ASM
0x000000DD;R_Calculate_Temp2@RfcCalculate.ASM
0x000000DE;R_Calculate_Temp3@RfcCalculate.ASM
0x000000DF;R_Temp_Lram@RfcCalculate.ASM
0x000000E1;R_Index_jmp@RfcCalculate.ASM
0x000001C6;_RW_LastTem@RfcCalculate.ASM
0x000001C9;R2K_LB@RfcCalculate.ASM
0x000001CA;R2K_HB@RfcCalculate.ASM
0x000001CE;Temp_LB@RfcCalculate.ASM
0x000001CF;Temp_MB@RfcCalculate.ASM
0x000001D0;Temp_HB@RfcCalculate.ASM
0x000001D4;R_Index_end@RfcCalculate.ASM
0x000001D5;R_Hum_Index@RfcCalculate.ASM
0x000001D6;R_Hum_data_next0@RfcCalculate.ASM
0x000001D7;R_Hum_data_next1@RfcCalculate.ASM
0x000001D8;R_Hum_data_next2@RfcCalculate.ASM
0x000001D9;Rref_LB@RfcCalculate.ASM
0x000001DA;Rref_HB@RfcCalculate.ASM
0x000001DB;R_Temp_H_bytes@RfcCalculate.ASM
0x000001DD;R_Ftemp0@RfcCalculate.ASM
0x000001DE;R_Ftemp1@RfcCalculate.ASM
0x000001DF;R_Ftemp2@RfcCalculate.ASM
0x000001E0;R_Ftemp3@RfcCalculate.ASM
0x000001E5;RB_LCD_F_Temp_F@RfcCalculate.ASM
0x000001E6;RB_LCD_F_Temp_H@RfcCalculate.ASM
0x000001E7;RB_LCD_F_Temp_M@RfcCalculate.ASM
0x000001E8;RB_LCD_F_Temp_L@RfcCalculate.ASM
0x000001E9;RB_Temp_M_BUFF@RfcCalculate.ASM
0x000001EA;RB_Temp_L_BUFF@RfcCalculate.ASM
0x0000F259;T_R_H_BLOCK@RfcCalculate.ASM
0x0000F259;HUM_DATARECORD_START@RfcCalculate.ASM
0x00000004;HUM_DATARECORD_SIZE@RfcCalculate.ASM
0x00000034;C_R_H_BLOCK_SIZE@RfcCalculate.ASM
0x00112241;C_RHUM_MAX@RfcCalculate.ASM
0x0000F28D;T_R_H_TEM00@RfcCalculate.ASM
0x0000F2BA;T_R_H_TEM05@RfcCalculate.ASM
0x0000F2E7;T_R_H_TEM10@RfcCalculate.ASM
0x0000F314;T_R_H_TEM15@RfcCalculate.ASM
0x0000F341;T_R_H_TEM20@RfcCalculate.ASM
0x0000F36E;T_R_H_TEM25@RfcCalculate.ASM
0x0000F39B;T_R_H_TEM30@RfcCalculate.ASM
0x0000F3C8;T_R_H_TEM35@RfcCalculate.ASM
0x0000F3F5;T_R_H_TEM40@RfcCalculate.ASM
0x0000F422;T_R_H_TEM45@RfcCalculate.ASM
0x0000F44F;T_R_H_TEM50@RfcCalculate.ASM
0x0000F47C;T_R_H_TEM55@RfcCalculate.ASM
0x0000F4A9;T_R_H_TEM60@RfcCalculate.ASM
0x0000002D;C_R_H_BLOCK_LEN@RfcCalculate.ASM
0x0000176E;C_RHUM_MIN@RfcCalculate.ASM
0x0000E1B1;F_ClearCalc_RAM@RfcCalculate.ASM
0x0000E4DC;F_C_Calc@RfcCalculate.ASM
0x0000E4EB;F_F_C_Calc@RfcCalculate.ASM
0x0000E52D;F_0_255@RfcCalculate.ASM
0x0000E531;L_255S@RfcCalculate.ASM
0x0000E556;L_255Downlim@RfcCalculate.ASM
0x0000E55B;L_255End@RfcCalculate.ASM
0x0000E5AC;F_50_1@RfcCalculate.ASM
0x0000E5B0;L_50S@RfcCalculate.ASM
0x0000E5D5;L_50Downlim@RfcCalculate.ASM
0x0000E5DA;L_50End@RfcCalculate.ASM
0x0000E62B;F_A_0@RfcCalculate.ASM
0x0000E66D;F_A_0_1@RfcCalculate.ASM
0x0000E697;F_CulXohm@RfcCalculate.ASM
0x0000E6E5;F_CalMul_UnSign24@RfcCalculate.ASM
0x0000E72D;F_CalDiv_UnSign32@RfcCalculate.ASM
0x0000E7D6;L_Divesor_EquZero@RfcCalculate.ASM
0x0000E7E3;F_CalDiv_UnSign16@RfcCalculate.ASM
0x00000001;GPL812P01Bx@GPL812P01B.inc
0x00000001;GPL812PX_Body_inc@GPL812P01B.inc
0x00000001;GPL812PX@GPL812P01B.inc
0x0000003F;P_SRAM_Ctrl@GPL812P01B.inc
0x00000011;P_IO_Green_Ctrl@GPL812P01B.inc
0x00000020;D_IO_GreenEn@GPL812P01B.inc
0x00000000;D_IO_GreenDis@GPL812P01B.inc
0x0000000B;P_IO_PortA_Dir@GPL812P01B.inc
0x00000003;P_IO_PortA_Attrib@GPL812P01B.inc
0x00000007;P_IO_PortA_Data@GPL812P01B.inc
0x0000000C;P_IO_PortA_Buffer@GPL812P01B.inc
0x0000004A;P_IOA_LCDPORT_Ctrl@GPL812P01B.inc
0x00000048;P_IOA_SEGCOM_Ctrl@GPL812P01B.inc
0x00000040;D_PortA6_COM6@GPL812P01B.inc
0x00000080;D_PortA7_COM7@GPL812P01B.inc
0x00000000;P_IO_PortB_Dir@GPL812P01B.inc
0x00000004;P_IO_PortB_Attrib@GPL812P01B.inc
0x00000008;P_IO_PortB_Data@GPL812P01B.inc
0x0000000D;P_IO_PortB_Buffer@GPL812P01B.inc
0x0000002D;P_IO_PortB_Strobe_En@GPL812P01B.inc
0x0000004B;P_IOB_LCDPORT_Ctrl@GPL812P01B.inc
0x00000049;P_IOB_SEGCOM_Ctrl@GPL812P01B.inc
0x00000001;D_PortB0_COM0@GPL812P01B.inc
0x00000002;D_PortB1_COM1@GPL812P01B.inc
0x00000004;D_PortB2_COM2@GPL812P01B.inc
0x00000008;D_PortB3_COM3@GPL812P01B.inc
0x00000001;P_IO_PortC_Dir@GPL812P01B.inc
0x00000005;P_IO_PortC_Attrib@GPL812P01B.inc
0x00000009;P_IO_PortC_Data@GPL812P01B.inc
0x0000000E;P_IO_PortC_Buffer@GPL812P01B.inc
0x0000002E;P_IO_PortC_Strobe_En@GPL812P01B.inc
0x0000004C;P_IOC_LCDPORT_Ctrl@GPL812P01B.inc
0x00000034;P_IOC_SEGCOM_Ctrl@GPL812P01B.inc
0x00000001;D_PortC0_COM5@GPL812P01B.inc
0x00000002;D_PortC1_COM4@GPL812P01B.inc
0x00000010;D_PortC4_COM3@GPL812P01B.inc
0x00000020;D_PortC5_COM2@GPL812P01B.inc
0x00000040;D_PortC6_COM1@GPL812P01B.inc
0x00000080;D_PortC7_COM0@GPL812P01B.inc
0x00000002;P_IO_PortD_Dir@GPL812P01B.inc
0x00000006;P_IO_PortD_Attrib@GPL812P01B.inc
0x0000000A;P_IO_PortD_Data@GPL812P01B.inc
0x0000000F;P_IO_PortD_Buffer@GPL812P01B.inc
0x0000002F;P_IO_PortD_Strobe_En@GPL812P01B.inc
0x00000035;P_IOD_LCDPORT_Ctrl@GPL812P01B.inc
0x00000004;D_PortD2_SEG1@GPL812P01B.inc
0x00000008;D_PortD3_SEG0@GPL812P01B.inc
0x00000012;P_SYSTEM_Ctrl@GPL812P01B.inc
0x000000AA;D_SYS_Sleep@GPL812P01B.inc
0x00000017;P_SYSTEM_Green_Ctrl@GPL812P01B.inc
0x00000000;D_GreenDis@GPL812P01B.inc
0x00000040;D_GreenEn@GPL812P01B.inc
0x00000020;P_WDT_Flag_Clear@GPL812P01B.inc
0x000000AA;D_WDT_Clear@GPL812P01B.inc
0x00000013;P_INT_Ctrl0@GPL812P01B.inc
0x00000000;D_INT_Ctrl0_Dis@GPL812P01B.inc
0x00000001;D_CPUDiv2MHz_INT_En@GPL812P01B.inc
0x00000002;D_CPUDiv32KHz_INT_En@GPL812P01B.inc
0x00000004;D_CPUDiv4KHz_INT_En@GPL812P01B.inc
0x00000008;D_CPUDiv1KHz_INT_En@GPL812P01B.inc
0x00000010;D_TM1O_INT_En@GPL812P01B.inc
0x00000040;D_TM0O_INT_En@GPL812P01B.inc
0x00000014;P_INT_Clear0@GPL812P01B.inc
0x00000001;D_2MHz_Clr@GPL812P01B.inc
0x00000002;D_32KHz_Clr@GPL812P01B.inc
0x00000004;D_4KHz_Clr@GPL812P01B.inc
0x00000008;D_1KHz_Clr@GPL812P01B.inc
0x00000010;D_TM1O_Clr@GPL812P01B.inc
0x00000040;D_TM0O_Clr@GPL812P01B.inc
0x00000015;P_INT_Ctrl1@GPL812P01B.inc
0x00000000;D_INT_Ctrl1_Dis@GPL812P01B.inc
0x00000010;D_TBL_INT_En@GPL812P01B.inc
0x00000020;D_TBH_INT_En@GPL812P01B.inc
0x00000016;P_INT_Clear1@GPL812P01B.inc
0x00000010;D_TBL_Clr@GPL812P01B.inc
0x00000020;D_TBH_Clr@GPL812P01B.inc
0x00000018;P_INT_Ctrl2@GPL812P01B.inc
0x00000000;D_INT_Ctrl2_Dis@GPL812P01B.inc
0x00000001;D_EXT_INT0@GPL812P01B.inc
0x00000002;D_EXT_INT1@GPL812P01B.inc
0x00000019;P_INT_Clear2@GPL812P01B.inc
0x00000001;D_PB0_Clr@GPL812P01B.inc
0x00000002;D_PB1_Clr@GPL812P01B.inc
0x0000001E;P_RFC_Ctrl@GPL812P01B.inc
0x00000001;D_RFC0_PC4@GPL812P01B.inc
0x00000002;D_RFC1_PC5@GPL812P01B.inc
0x00000004;D_RFC2_PC6@GPL812P01B.inc
0x00000008;D_RFCEN@GPL812P01B.inc
0x00000000;D_RFCDis@GPL812P01B.inc
0x00000021;P_TIMER_Timer0_Ctrl@GPL812P01B.inc
0x00000000;D_TM0Fosc@GPL812P01B.inc
0x00000010;D_TM0FoscDiv2@GPL812P01B.inc
0x00000020;D_TM0FoscDiv4@GPL812P01B.inc
0x00000030;D_TM0FoscDiv16@GPL812P01B.inc
0x00000080;D_TM0En@GPL812P01B.inc
0x00000000;D_TM0Dis@GPL812P01B.inc
0x00000022;P_TIMER_Timer1_Ctrl@GPL812P01B.inc
0x00000000;D_TM1Fosc@GPL812P01B.inc
0x00000010;D_TM1FoscDiv4@GPL812P01B.inc
0x00000020;D_TM1FoscDiv64@GPL812P01B.inc
0x00000030;C_TM1CLK_TM0OF@GPL812P01B.inc
0x00000040;D_TM1PortC7TM1Clk@GPL812P01B.inc
0x00000080;D_TM1En@GPL812P01B.inc
0x00000000;D_TM1Dis@GPL812P01B.inc
0x00000023;P_TIMER_TM0Data_LB@GPL812P01B.inc
0x00000025;P_TIMER_TM1Data_LB@GPL812P01B.inc
0x00000026;P_TIMER_TM1Data_HB@GPL812P01B.inc
0x0000002A;P_CLK_32768_En@GPL812P01B.inc
0x00000080;D_32768En@GPL812P01B.inc
0x00000000;D_32768Dis@GPL812P01B.inc
0x0000002B;P_TIMER_TimeBase_Sel@GPL812P01B.inc
0x00000000;D_32kStr_T2sec@GPL812P01B.inc
0x00000010;D_32kStr_T4sec@GPL812P01B.inc
0x00000000;D_TBL2Hz@GPL812P01B.inc
0x00000008;D_TBL4Hz@GPL812P01B.inc
0x00000004;D_TBL8Hz@GPL812P01B.inc
0x0000000C;D_TBL16Hz@GPL812P01B.inc
0x00000000;D_TBH128Hz@GPL812P01B.inc
0x00000002;D_TBH256Hz@GPL812P01B.inc
0x00000001;D_TBH512Hz@GPL812P01B.inc
0x00000003;D_TBH1KHz@GPL812P01B.inc
0x0000002C;P_IO_Strobe_En@GPL812P01B.inc
0x00000000;D_StrobeDis@GPL812P01B.inc
0x00000001;D_StrobeEn@GPL812P01B.inc
0x00000030;P_WAKEUP_Ctrl@GPL812P01B.inc
0x00000000;D_KeyDis@GPL812P01B.inc
0x00000001;D_KeyEn@GPL812P01B.inc
0x00000002;D_TBLEn@GPL812P01B.inc
0x00000000;D_TBLDis@GPL812P01B.inc
0x00000008;D_TBHEn@GPL812P01B.inc
0x00000000;D_TBHDis@GPL812P01B.inc
0x00000031;P_WAKEUP_Flag@GPL812P01B.inc
0x00000001;D_KEYWFC_En@GPL812P01B.inc
0x00000000;D_KEYWFC_Dis@GPL812P01B.inc
0x00000002;D_TBLWFC_En@GPL812P01B.inc
0x00000000;D_TBLWFC_Dis@GPL812P01B.inc
0x00000008;D_TBHWFC_En@GPL812P01B.inc
0x00000000;D_TBHWFC_Dis@GPL812P01B.inc
0x00000037;P_IO_PortB_WakeUpEN@GPL812P01B.inc
0x00000038;P_IO_PortC_WakeUpEN@GPL812P01B.inc
0x00000039;P_IO_PortD_WakeUpEN@GPL812P01B.inc
0x00000032;P_LCD_Ctrl@GPL812P01B.inc
0x00000090;D_LCDGreenMode_Dis@GPL812P01B.inc
0x00000080;D_LCDGreenMode_En@GPL812P01B.inc
0x00000000;D_LCDMode_Normal@GPL812P01B.inc
0x00000001;D_LCDMode_AllOn@GPL812P01B.inc
0x00000002;D_LCDMode_AllOff@GPL812P01B.inc
0x00000003;D_LCDMode_DisplayOff@GPL812P01B.inc
0x00000000;D_LCDSetting_3Bias_4Duty@GPL812P01B.inc
0x00000004;D_LCDSetting_3Bias_5Duty@GPL812P01B.inc
0x00000008;D_LCDSetting_3Bias_6Duty@GPL812P01B.inc
0x0000000C;D_LCDSetting_4Bias_8Duty@GPL812P01B.inc
0x00000000;D_LCD_VLCD2_5V@GPL812P01B.inc
0x00000020;D_LCD_VLCD2_4V@GPL812P01B.inc
0x00000040;D_LCD_VLCD2_8V@GPL812P01B.inc
0x00000060;D_LCD_VLCDVDD@GPL812P01B.inc
0x00000033;P_LVD_Ctrl@GPL812P01B.inc
0x00000040;D_LVDS_2_7V@GPL812P01B.inc
0x00000000;D_LVDS_2_1V@GPL812P01B.inc
0x00000020;D_LVDS_2_4V@GPL812P01B.inc
0x00000080;D_LVD_En@GPL812P01B.inc
0x00000000;D_LVD_Dis@GPL812P01B.inc
0x00000011;P_PWM_IO_Ctrl@GPL812P01B.inc
0x00000000;D_TX_En@GPL812P01B.inc
0x00000020;D_IO_En@GPL812P01B.inc
0x00000000;D_Driving_50mA@GPL812P01B.inc
0x00000008;D_Driving_100mA@GPL812P01B.inc
0x00000010;D_Driving_200mA@GPL812P01B.inc
0x00000018;D_Driving_400mA@GPL812P01B.inc
0x00000017;P_PWM_EN@GPL812P01B.inc
0x00000000;D_PWMEn@GPL812P01B.inc
0x00000040;D_PWMDis@GPL812P01B.inc
0x0000E000;D_Bank0UserRomStartAddr@GPL812P01B.inc
0x0000FFF6;D_Bank0UserRomEndAddr@GPL812P01B.inc
0x0000FFFA;D_NMIandResetVectorStartAddr@GPL812P01B.inc
0x0000FFFF;D_NMIandResetVectorEndAddr@GPL812P01B.inc
0x00000000;EV_Simualtion@GPL812P01B.inc
0x00000001;OTP_BurnIn@GPL812P01B.inc
0x00000001;GPL812P01Bx_Mode@GPL812P01B.inc
0x000000FF;INVALID_INDEX_BLOCK@rfcDefine.inc
0x00000002;C_MAX_TIME_RFC_INTERVAL@rfcDefine.inc
0x00002710;C_VALUE_RR@rfcDefine.inc
0x00000000;C_TEMPER_MIN@rfcDefine.inc
0x00000046;C_TEMPER_MAX@rfcDefine.inc
0x00000028;C_TEMPER_NMAX@rfcDefine.inc
0x00000014;C_HUM_MIN@rfcDefine.inc
0x0000005A;C_HUM_MAX@rfcDefine.inc
0x00000295;C_RESISTOR_IO_INTER_33@rfcDefine.inc
0x00002729;C_RESISTOR_RR_BCD@rfcDefine.inc
0x00000000;RFC_CHANNEL_1@rfcDefine.inc
0x00000001;RFC_CHANNEL_2@rfcDefine.inc
0x00000000;CFG_RFC_CH@rfcDefine.inc
0x00000000;D_RFC_ScanIdle@rfcDefine.inc
0x00000001;D_RFC_ScanRef@rfcDefine.inc
0x00000002;D_RFC_ScanSen1@rfcDefine.inc
0x00000003;D_RFC_ScanSen2@rfcDefine.inc
0x00000004;D_RfcStatTempCalc@rfcDefine.inc
0x00000005;D_RfcStatHumCalc@rfcDefine.inc
0x00000008;D_RFC_ScanDataReady@rfcDefine.inc
0x00000010;D_RFC_ContinueSacn@rfcDefine.inc
0x00000020;D_RFC_CalculateDone@rfcDefine.inc
0x00000040;D_RFC_TempDataReady@rfcDefine.inc
0x00000080;D_RFC_SensorEn@rfcDefine.inc
0x0000000C;C_MaxDigital@rfcDefine.inc
0x00000006;C_DotPoint@rfcDefine.inc
0x0000000B;C_MaxDotNumber@rfcDefine.inc
0x00000005;C_MaxDigitByte@rfcDefine.inc
0x00000004;C_MaxDecDigitByte@rfcDefine.inc
0x0000000F;C_PointMask@rfcDefine.inc
0x00000003;D_DebounceTime@Macro.inc
0x000000FF;D_LongKeyTime@Macro.inc
0x00000014;D_TenSecond@Macro.inc
0x00000078;D_OneMinute@Macro.inc
0x00000080;C_SramAddrStart@Macro.inc
0x000000FF;C_SramAddrEnd@Macro.inc
0x00000050;C_DPRAMAddrStart@Macro.inc
0x0000005F;C_DPRAMAddrEnd@Macro.inc
0x00000004;D_SetHour@Macro.inc
0x00000005;D_SetMinute@Macro.inc
0x0000003C;D_30SecLightOn@Macro.inc
0x00000015;C_10Sec@Macro.inc
0x00000001;D_Bit0@Macro.inc
0x00000002;D_Bit1@Macro.inc
0x00000004;D_Bit2@Macro.inc
0x00000008;D_Bit3@Macro.inc
0x00000010;D_Bit4@Macro.inc
0x00000020;D_Bit5@Macro.inc
0x00000040;D_Bit6@Macro.inc
0x00000080;D_Bit7@Macro.inc
0x0000003C;C_LCDOff@Key.inc
0x00000001;D_KeyFastAdd@Key.inc
0x00000002;D_LongKey@Key.inc
0x00000004;D_KeyRelDis@Key.inc
0x00000008;D_KeyToneEn@Key.inc
0x00000010;D_Alarming@Key.inc
0x00000020;D_LCDOFF@Key.inc
0x00000040;D_LVD_ON@Key.inc
0x00000001;D_BLight@Key.inc
0x00000002;D_CF@Key.inc
0x00000004;D_MaxValue@Key.inc
0x00000008;D_MinValue@Key.inc
0x00000010;D_BLinhtOn@Key.inc
0x00000020;D_NegFlag@Key.inc
0x00000001;D_OverMax@Key.inc
0x00000002;D_OverMin@Key.inc
0x00000001;D_Dry@Key.inc
0x00000002;D_Mid1@Key.inc
0x00000004;D_Comf@Key.inc
0x00000008;D_Mid2@Key.inc
0x00000010;D_Wet@Key.inc
0x00000020;D_NoArrow@Key.inc
0x00000001;AddOthers@Key.inc
0x00000001;Bit0@RfcDriver.ASM
0x00000002;Bit1@RfcDriver.ASM
0x00000004;Bit2@RfcDriver.ASM
0x00000008;Bit3@RfcDriver.ASM
0x00000010;Bit4@RfcDriver.ASM
0x00000020;Bit5@RfcDriver.ASM
0x00000040;Bit6@RfcDriver.ASM
0x00000080;Bit7@RfcDriver.ASM
0x0000000E;C_Digit14@RfcDriver.ASM
0x00000000;D_RFC_Disable@RfcDriver.ASM
0x00000008;D_RFC_Enable@RfcDriver.ASM
0x00000001;D_RFC0_Enable@RfcDriver.ASM
0x00000002;D_RFC1_Enable@RfcDriver.ASM
0x00000004;D_RFC2_Enable@RfcDriver.ASM
0x0000000F;D_RFC_Mask@RfcDriver.ASM
0x00000025;P_TMB_CNTL@RfcDriver.ASM
0x00000026;P_TMB_CNTH@RfcDriver.ASM
0x00000001;P_IOC_DIR@RfcDriver.ASM
0x00000005;P_IOC_ATT@RfcDriver.ASM
0x00000009;P_IOC_DAT@RfcDriver.ASM
0x00000086;RB_RfcInterval@RfcDriver.ASM
0x00000001;D_Cal_ready@RfcDriver.ASM
0x00000002;D_Cal_ing@RfcDriver.ASM
0x00000088;R_TM1Data_LB@RfcDriver.ASM
0x00000089;R_TM1Data_HB@RfcDriver.ASM
0x0000008A;R_Sample_Count@RfcDriver.ASM
0x0000008B;R_Temp_Buf1@RfcDriver.ASM
0x0000008F;R_Temp_Buf2@RfcDriver.ASM
0x00000093;R_Temp_Buf3@RfcDriver.ASM
0x00000097;R_Hum_Buf1@RfcDriver.ASM
0x00000098;R_Hum_Buf2@RfcDriver.ASM
0x00000099;R_Hum_Buf3@RfcDriver.ASM
0x0000E982;F_DischargeRfcIO@RfcDriver.ASM
0x0000E987;F_EnableRfcTimer@RfcDriver.ASM
0x0000E98C;F_DisableRfcTimer@RfcDriver.ASM
0x0000E993;F_DisableRFC@RfcDriver.ASM
0x0000E998;F_Timercal@RfcDriver.ASM
0x0000EA10;T_RfcStateFunc@RfcDriver.ASM
0x0000EA1A;F_RFCIDle@RfcDriver.ASM
0x0000EA27;F_TRefOsc@RfcDriver.ASM
0x0000EA50;F_TSenOsc@RfcDriver.ASM
0x0000EA97;F_TSen2Osc@RfcDriver.ASM
0x0000EADE;F_RFC_GetTemper@RfcDriver.ASM
0x0000EB7F;L_TempRFC_Fail@RfcDriver.ASM
0x0000EB98;F_Store_Buf1@RfcDriver.ASM
0x0000EBB2;F_Store_Buf2@RfcDriver.ASM
0x0000EBCC;F_Store_Buf3@RfcDriver.ASM
0x0000EBE6;F_Filter_Temp_Hum@RfcDriver.ASM
0x0000EC42;F_Compare_Buf1_Buf2@RfcDriver.ASM
0x0000EC62;F_Compare_Abs_1_2@RfcDriver.ASM
0x0000EC73;F_Swap_Buf1_Buf2@RfcDriver.ASM
0x0000EC94;F_Compare_Buf2_Buf3@RfcDriver.ASM
0x0000ECB4;F_Compare_Abs_2_3@RfcDriver.ASM
0x0000ECC5;F_Swap_Buf2_Buf3@RfcDriver.ASM
0x0000009A;F_Copy_Answer_Aux@rfc.asm
0x0000009B;F_Copy_Aux_Input@rfc.asm
0x00000001;GPL812P01Bx@GPL812P01B.inc
0x00000001;GPL812PX_Body_inc@GPL812P01B.inc
0x00000001;GPL812PX@GPL812P01B.inc
0x0000003F;P_SRAM_Ctrl@GPL812P01B.inc
0x00000011;P_IO_Green_Ctrl@GPL812P01B.inc
0x00000020;D_IO_GreenEn@GPL812P01B.inc
0x00000000;D_IO_GreenDis@GPL812P01B.inc
0x0000000B;P_IO_PortA_Dir@GPL812P01B.inc
0x00000003;P_IO_PortA_Attrib@GPL812P01B.inc
0x00000007;P_IO_PortA_Data@GPL812P01B.inc
0x0000000C;P_IO_PortA_Buffer@GPL812P01B.inc
0x0000004A;P_IOA_LCDPORT_Ctrl@GPL812P01B.inc
0x00000048;P_IOA_SEGCOM_Ctrl@GPL812P01B.inc
0x00000040;D_PortA6_COM6@GPL812P01B.inc
0x00000080;D_PortA7_COM7@GPL812P01B.inc
0x00000000;P_IO_PortB_Dir@GPL812P01B.inc
0x00000004;P_IO_PortB_Attrib@GPL812P01B.inc
0x00000008;P_IO_PortB_Data@GPL812P01B.inc
0x0000000D;P_IO_PortB_Buffer@GPL812P01B.inc
0x0000002D;P_IO_PortB_Strobe_En@GPL812P01B.inc
0x0000004B;P_IOB_LCDPORT_Ctrl@GPL812P01B.inc
0x00000049;P_IOB_SEGCOM_Ctrl@GPL812P01B.inc
0x00000001;D_PortB0_COM0@GPL812P01B.inc
0x00000002;D_PortB1_COM1@GPL812P01B.inc
0x00000004;D_PortB2_COM2@GPL812P01B.inc
0x00000008;D_PortB3_COM3@GPL812P01B.inc
0x00000001;P_IO_PortC_Dir@GPL812P01B.inc
0x00000005;P_IO_PortC_Attrib@GPL812P01B.inc
0x00000009;P_IO_PortC_Data@GPL812P01B.inc
0x0000000E;P_IO_PortC_Buffer@GPL812P01B.inc
0x0000002E;P_IO_PortC_Strobe_En@GPL812P01B.inc
0x0000004C;P_IOC_LCDPORT_Ctrl@GPL812P01B.inc
0x00000034;P_IOC_SEGCOM_Ctrl@GPL812P01B.inc
0x00000001;D_PortC0_COM5@GPL812P01B.inc
0x00000002;D_PortC1_COM4@GPL812P01B.inc
0x00000010;D_PortC4_COM3@GPL812P01B.inc
0x00000020;D_PortC5_COM2@GPL812P01B.inc
0x00000040;D_PortC6_COM1@GPL812P01B.inc
0x00000080;D_PortC7_COM0@GPL812P01B.inc
0x00000002;P_IO_PortD_Dir@GPL812P01B.inc
0x00000006;P_IO_PortD_Attrib@GPL812P01B.inc
0x0000000A;P_IO_PortD_Data@GPL812P01B.inc
0x0000000F;P_IO_PortD_Buffer@GPL812P01B.inc
0x0000002F;P_IO_PortD_Strobe_En@GPL812P01B.inc
0x00000035;P_IOD_LCDPORT_Ctrl@GPL812P01B.inc
0x00000004;D_PortD2_SEG1@GPL812P01B.inc
0x00000008;D_PortD3_SEG0@GPL812P01B.inc
0x00000012;P_SYSTEM_Ctrl@GPL812P01B.inc
0x000000AA;D_SYS_Sleep@GPL812P01B.inc
0x00000017;P_SYSTEM_Green_Ctrl@GPL812P01B.inc
0x00000000;D_GreenDis@GPL812P01B.inc
0x00000040;D_GreenEn@GPL812P01B.inc
0x00000020;P_WDT_Flag_Clear@GPL812P01B.inc
0x000000AA;D_WDT_Clear@GPL812P01B.inc
0x00000013;P_INT_Ctrl0@GPL812P01B.inc
0x00000000;D_INT_Ctrl0_Dis@GPL812P01B.inc
0x00000001;D_CPUDiv2MHz_INT_En@GPL812P01B.inc
0x00000002;D_CPUDiv32KHz_INT_En@GPL812P01B.inc
0x00000004;D_CPUDiv4KHz_INT_En@GPL812P01B.inc
0x00000008;D_CPUDiv1KHz_INT_En@GPL812P01B.inc
0x00000010;D_TM1O_INT_En@GPL812P01B.inc
0x00000040;D_TM0O_INT_En@GPL812P01B.inc
0x00000014;P_INT_Clear0@GPL812P01B.inc
0x00000001;D_2MHz_Clr@GPL812P01B.inc
0x00000002;D_32KHz_Clr@GPL812P01B.inc
0x00000004;D_4KHz_Clr@GPL812P01B.inc
0x00000008;D_1KHz_Clr@GPL812P01B.inc
0x00000010;D_TM1O_Clr@GPL812P01B.inc
0x00000040;D_TM0O_Clr@GPL812P01B.inc
0x00000015;P_INT_Ctrl1@GPL812P01B.inc
0x00000000;D_INT_Ctrl1_Dis@GPL812P01B.inc
0x00000010;D_TBL_INT_En@GPL812P01B.inc
0x00000020;D_TBH_INT_En@GPL812P01B.inc
0x00000016;P_INT_Clear1@GPL812P01B.inc
0x00000010;D_TBL_Clr@GPL812P01B.inc
0x00000020;D_TBH_Clr@GPL812P01B.inc
0x00000018;P_INT_Ctrl2@GPL812P01B.inc
0x00000000;D_INT_Ctrl2_Dis@GPL812P01B.inc
0x00000001;D_EXT_INT0@GPL812P01B.inc
0x00000002;D_EXT_INT1@GPL812P01B.inc
0x00000019;P_INT_Clear2@GPL812P01B.inc
0x00000001;D_PB0_Clr@GPL812P01B.inc
0x00000002;D_PB1_Clr@GPL812P01B.inc
0x0000001E;P_RFC_Ctrl@GPL812P01B.inc
0x00000001;D_RFC0_PC4@GPL812P01B.inc
0x00000002;D_RFC1_PC5@GPL812P01B.inc
0x00000004;D_RFC2_PC6@GPL812P01B.inc
0x00000008;D_RFCEN@GPL812P01B.inc
0x00000000;D_RFCDis@GPL812P01B.inc
0x00000021;P_TIMER_Timer0_Ctrl@GPL812P01B.inc
0x00000000;D_TM0Fosc@GPL812P01B.inc
0x00000010;D_TM0FoscDiv2@GPL812P01B.inc
0x00000020;D_TM0FoscDiv4@GPL812P01B.inc
0x00000030;D_TM0FoscDiv16@GPL812P01B.inc
0x00000080;D_TM0En@GPL812P01B.inc
0x00000000;D_TM0Dis@GPL812P01B.inc
0x00000022;P_TIMER_Timer1_Ctrl@GPL812P01B.inc
0x00000000;D_TM1Fosc@GPL812P01B.inc
0x00000010;D_TM1FoscDiv4@GPL812P01B.inc
0x00000020;D_TM1FoscDiv64@GPL812P01B.inc
0x00000030;C_TM1CLK_TM0OF@GPL812P01B.inc
0x00000040;D_TM1PortC7TM1Clk@GPL812P01B.inc
0x00000080;D_TM1En@GPL812P01B.inc
0x00000000;D_TM1Dis@GPL812P01B.inc
0x00000023;P_TIMER_TM0Data_LB@GPL812P01B.inc
0x00000025;P_TIMER_TM1Data_LB@GPL812P01B.inc
0x00000026;P_TIMER_TM1Data_HB@GPL812P01B.inc
0x0000002A;P_CLK_32768_En@GPL812P01B.inc
0x00000080;D_32768En@GPL812P01B.inc
0x00000000;D_32768Dis@GPL812P01B.inc
0x0000002B;P_TIMER_TimeBase_Sel@GPL812P01B.inc
0x00000000;D_32kStr_T2sec@GPL812P01B.inc
0x00000010;D_32kStr_T4sec@GPL812P01B.inc
0x00000000;D_TBL2Hz@GPL812P01B.inc
0x00000008;D_TBL4Hz@GPL812P01B.inc
0x00000004;D_TBL8Hz@GPL812P01B.inc
0x0000000C;D_TBL16Hz@GPL812P01B.inc
0x00000000;D_TBH128Hz@GPL812P01B.inc
0x00000002;D_TBH256Hz@GPL812P01B.inc
0x00000001;D_TBH512Hz@GPL812P01B.inc
0x00000003;D_TBH1KHz@GPL812P01B.inc
0x0000002C;P_IO_Strobe_En@GPL812P01B.inc
0x00000000;D_StrobeDis@GPL812P01B.inc
0x00000001;D_StrobeEn@GPL812P01B.inc
0x00000030;P_WAKEUP_Ctrl@GPL812P01B.inc
0x00000000;D_KeyDis@GPL812P01B.inc
0x00000001;D_KeyEn@GPL812P01B.inc
0x00000002;D_TBLEn@GPL812P01B.inc
0x00000000;D_TBLDis@GPL812P01B.inc
0x00000008;D_TBHEn@GPL812P01B.inc
0x00000000;D_TBHDis@GPL812P01B.inc
0x00000031;P_WAKEUP_Flag@GPL812P01B.inc
0x00000001;D_KEYWFC_En@GPL812P01B.inc
0x00000000;D_KEYWFC_Dis@GPL812P01B.inc
0x00000002;D_TBLWFC_En@GPL812P01B.inc
0x00000000;D_TBLWFC_Dis@GPL812P01B.inc
0x00000008;D_TBHWFC_En@GPL812P01B.inc
0x00000000;D_TBHWFC_Dis@GPL812P01B.inc
0x00000037;P_IO_PortB_WakeUpEN@GPL812P01B.inc
0x00000038;P_IO_PortC_WakeUpEN@GPL812P01B.inc
0x00000039;P_IO_PortD_WakeUpEN@GPL812P01B.inc
0x00000032;P_LCD_Ctrl@GPL812P01B.inc
0x00000090;D_LCDGreenMode_Dis@GPL812P01B.inc
0x00000080;D_LCDGreenMode_En@GPL812P01B.inc
0x00000000;D_LCDMode_Normal@GPL812P01B.inc
0x00000001;D_LCDMode_AllOn@GPL812P01B.inc
0x00000002;D_LCDMode_AllOff@GPL812P01B.inc
0x00000003;D_LCDMode_DisplayOff@GPL812P01B.inc
0x00000000;D_LCDSetting_3Bias_4Duty@GPL812P01B.inc
0x00000004;D_LCDSetting_3Bias_5Duty@GPL812P01B.inc
0x00000008;D_LCDSetting_3Bias_6Duty@GPL812P01B.inc
0x0000000C;D_LCDSetting_4Bias_8Duty@GPL812P01B.inc
0x00000000;D_LCD_VLCD2_5V@GPL812P01B.inc
0x00000020;D_LCD_VLCD2_4V@GPL812P01B.inc
0x00000040;D_LCD_VLCD2_8V@GPL812P01B.inc
0x00000060;D_LCD_VLCDVDD@GPL812P01B.inc
0x00000033;P_LVD_Ctrl@GPL812P01B.inc
0x00000040;D_LVDS_2_7V@GPL812P01B.inc
0x00000000;D_LVDS_2_1V@GPL812P01B.inc
0x00000020;D_LVDS_2_4V@GPL812P01B.inc
0x00000080;D_LVD_En@GPL812P01B.inc
0x00000000;D_LVD_Dis@GPL812P01B.inc
0x00000011;P_PWM_IO_Ctrl@GPL812P01B.inc
0x00000000;D_TX_En@GPL812P01B.inc
0x00000020;D_IO_En@GPL812P01B.inc
0x00000000;D_Driving_50mA@GPL812P01B.inc
0x00000008;D_Driving_100mA@GPL812P01B.inc
0x00000010;D_Driving_200mA@GPL812P01B.inc
0x00000018;D_Driving_400mA@GPL812P01B.inc
0x00000017;P_PWM_EN@GPL812P01B.inc
0x00000000;D_PWMEn@GPL812P01B.inc
0x00000040;D_PWMDis@GPL812P01B.inc
0x0000E000;D_Bank0UserRomStartAddr@GPL812P01B.inc
0x0000FFF6;D_Bank0UserRomEndAddr@GPL812P01B.inc
0x0000FFFA;D_NMIandResetVectorStartAddr@GPL812P01B.inc
0x0000FFFF;D_NMIandResetVectorEndAddr@GPL812P01B.inc
0x00000000;EV_Simualtion@GPL812P01B.inc
0x00000001;OTP_BurnIn@GPL812P01B.inc
0x00000001;GPL812P01Bx_Mode@GPL812P01B.inc
0x00000001;_GPL812P01B_LCM_Driver_inc_@GPL812P01B_LCM_Driver.inc
0x00000001;_LCD_Setting_inc_@GPL812P01B_LCD.inc
0x00000003;D_DebounceTime@Macro.inc
0x000000FF;D_LongKeyTime@Macro.inc
0x00000014;D_TenSecond@Macro.inc
0x00000078;D_OneMinute@Macro.inc
0x00000080;C_SramAddrStart@Macro.inc
0x000000FF;C_SramAddrEnd@Macro.inc
0x00000050;C_DPRAMAddrStart@Macro.inc
0x0000005F;C_DPRAMAddrEnd@Macro.inc
0x00000004;D_SetHour@Macro.inc
0x00000005;D_SetMinute@Macro.inc
0x0000003C;D_30SecLightOn@Macro.inc
0x00000015;C_10Sec@Macro.inc
0x00000001;D_Bit0@Macro.inc
0x00000002;D_Bit1@Macro.inc
0x00000004;D_Bit2@Macro.inc
0x00000008;D_Bit3@Macro.inc
0x00000010;D_Bit4@Macro.inc
0x00000020;D_Bit5@Macro.inc
0x00000040;D_Bit6@Macro.inc
0x00000080;D_Bit7@Macro.inc
0x0000003C;C_LCDOff@Key.inc
0x00000001;D_KeyFastAdd@Key.inc
0x00000002;D_LongKey@Key.inc
0x00000004;D_KeyRelDis@Key.inc
0x00000008;D_KeyToneEn@Key.inc
0x00000010;D_Alarming@Key.inc
0x00000020;D_LCDOFF@Key.inc
0x00000040;D_LVD_ON@Key.inc
0x00000001;D_BLight@Key.inc
0x00000002;D_CF@Key.inc
0x00000004;D_MaxValue@Key.inc
0x00000008;D_MinValue@Key.inc
0x00000010;D_BLinhtOn@Key.inc
0x00000020;D_NegFlag@Key.inc
0x00000001;D_OverMax@Key.inc
0x00000002;D_OverMin@Key.inc
0x00000001;D_Dry@Key.inc
0x00000002;D_Mid1@Key.inc
0x00000004;D_Comf@Key.inc
0x00000008;D_Mid2@Key.inc
0x00000010;D_Wet@Key.inc
0x00000020;D_NoArrow@Key.inc
0x00000001;AddOthers@Key.inc
0x0000009C;R_Temp0@Display.asm
0x0000009D;R_Temp1@Display.asm
0x0000009E;R_Temp2@Display.asm
0x0000009F;R_Temp3@Display.asm
0x000000A0;R_Temp4@Display.asm
0x000000A1;R_Temp5@Display.asm
0x000000A3;TempData@Display.asm
0x000000A5;HumData@Display.asm
0x000000A7;R_H100@Display.asm
0x0000ECE6;F_DisplayAllMode@Display.asm
0x0000ED06;F_DisplayTemperaute@Display.asm
0x0000ED10;F_DisplayTemperauteC@Display.asm
0x0000ED1A;L_DisTemp_0_70@Display.asm
0x0000ED42;F_DispNorm@Display.asm
0x0000ED87;F_DisplayTemperauteF@Display.asm
0x0000EE2A;F_DisplayHumidity@Display.asm
0x0000EE58;F_DispTHIcon@Display.asm
0x0000EE5E;F_JudgeDispCF@Display.asm
0x0000EE6B;F_DispTC@Display.asm
0x0000EE76;F_DispTF@Display.asm
0x0000EE81;F_DispCurrentHum@Display.asm
0x0000EE96;F_DisplayDry@Display.asm
0x0000EEA6;F_DisplayComf@Display.asm
0x0000EEB6;F_DisplayWet@Display.asm
0x0000EEC6;F_NoDispFeel@Display.asm
0x0000EED6;Display_Weather@Display.asm
0x0000EF50;F_DispTheSevenSegChar@Display.asm
0x0000EF53;F_DisplaySevenIcon@Display.asm
0x0000EF66;L_DispByte_1@Display.asm
0x0000EF72;L_DispByte_1_0@Display.asm
0x0000EF7A;L_DispByte_1_1@Display.asm
0x0000EF80;L_DispByte_1_1_0@Display.asm
0x0000EF8F;L_DispByte_1_1_1@Display.asm
0x0000EF9C;F_DisplayBit@Display.asm
0x0000EFB0;F_NoDisplayBit@Display.asm
0x00000000;C_Com0MinByteNum@Display.asm
0x00000002;C_Com1MinByteNum@Display.asm
0x00000004;C_Com2MinByteNum@Display.asm
0x00000006;C_Com3MinByteNum@Display.asm
0x00000008;C_Com4MinByteNum@Display.asm
0x0000000E;Seg00@Display.asm
0x0000000D;Seg01@Display.asm
0x0000000C;Seg02@Display.asm
0x0000000B;Seg03@Display.asm
0x0000000A;Seg04@Display.asm
0x00000009;Seg05@Display.asm
0x00000008;Seg06@Display.asm
0x00000007;Seg07@Display.asm
0x00000006;Seg08@Display.asm
0x00000040;C_Seg00@Display.asm
0x00000020;C_Seg01@Display.asm
0x00000010;C_Seg02@Display.asm
0x00000008;C_Seg03@Display.asm
0x00000004;C_Seg04@Display.asm
0x00000002;C_Seg05@Display.asm
0x00000001;C_Seg06@Display.asm
0x00000080;C_Seg07@Display.asm
0x00000040;C_Seg08@Display.asm
0x0000EFC6;T_SevenSegCharPosIndexTab@Display.asm
0x0000EFD0;T_SevenSegCharBitMapTab@Display.asm
0x0000EFE2;T_Digital1DispTab@Display.asm
0x0000EFF0;T_Digital1DispTabEnd@Display.asm
0x0000EFF0;T_Digital2DispTab@Display.asm
0x0000EFFE;T_Digital2DispTabEnd@Display.asm
0x0000EFFE;T_Digital3DispTab@Display.asm
0x0000F00C;T_Digital3DispTabEnd@Display.asm
0x0000F00C;T_Digital4DispTab@Display.asm
0x0000F01A;T_Digital4DispTabEnd@Display.asm
0x0000F01A;T_Digital5DispTab@Display.asm
0x0000F028;T_Digital5DispTabEnd@Display.asm
0x0000F028;T_ICON@Display.asm
0x00000000;T_THIcon@Display.asm
0x00000002;T_Dry@Display.asm
0x00000004;T_Comf@Display.asm
0x00000006;T_Wed@Display.asm
0x00000008;T_TC@Display.asm
0x0000000A;T_TF@Display.asm
0x0000000C;T_DP@Display.asm
0x0000000E;T_rain@Display.asm
0x00000010;T_Cloud@Display.asm
0x00000012;T_Sun@Display.asm
0x00000001;GPL812P01Bx@GPL812P01B.inc
0x00000001;GPL812PX_Body_inc@GPL812P01B.inc
0x00000001;GPL812PX@GPL812P01B.inc
0x0000003F;P_SRAM_Ctrl@GPL812P01B.inc
0x00000011;P_IO_Green_Ctrl@GPL812P01B.inc
0x00000020;D_IO_GreenEn@GPL812P01B.inc
0x00000000;D_IO_GreenDis@GPL812P01B.inc
0x0000000B;P_IO_PortA_Dir@GPL812P01B.inc
0x00000003;P_IO_PortA_Attrib@GPL812P01B.inc
0x00000007;P_IO_PortA_Data@GPL812P01B.inc
0x0000000C;P_IO_PortA_Buffer@GPL812P01B.inc
0x0000004A;P_IOA_LCDPORT_Ctrl@GPL812P01B.inc
0x00000048;P_IOA_SEGCOM_Ctrl@GPL812P01B.inc
0x00000040;D_PortA6_COM6@GPL812P01B.inc
0x00000080;D_PortA7_COM7@GPL812P01B.inc
0x00000000;P_IO_PortB_Dir@GPL812P01B.inc
0x00000004;P_IO_PortB_Attrib@GPL812P01B.inc
0x00000008;P_IO_PortB_Data@GPL812P01B.inc
0x0000000D;P_IO_PortB_Buffer@GPL812P01B.inc
0x0000002D;P_IO_PortB_Strobe_En@GPL812P01B.inc
0x0000004B;P_IOB_LCDPORT_Ctrl@GPL812P01B.inc
0x00000049;P_IOB_SEGCOM_Ctrl@GPL812P01B.inc
0x00000001;D_PortB0_COM0@GPL812P01B.inc
0x00000002;D_PortB1_COM1@GPL812P01B.inc
0x00000004;D_PortB2_COM2@GPL812P01B.inc
0x00000008;D_PortB3_COM3@GPL812P01B.inc
0x00000001;P_IO_PortC_Dir@GPL812P01B.inc
0x00000005;P_IO_PortC_Attrib@GPL812P01B.inc
0x00000009;P_IO_PortC_Data@GPL812P01B.inc
0x0000000E;P_IO_PortC_Buffer@GPL812P01B.inc
0x0000002E;P_IO_PortC_Strobe_En@GPL812P01B.inc
0x0000004C;P_IOC_LCDPORT_Ctrl@GPL812P01B.inc
0x00000034;P_IOC_SEGCOM_Ctrl@GPL812P01B.inc
0x00000001;D_PortC0_COM5@GPL812P01B.inc
0x00000002;D_PortC1_COM4@GPL812P01B.inc
0x00000010;D_PortC4_COM3@GPL812P01B.inc
0x00000020;D_PortC5_COM2@GPL812P01B.inc
0x00000040;D_PortC6_COM1@GPL812P01B.inc
0x00000080;D_PortC7_COM0@GPL812P01B.inc
0x00000002;P_IO_PortD_Dir@GPL812P01B.inc
0x00000006;P_IO_PortD_Attrib@GPL812P01B.inc
0x0000000A;P_IO_PortD_Data@GPL812P01B.inc
0x0000000F;P_IO_PortD_Buffer@GPL812P01B.inc
0x0000002F;P_IO_PortD_Strobe_En@GPL812P01B.inc
0x00000035;P_IOD_LCDPORT_Ctrl@GPL812P01B.inc
0x00000004;D_PortD2_SEG1@GPL812P01B.inc
0x00000008;D_PortD3_SEG0@GPL812P01B.inc
0x00000012;P_SYSTEM_Ctrl@GPL812P01B.inc
0x000000AA;D_SYS_Sleep@GPL812P01B.inc
0x00000017;P_SYSTEM_Green_Ctrl@GPL812P01B.inc
0x00000000;D_GreenDis@GPL812P01B.inc
0x00000040;D_GreenEn@GPL812P01B.inc
0x00000020;P_WDT_Flag_Clear@GPL812P01B.inc
0x000000AA;D_WDT_Clear@GPL812P01B.inc
0x00000013;P_INT_Ctrl0@GPL812P01B.inc
0x00000000;D_INT_Ctrl0_Dis@GPL812P01B.inc
0x00000001;D_CPUDiv2MHz_INT_En@GPL812P01B.inc
0x00000002;D_CPUDiv32KHz_INT_En@GPL812P01B.inc
0x00000004;D_CPUDiv4KHz_INT_En@GPL812P01B.inc
0x00000008;D_CPUDiv1KHz_INT_En@GPL812P01B.inc
0x00000010;D_TM1O_INT_En@GPL812P01B.inc
0x00000040;D_TM0O_INT_En@GPL812P01B.inc
0x00000014;P_INT_Clear0@GPL812P01B.inc
0x00000001;D_2MHz_Clr@GPL812P01B.inc
0x00000002;D_32KHz_Clr@GPL812P01B.inc
0x00000004;D_4KHz_Clr@GPL812P01B.inc
0x00000008;D_1KHz_Clr@GPL812P01B.inc
0x00000010;D_TM1O_Clr@GPL812P01B.inc
0x00000040;D_TM0O_Clr@GPL812P01B.inc
0x00000015;P_INT_Ctrl1@GPL812P01B.inc
0x00000000;D_INT_Ctrl1_Dis@GPL812P01B.inc
0x00000010;D_TBL_INT_En@GPL812P01B.inc
0x00000020;D_TBH_INT_En@GPL812P01B.inc
0x00000016;P_INT_Clear1@GPL812P01B.inc
0x00000010;D_TBL_Clr@GPL812P01B.inc
0x00000020;D_TBH_Clr@GPL812P01B.inc
0x00000018;P_INT_Ctrl2@GPL812P01B.inc
0x00000000;D_INT_Ctrl2_Dis@GPL812P01B.inc
0x00000001;D_EXT_INT0@GPL812P01B.inc
0x00000002;D_EXT_INT1@GPL812P01B.inc
0x00000019;P_INT_Clear2@GPL812P01B.inc
0x00000001;D_PB0_Clr@GPL812P01B.inc
0x00000002;D_PB1_Clr@GPL812P01B.inc
0x0000001E;P_RFC_Ctrl@GPL812P01B.inc
0x00000001;D_RFC0_PC4@GPL812P01B.inc
0x00000002;D_RFC1_PC5@GPL812P01B.inc
0x00000004;D_RFC2_PC6@GPL812P01B.inc
0x00000008;D_RFCEN@GPL812P01B.inc
0x00000000;D_RFCDis@GPL812P01B.inc
0x00000021;P_TIMER_Timer0_Ctrl@GPL812P01B.inc
0x00000000;D_TM0Fosc@GPL812P01B.inc
0x00000010;D_TM0FoscDiv2@GPL812P01B.inc
0x00000020;D_TM0FoscDiv4@GPL812P01B.inc
0x00000030;D_TM0FoscDiv16@GPL812P01B.inc
0x00000080;D_TM0En@GPL812P01B.inc
0x00000000;D_TM0Dis@GPL812P01B.inc
0x00000022;P_TIMER_Timer1_Ctrl@GPL812P01B.inc
0x00000000;D_TM1Fosc@GPL812P01B.inc
0x00000010;D_TM1FoscDiv4@GPL812P01B.inc
0x00000020;D_TM1FoscDiv64@GPL812P01B.inc
0x00000030;C_TM1CLK_TM0OF@GPL812P01B.inc
0x00000040;D_TM1PortC7TM1Clk@GPL812P01B.inc
0x00000080;D_TM1En@GPL812P01B.inc
0x00000000;D_TM1Dis@GPL812P01B.inc
0x00000023;P_TIMER_TM0Data_LB@GPL812P01B.inc
0x00000025;P_TIMER_TM1Data_LB@GPL812P01B.inc
0x00000026;P_TIMER_TM1Data_HB@GPL812P01B.inc
0x0000002A;P_CLK_32768_En@GPL812P01B.inc
0x00000080;D_32768En@GPL812P01B.inc
0x00000000;D_32768Dis@GPL812P01B.inc
0x0000002B;P_TIMER_TimeBase_Sel@GPL812P01B.inc
0x00000000;D_32kStr_T2sec@GPL812P01B.inc
0x00000010;D_32kStr_T4sec@GPL812P01B.inc
0x00000000;D_TBL2Hz@GPL812P01B.inc
0x00000008;D_TBL4Hz@GPL812P01B.inc
0x00000004;D_TBL8Hz@GPL812P01B.inc
0x0000000C;D_TBL16Hz@GPL812P01B.inc
0x00000000;D_TBH128Hz@GPL812P01B.inc
0x00000002;D_TBH256Hz@GPL812P01B.inc
0x00000001;D_TBH512Hz@GPL812P01B.inc
0x00000003;D_TBH1KHz@GPL812P01B.inc
0x0000002C;P_IO_Strobe_En@GPL812P01B.inc
0x00000000;D_StrobeDis@GPL812P01B.inc
0x00000001;D_StrobeEn@GPL812P01B.inc
0x00000030;P_WAKEUP_Ctrl@GPL812P01B.inc
0x00000000;D_KeyDis@GPL812P01B.inc
0x00000001;D_KeyEn@GPL812P01B.inc
0x00000002;D_TBLEn@GPL812P01B.inc
0x00000000;D_TBLDis@GPL812P01B.inc
0x00000008;D_TBHEn@GPL812P01B.inc
0x00000000;D_TBHDis@GPL812P01B.inc
0x00000031;P_WAKEUP_Flag@GPL812P01B.inc
0x00000001;D_KEYWFC_En@GPL812P01B.inc
0x00000000;D_KEYWFC_Dis@GPL812P01B.inc
0x00000002;D_TBLWFC_En@GPL812P01B.inc
0x00000000;D_TBLWFC_Dis@GPL812P01B.inc
0x00000008;D_TBHWFC_En@GPL812P01B.inc
0x00000000;D_TBHWFC_Dis@GPL812P01B.inc
0x00000037;P_IO_PortB_WakeUpEN@GPL812P01B.inc
0x00000038;P_IO_PortC_WakeUpEN@GPL812P01B.inc
0x00000039;P_IO_PortD_WakeUpEN@GPL812P01B.inc
0x00000032;P_LCD_Ctrl@GPL812P01B.inc
0x00000090;D_LCDGreenMode_Dis@GPL812P01B.inc
0x00000080;D_LCDGreenMode_En@GPL812P01B.inc
0x00000000;D_LCDMode_Normal@GPL812P01B.inc
0x00000001;D_LCDMode_AllOn@GPL812P01B.inc
0x00000002;D_LCDMode_AllOff@GPL812P01B.inc
0x00000003;D_LCDMode_DisplayOff@GPL812P01B.inc
0x00000000;D_LCDSetting_3Bias_4Duty@GPL812P01B.inc
0x00000004;D_LCDSetting_3Bias_5Duty@GPL812P01B.inc
0x00000008;D_LCDSetting_3Bias_6Duty@GPL812P01B.inc
0x0000000C;D_LCDSetting_4Bias_8Duty@GPL812P01B.inc
0x00000000;D_LCD_VLCD2_5V@GPL812P01B.inc
0x00000020;D_LCD_VLCD2_4V@GPL812P01B.inc
0x00000040;D_LCD_VLCD2_8V@GPL812P01B.inc
0x00000060;D_LCD_VLCDVDD@GPL812P01B.inc
0x00000033;P_LVD_Ctrl@GPL812P01B.inc
0x00000040;D_LVDS_2_7V@GPL812P01B.inc
0x00000000;D_LVDS_2_1V@GPL812P01B.inc
0x00000020;D_LVDS_2_4V@GPL812P01B.inc
0x00000080;D_LVD_En@GPL812P01B.inc
0x00000000;D_LVD_Dis@GPL812P01B.inc
0x00000011;P_PWM_IO_Ctrl@GPL812P01B.inc
0x00000000;D_TX_En@GPL812P01B.inc
0x00000020;D_IO_En@GPL812P01B.inc
0x00000000;D_Driving_50mA@GPL812P01B.inc
0x00000008;D_Driving_100mA@GPL812P01B.inc
0x00000010;D_Driving_200mA@GPL812P01B.inc
0x00000018;D_Driving_400mA@GPL812P01B.inc
0x00000017;P_PWM_EN@GPL812P01B.inc
0x00000000;D_PWMEn@GPL812P01B.inc
0x00000040;D_PWMDis@GPL812P01B.inc
0x0000E000;D_Bank0UserRomStartAddr@GPL812P01B.inc
0x0000FFF6;D_Bank0UserRomEndAddr@GPL812P01B.inc
0x0000FFFA;D_NMIandResetVectorStartAddr@GPL812P01B.inc
0x0000FFFF;D_NMIandResetVectorEndAddr@GPL812P01B.inc
0x00000000;EV_Simualtion@GPL812P01B.inc
0x00000001;OTP_BurnIn@GPL812P01B.inc
0x00000001;GPL812P01Bx_Mode@GPL812P01B.inc
0x00000001;_GPL812P01B_LCM_Driver_inc_@GPL812P01B_LCM_Driver.inc
0x00000001;_LCD_Setting_inc_@GPL812P01B_LCD.inc
0x00000003;D_DebounceTime@Macro.inc
0x000000FF;D_LongKeyTime@Macro.inc
0x00000014;D_TenSecond@Macro.inc
0x00000078;D_OneMinute@Macro.inc
0x00000080;C_SramAddrStart@Macro.inc
0x000000FF;C_SramAddrEnd@Macro.inc
0x00000050;C_DPRAMAddrStart@Macro.inc
0x0000005F;C_DPRAMAddrEnd@Macro.inc
0x00000004;D_SetHour@Macro.inc
0x00000005;D_SetMinute@Macro.inc
0x0000003C;D_30SecLightOn@Macro.inc
0x00000015;C_10Sec@Macro.inc
0x00000001;D_Bit0@Macro.inc
0x00000002;D_Bit1@Macro.inc
0x00000004;D_Bit2@Macro.inc
0x00000008;D_Bit3@Macro.inc
0x00000010;D_Bit4@Macro.inc
0x00000020;D_Bit5@Macro.inc
0x00000040;D_Bit6@Macro.inc
0x00000080;D_Bit7@Macro.inc
0x000000A8;R_KeyTemp@key.asm
0x000000AA;R_OldKeyValue@key.asm
0x00000020;D_CFKey@key.asm
0x00000004;C_KeyDebounce@key.asm
0x00000080;C_LongKey2Sec@key.asm
0x00000012;C_FastAdd@key.asm
0x00000001;D_KeyFastAdd@key.asm
0x00000002;D_LongKey@key.asm
0x00000004;D_KeyRelDis@key.asm
0x00000008;D_KeyToneEn@key.asm
0x00000010;D_Alarming@key.asm
0x00000020;D_LCDOFF@key.asm
0x00000040;D_LVD_ON@key.asm
0x00000001;D_BLight@key.asm
0x00000002;D_CF@key.asm
0x00000004;D_MaxValue@key.asm
0x00000008;D_MinValue@key.asm
0x00000010;D_BLinhtOn@key.asm
0x00000020;D_NegFlag@key.asm
0x00000001;D_Dry@key.asm
0x00000002;D_Mid1@key.asm
0x00000004;D_Comf@key.asm
0x00000008;D_Mid2@key.asm
0x00000010;D_Wet@key.asm
0x00000020;D_NoArrow@key.asm
0x000000B6;R_AutoBack@key.asm
0x00000001;AddOthers@key.asm
0x000000B8;R_BLightTime@key.asm
0x0000F052;Exit_KeyScan@key.asm
0x0000F076;CheckKeyDebounce@key.asm
0x0000F07B;Key_Process@key.asm
0x0000F084;Enable_Key@key.asm
0x0000F089;Hold_Key@key.asm
0x0000F08A;F_UpdataKey@key.asm
0x0000F0AC;F_JudgeBLightOnOff@key.asm
0x0000F0BB;Enable_CFKey@key.asm
