        Generalplus 6502 Assembler - Version 1.7.1.0  
              Listing File Has Been Relocated

     1                              ;==========================================
     2                              .SYNTAX 6502
     3                              .LINKLIST
     4                              .SYMBOLS
     5                              ;==========================================
     6                              ; Include file area
     7                              ;==========================================
     8                              .INCLUDE 	GPL812P01B.inc
     9                      <       	.IFDEF		GPL812_SERIES
    10                      <       
    11                      <       ;---------------------------------
    12                      <       GPL812P01Bx		.EQU		1
    13                      <       ;---------------------------------
    14                      <       
    15                      <       .IFNDEF GPL812PX_Body_inc
    16                      <       GPL812PX_Body_inc:   .EQU    1
    17                      <       ;==================================================================================
    18                      <       ; The information contained herein is the exclusive property of
    19                      <       ; Generalplus Technology Co. And shall not be distributed, reproduced,
    20                      <       ; or disclosed in whole in part without prior written permission.
    21                      <       ;       (C) COPYRIGHT 2012   Generalplus TECHNOLOGY CO.                            
    22                      <       ;                   ALL RIGHTS RESERVED
    23                      <       ; The entire notice above must be reproduced on all authorized copies.
    24                      <       ;==================================================================================
    25                      <       ;==================================================================================
    26                      <       ; Program Name: GPL812PX series register declare
    27                      <       ; Applied body: GPL812PX series
    28                      <       ; Programmer  : 
    29                      <       ; Description : 
    30                      <       ;             : 
    31                      <       ; History version
    32                      <       ; Rev #       Date          Who            Comments
    33                      <       ; -------  -----------    --------         ----------------------------------------
    34                      <       ; 1.0       2012-05-07     CharissaHsu	Oringinal Version
    35                      <       ; 1.1		2012/06/25     CharissaHsu	Add User Rom Checksum Macro
    36                      <       ; 1.2       2014/08/20     Ken Liu		Add Body:GPL81202A,GPL81201A
    37                      <       ; 1.3       2018/01/19     Neo Chuang   Add Body:GPL812P01A
    38                      <       ; 1.4       2018/08/07     Neo Chuang   Add Body:GPL812P01B
    39                      <       ;==================================================================================
    40                      <       ;==================================================================================
    41                      <       
    42                      <       
    43                      <       		.IFNDEF	GPL812P01Bx
    44                      <       			GPL812P01Bx: 	.EQU		0
    45                      <       		.ENDIF
    46                      <       
    47                      <        	 
    48                      <       .IF (GPL812P01Bx)
    49                      <       GPL812PX		.EQU		1
    50                      <       .ENDIF
    51                      <       	.IFDEF	GPL812PX
    52 000000A8             <       		.PAGE0
    53                      <         
    54                      <       ;=================  INT/NMI Register  ================
    55                      <       P_SRAM_Ctrl:							.EQU    $3F    
    56                      <             
    57                      <       ;===================  IO Register  ===================
    58                      <       P_IO_Green_Ctrl:						.EQU    $11			; IO Green mode selection register
    59                      <       	D_IO_GreenEn:								.EQU	   00100000B	
    60                      <       	D_IO_GreenDis:							.EQU	   00000000B
    61                      <       	
    62                      <       P_IO_PortA_Dir							.EQU    $0B
    63                      <       P_IO_PortA_Attrib:						.EQU    $03
    64                      <       P_IO_PortA_Data:						.EQU    $07
    65                      <       P_IO_PortA_Buffer:						.EQU    $0C
    66                      <       P_IOA_LCDPORT_Ctrl:						.EQU    $4A			;PA[7:0]=SEG13:6
    67                      <       P_IOA_SEGCOM_Ctrl:						.EQU    $48
    68                      <       	D_PortA6_COM6:						.EQU    01000000B
    69                      <       	D_PortA7_COM7:						.EQU    10000000B
    70                      <       
    71                      <       P_IO_PortB_Dir:							.EQU    $00
    72                      <       P_IO_PortB_Attrib:						.EQU    $04
    73                      <       P_IO_PortB_Data:						.EQU    $08
    74                      <       P_IO_PortB_Buffer:						.EQU    $0D
    75                      <       P_IO_PortB_Strobe_En:				 	.EQU    $2D
    76                      <       
    77                      <       P_IOB_LCDPORT_Ctrl:						.EQU    $4B			;PB[3:0]SEG5:2
    78                      <       P_IOB_SEGCOM_Ctrl:						.EQU    $49
    79                      <       	D_PortB0_COM0:						.EQU    00000001B
    80                      <       	D_PortB1_COM1:						.EQU    00000010B
    81                      <       	D_PortB2_COM2:						.EQU    00000100B
    82                      <       	D_PortB3_COM3:						.EQU    00001000B	
    83                      <       
    84                      <       P_IO_PortC_Dir:							.EQU    $01
    85                      <       P_IO_PortC_Attrib:						.EQU    $05
    86                      <       P_IO_PortC_Data:						.EQU    $09
    87                      <       P_IO_PortC_Buffer:						.EQU    $0E
    88                      <       P_IO_PortC_Strobe_En:					.EQU    $2E
    89                      <       P_IOC_LCDPORT_Ctrl:						.EQU    $4C		;PC[7:0]=SEG[5:2] ,PC[1:0]=SEG[15:14]
    90                      <       P_IOC_SEGCOM_Ctrl						.EQU    $34
    91                      <       	D_PortC0_COM5:						.EQU    00000001B
    92                      <       	D_PortC1_COM4:						.EQU    00000010B
    93                      <       	D_PortC4_COM3:						.EQU    00010000B
    94                      <       	D_PortC5_COM2:						.EQU    00100000B
    95                      <       	D_PortC6_COM1:						.EQU    01000000B
    96                      <       	D_PortC7_COM0:						.EQU    10000000B
    97                      <       
    98                      <       P_IO_PortD_Dir:							.EQU    $02
    99                      <       P_IO_PortD_Attrib:						.EQU    $06
   100                      <       P_IO_PortD_Data:						.EQU    $0A
   101                      <       P_IO_PortD_Buffer:						.EQU    $0F
   102                      <       P_IO_PortD_Strobe_En:					.EQU    $2F
   103                      <       P_IOD_LCDPORT_Ctrl:						.EQU    $35
   104                      <       	D_PortD2_SEG1:						.EQU    00000100B
   105                      <       	D_PortD3_SEG0:						.EQU    00001000B
   106                      <       ;===================  System Register  ===================
   107                      <       P_SYSTEM_Ctrl:							.EQU    $12						; System sleep source.
   108                      <       	D_SYS_Sleep:						.EQU	10101010B				; System goes to sleep bit.
   109                      <       P_SYSTEM_Green_Ctrl:         			.EQU    $17                     ; System Green mode selection register.
   110                      <       	D_GreenDis:							.EQU	00000000B
   111                      <       	D_GreenEn:							.EQU	01000000B
   112                      <       ;===============   Watch Dog Register  ===============
   113                      <       P_WDT_Flag_Clear:						.EQU	$20
   114                      <       	D_WDT_Clear:						.EQU	10101010B
   115                      <       
   116                      <       ;=================  INT/NMI Register  ================
   117                      <       P_INT_Ctrl0:							.EQU    $13							; Interrupt control.
   118                      <       	D_INT_Ctrl0_Dis:						.EQU	  00000000B				; bit[7,5] must be fill '0'
   119                      <       	D_CPUDiv2MHz_INT_En:          			.EQU	  00000001B				; Fosc divided 2097152 interrupt enabled bit.
   120                      <       	D_CPUDiv32KHz_INT_En:           		.EQU	  00000010B				; Fosc divided 32768 interrupt enabled bit.
   121                      <       	D_CPUDiv4KHz_INT_En:					.EQU	  00000100B				; Fosc divided 4096 interrupt enabled bit.
   122                      <       	D_CPUDiv1KHz_INT_En:					.EQU	  00001000B				; Fosc divided 1024 interrupt enabled bit.
   123                      <       	D_TM1O_INT_En:          				.EQU	  00010000B				; Timer1 overflow interrupt enabled bit.
   124                      <       	D_TM0O_INT_En:          				.EQU	  01000000B				; Timer0 overflow interrupt enabled bit.
   125                      <       	
   126                      <       P_INT_Clear0:							.EQU    $14							; Interrupt Flag. Write 1 to clear interrupt flag.
   127                      <       	D_2MHz_Clr:								.EQU	  00000001B				; Fosc divided 2M interrupt flag bit.
   128                      <       	D_32KHz_Clr:							.EQU	  00000010B				; Fosc divided 32K interrupt flag bit.
   129                      <       	D_4KHz_Clr:          			 	 	.EQU	  00000100B				; Fosc divided 4K interrupt flag bit.
   130                      <       	D_1KHz_Clr:          			 	 	.EQU	  00001000B				; Fosc divided 1K interrupt flag bit.
   131                      <       	D_TM1O_Clr:          			 	 	.EQU	  00010000B				; Timer1 overflow interrupt flag bit.
   132                      <       	D_TM0O_Clr:          			 	 	.EQU	  01000000B				; Timer0 overflow interrupt flag bit.
   133                      <       
   134                      <       P_INT_Ctrl1:         				    .EQU    $15							; Interrupt control.
   135                      <       	D_INT_Ctrl1_Dis:					  	.EQU	  00000000B	
   136                      <       	D_TBL_INT_En:          		  			.EQU	  00010000B				; 32K Time Base low frequency interrupt	enable bit.
   137                      <       	D_TBH_INT_En:          		  			.EQU	  00100000B				; 32K Time Base high frequency interrupt enable bit.
   138                      <       	
   139                      <       P_INT_Clear1:         				    .EQU    $16							; Interrupt Flag. Write 1 to clear interrupt flag.								
   140                      <       	D_TBL_Clr:								.EQU	  00010000B				; 32K Time Base high frequency interrupt flag bit.
   141                      <       	D_TBH_Clr:								.EQU	  00100000B				; 32K Time Base high frequency interrupt flag bit.	
   142                      <       
   143                      <       
   144                      <       P_INT_Ctrl2:         				    .EQU    $18							; Interrupt control.
   145                      <       	D_INT_Ctrl2_Dis:					  	.EQU	  00000000B				; bit[7,5] must be fill '0'
   146                      <       	D_EXT_INT0:								.EQU	  00000001B				; External interrupt 1 enabled bit.
   147                      <       	D_EXT_INT1:								.EQU	  00000010B				; External interrupt 0 enabled bit.
   148                      <       	
   149                      <       P_INT_Clear2:         				    .EQU    $19							; Interrupt flag.
   150                      <       	D_PB0_Clr:								.EQU		00000001B			; External interrupt 0 flag bit.
   151                      <       	D_PB1_Clr:								.EQU		00000010B			; External interrupt 1 flag bit.
   152                      <       
   153                      <       
   154                      <       P_RFC_Ctrl:         				   	.EQU    $1E							; RFC function control
   155                      <       	D_RFC0_PC4:								.EQU		00000001B			; RFC selecttion bit 0
   156                      <       	D_RFC1_PC5:								.EQU		00000010B			; RFC selecttion bit 1
   157                      <       	D_RFC2_PC6:								.EQU		00000100B			; RFC selecttion bit 2
   158                      <       	D_RFCEN:								.EQU		00001000B			; RFC function enable bit
   159                      <       	D_RFCDis:								.EQU		00000000B
   160                      <       	
   161                      <       
   162                      <       ;=================  Timer Register  ==================
   163                      <       P_TIMER_Timer0_Ctrl:					 .EQU   $21								; Timer0 control.
   164                      <       	D_TM0Fosc:								.EQU		00000000B				; Fosc/1 as Timer0 clock.
   165                      <       	D_TM0FoscDiv2:							.EQU		00010000B				; Fosc/2 as Timer0 clock.
   166                      <       	D_TM0FoscDiv4:							.EQU		00100000B				; Fosc/4 as Timer0 clock.
   167                      <       	D_TM0FoscDiv16:							.EQU		00110000B				; Fosc/16 as Timer0 clock.
   168                      <       	D_TM0En:								.EQU		10000000B				; Timer0 Enable Selected function is Enabled.
   169                      <       	D_TM0Dis:								.EQU		00000000B				; Timer0 Enable Selected function is Disabled.
   170                      <       
   171                      <       P_TIMER_Timer1_Ctrl:         			 .EQU   $22								; Timer1 control. bit0 must be fill '0'
   172                      <       	D_TM1Fosc:								.EQU		00000000B				; Fosc/1 as Timer1 clock.
   173                      <       	D_TM1FoscDiv4:							.EQU		00010000B				; Fosc/4 as Timer1 clock.
   174                      <       	D_TM1FoscDiv64:							.EQU		00100000B				; Fosc/64 as Timer1 clock.
   175                      <       	C_TM1CLK_TM0OF:							.EQU		00110000B				; clock source use Timer0 clock over flow.
   176                      <       	D_TM1PortC7TM1Clk:						.EQU		01000000B				; Timer1 clock source from IO selection. (RFC using)
   177                      <       	D_TM1En:								.EQU		10000000B				; Timer1 Enable Selected function is Enabled.
   178                      <       	D_TM1Dis:								.EQU		00000000B				; Timer1 Enable Selected function is Disabled.	
   179                      <       
   180                      <       P_TIMER_TM0Data_LB:         			 .EQU   $23								; Write 8-bit	counter rgister in 8-bit Timer0. 
   181                      <       																				
   182                      <       P_TIMER_TM1Data_LB:         			 .EQU   $25								; Write low 8-bit counter register in 12-bit Timer1.(W)
   183                      <       P_TIMER_TM1Data_HB:         			 .EQU   $26								; Write high 4-bit counter register in 12-bit Timer1.(W)
   184                      <       
   185                      <       P_CLK_32768_En:         				 .EQU   $2A
   186                      <       	D_32768En:								.EQU		10000000B
   187                      <       	D_32768Dis:								.EQU		00000000B	;bit[5,2:0] msut be fill '0'
   188                      <       P_TIMER_TimeBase_Sel:					.EQU   $2B
   189                      <       	D_32kStr_T2sec:							.EQU		00000000B	
   190                      <       	D_32kStr_T4sec:							.EQU		00010000B
   191                      <       	D_TBL2Hz:								.EQU		00000000B	
   192                      <       	D_TBL4Hz:								.EQU		00001000B
   193                      <       	D_TBL8Hz:								.EQU		00000100B
   194                      <       	D_TBL16Hz:								.EQU		00001100B
   195                      <       	D_TBH128Hz:								.EQU		00000000B
   196                      <       	D_TBH256Hz:								.EQU		00000010B
   197                      <       	D_TBH512Hz:								.EQU		00000001B
   198                      <       	D_TBH1KHz:								.EQU		00000011B
   199                      <       P_IO_Strobe_En:							.EQU   $2C                        
   200                      <        	D_StrobeDis:							.EQU		00000000B              
   201                      <         	D_StrobeEn:								.EQU		00000001B               
   202                      <                       
   203                      <       
   204                      <       ;==============  Sleep/Wakeup Register  ==============
   205                      <       P_WAKEUP_Ctrl:         		 			.EQU   $30   
   206                      <       	D_KeyDis:								.EQU		00000000B
   207                      <       	D_KeyEn:								.EQU		00000001B
   208                      <       	D_TBLEn:								.EQU		00000010B
   209                      <       	D_TBLDis:								.EQU		00000000B
   210                      <       	D_TBHEn:								.EQU		00001000B
   211                      <       	D_TBHDis:								.EQU		00000000B
   212                      <       
   213                      <       P_WAKEUP_Flag:         		 			.EQU   $31   
   214                      <       	D_KEYWFC_En:							.EQU		00000001B
   215                      <       	D_KEYWFC_Dis:							.EQU		00000000B
   216                      <       	D_TBLWFC_En:							.EQU		00000010B
   217                      <       	D_TBLWFC_Dis:							.EQU		00000000B
   218                      <       	D_TBHWFC_En:							.EQU		00001000B
   219                      <       	D_TBHWFC_Dis:							.EQU		00000000B
   220                      <       		
   221                      <       P_IO_PortB_WakeUpEN:						.EQU   $37 	
   222                      <       P_IO_PortC_WakeUpEN:						.EQU   $38   
   223                      <       P_IO_PortD_WakeUpEN:						.EQU   $39   
   224                      <       
   225                      <       ;==============  LCD Register  ==============
   226                      <       P_LCD_Ctrl:					       		.EQU   $32	
   227                      <       
   228                      <       	D_LCDGreenMode_Dis:						.EQU		10010000B
   229                      <       	D_LCDGreenMode_En:						.EQU		10000000B
   230                      <       
   231                      <       	D_LCDMode_Normal:						.EQU		00000000B
   232                      <       	D_LCDMode_AllOn:						.EQU		00000001B
   233                      <       	D_LCDMode_AllOff:						.EQU		00000010B
   234                      <       	D_LCDMode_DisplayOff:					.EQU		00000011B
   235                      <       	
   236                      <       	D_LCDSetting_3Bias_4Duty:				.EQU		00000000B
   237                      <       	D_LCDSetting_3Bias_5Duty:				.EQU		00000100B
   238                      <       	D_LCDSetting_3Bias_6Duty:				.EQU		00001000B
   239                      <       	D_LCDSetting_4Bias_8Duty:				.EQU		00001100B	
   240                      <       	
   241                      <       	D_LCD_VLCD2_5V:							.EQU		00000000B
   242                      <       	D_LCD_VLCD2_4V:							.EQU		00100000B	
   243                      <       	D_LCD_VLCD2_8V:							.EQU		01000000B	
   244                      <       	D_LCD_VLCDVDD:							.EQU		01100000B	
   245                      <       	
   246                      <       ;==============  LVD function Register  ==============   
   247                      <       P_LVD_Ctrl:					         	.EQU   $33  
   248                      <       
   249                      <       	D_LVDS_2_7V:							.EQU		01000000B
   250                      <       	D_LVDS_2_1V:							.EQU		00000000B
   251                      <       	D_LVDS_2_4V:							.EQU		00100000B
   252                      <       	D_LVD_En:								.EQU		10000000B
   253                      <       	D_LVD_Dis:								.EQU		00000000B
   254                      <       ;==============  PWM function Register  ==============	
   255                      <       P_PWM_IO_Ctrl:				.EQU    $11				
   256                      <       	D_TX_En:								.EQU		00000000B
   257                      <       	D_IO_En:									.EQU		00100000B
   258                      <       	D_Driving_50mA:						.EQU		00000000B
   259                      <       	D_Driving_100mA:					.EQU		00001000B
   260                      <       	D_Driving_200mA:					.EQU		00010000B
   261                      <       	D_Driving_400mA:					.EQU		00011000B
   262                      <       P_PWM_EN:         				.EQU    $17
   263                      <       	D_PWMEn:								.EQU		00000000B
   264                      <       	D_PWMDis:								.EQU		01000000B	
   265                      <       ;**********************************************************************
   266                      <       ;ROM Checksum
   267                      <       ;**********************************************************************
   268                      <       
   269                      <       D_Bank0UserRomStartAddr:		.EQU	0xE000		;0xE000 ~ 0xFFFF: User ROM Code
   270                      <       
   271                      <       D_Bank0UserRomEndAddr:			.EQU	0xFFF6		;0xFFF7 ~ 0xFFF9 are reserved for Generalplus used
   272                      <       D_NMIandResetVectorStartAddr:	.EQU	0xFFFA		
   273                      <       D_NMIandResetVectorEndAddr:		.EQU	0xFFFF
   274                      <       
   275                      <       
   276                      <       ; ========================================================================================
   277                      <       ; Macro Name	: M_UserRomChecksum
   278                      <       ; Parameters	: None
   279                      <       ; Return Value	: R_ChecksumResult: bit[7:0]
   280                      <       ;				: R_ChecksumResult + 1: bit[15:8]
   281                      <       ;				: R_ChecksumResult + 2: bit[23:16]
   282                      <       ;				: R_ChecksumResult + 3: bit[31:24]
   283                      <       ; Description	: Calculate user ROM area code checksum
   284                      <       ; Destroy		: A, Y
   285                      <       ; Example		: %M_UserRomChecksum	R_ChecksumAddrPtr, R_ChecksumResult
   286                      <       ; ========================================================================================	
   287                      <       %M_UserRomChecksum:	.MACRO	R_ChecksumAddrPtr, R_ChecksumResult
   288                      <       	LDA		#0
   289                      <       	STA		R_ChecksumResult					;Result Byte0
   290                      <       	STA		R_ChecksumResult + 1				;Result Byte1
   291                      <       	STA		R_ChecksumResult + 2				;Result Byte2
   292                      <       	STA		R_ChecksumResult + 3				;Result Byte3
   293                      <       ;=================== Bank 0 ==================================================	
   294                      <       	LDA		#.HIGH.D_Bank0UserRomStartAddr
   295                      <       	STA		R_ChecksumAddrPtr + 1				; Start High Byte
   296                      <       	LDA		#.LOW.D_Bank0UserRomStartAddr
   297                      <       	STA		R_ChecksumAddrPtr					;Start Low Byte
   298                      <       	LDY		#0
   299                      <       L_ChecksumLoop1?
   300                      <       	LDA		#D_WDT_Clear
   301                      <       	STA		P_WDT_Flag_Clear	
   302                      <       	CLC
   303                      <       	LDA		(R_ChecksumAddrPtr),Y
   304                      <       	ADC		R_ChecksumResult					;Result Low Byte
   305                      <       	STA		R_ChecksumResult					;Result Low Byte
   306                      <       	BCC		L_CheckAddress1?
   307                      <       	INC		R_ChecksumResult + 1				;Result Byte1
   308                      <       	BNE		L_CheckAddress1?
   309                      <       	INC		R_ChecksumResult + 2				;Result Byte3
   310                      <       	BNE		L_CheckAddress1?
   311                      <       	INC		R_ChecksumResult + 3				;Result Byte4
   312                      <       		
   313                      <       L_CheckAddress1?:
   314                      <       	LDA		R_ChecksumAddrPtr + 1				;Address Pointer HB
   315                      <       	CMP		#.HIGH.D_Bank0UserRomEndAddr		;End High Byte
   316                      <       	BNE		L_IncreaseAdd1?
   317                      <       	
   318                      <       	LDA		R_ChecksumAddrPtr					;Address Pointer LB
   319                      <       	CMP		#.LOW.D_Bank0UserRomEndAddr			;End Low Byte
   320                      <       	BEQ		L_ExitRomSum1?
   321                      <       	
   322                      <       L_IncreaseAdd1?:
   323                      <       	INC		R_ChecksumAddrPtr					;Address Pointer LB
   324                      <       	BNE		L_ChecksumLoop1?
   325                      <       	INC		R_ChecksumAddrPtr + 1				;Address Pointer HB
   326                      <       	JMP		L_ChecksumLoop1?	
   327                      <       		
   328                      <       L_ExitRomSum1?:	
   329                      <       ;===================NMI & Reset Vector==================================================		
   330                      <       	LDA		#.HIGH.D_NMIandResetVectorStartAddr
   331                      <       	STA		R_ChecksumAddrPtr + 1				; Start High Byte
   332                      <       	LDA		#.LOW.D_NMIandResetVectorStartAddr
   333                      <       	STA		R_ChecksumAddrPtr				;Start Low Byte
   334                      <       		
   335                      <       L_ChecksumLoop2?
   336                      <       	LDA		#D_WDT_Clear
   337                      <       	STA		P_WDT_Flag_Clear
   338                      <       	CLC
   339                      <       	LDA		(R_ChecksumAddrPtr),Y
   340                      <       	ADC		R_ChecksumResult					;Result Low Byte
   341                      <       	STA		R_ChecksumResult					;Result Low Byte
   342                      <       	BCC		L_CheckAddress2?
   343                      <       	INC		R_ChecksumResult + 1				;Result Byte2
   344                      <       	BNE		L_CheckAddress2?
   345                      <       	INC		R_ChecksumResult + 2				;Result Byte3
   346                      <       	BNE		L_CheckAddress2?
   347                      <       	INC		R_ChecksumResult + 3				;Result Byte4
   348                      <       		
   349                      <       L_CheckAddress2?:
   350                      <       	LDA		R_ChecksumAddrPtr + 1				;Address Pointer HB
   351                      <       	CMP		#.HIGH.D_NMIandResetVectorEndAddr	;End High Byte
   352                      <       	BNE		L_IncreaseAdd2?
   353                      <       	
   354                      <       	LDA		R_ChecksumAddrPtr					;Address Pointer LB
   355                      <       	CMP		#.LOW.D_NMIandResetVectorEndAddr	;End Low Byte
   356                      <       	BEQ		L_EndChecksum?
   357                      <       	
   358                      <       L_IncreaseAdd2?:
   359                      <       	INC		R_ChecksumAddrPtr					;Address Pointer LB
   360                      <       	BNE		L_ChecksumLoop2?
   361                      <       	INC		R_ChecksumAddrPtr + 1				;Address Pointer HB
   362                      <       	JMP		L_ChecksumLoop2?	
   363                      <       	
   364                      <       L_EndChecksum?:
   365                      <       
   366                      <       	.ENDM
   367                      <       
   368                      <       EV_Simualtion		.EQU	0
   369                      <       OTP_BurnIn			.EQU	1
   370                      <       GPL812P01Bx_Mode	.EQU	OTP_BurnIn
   371                      <       
   372                      <       	
   373                      <       			.ENDIF
   374                      <       			.ENDIF
   375                      <       	.ENDIF
   376                              .INCLUDE	"GPL812P01B_LCM_Driver\GPL812P01B_LCM_Driver.inc"
   377                      <       .IFNDEF _GPL812P01B_LCM_Driver_inc_
   378                      <       _GPL812P01B_LCM_Driver_inc_:    .EQU    1
   379                      <       .if	(GPL812P01Bx_Mode=EV_Simualtion)
   380                      <       ; =======================================================================================
   381                      <       ; Function name : F_LCM_Enable
   382                      <       ; Purpose       : Enable LCM Driver ,Setting Data/CLK pin as Output Low
   383                      <       ; Parameter     : 
   384                      <       ; Return        : 
   385                      <       ; Destroy       : A 
   386                      <       ; ======================================================================================  
   387                      <       .extern		F_LCM_Enable
   388                      <       ; =======================================================================================
   389                      <       ; Function name : F_LCM_Write_OneReg
   390                      <       ; Purpose       : 
   391                      <       ; Parameter     : A:Address Y:Data
   392                      <       ; Return        : None ; Check sum = length(=2) + address + data
   393                      <       ; Destroy       : A,X
   394                      <       ; ======================================================================================
   395                      <       .extern		F_LCM_Write_OneReg
   396                      <       ; =======================================================================================
   397                      <       ; Function name : F_LCM_Write_NReg
   398                      <       ; Purpose       : 
   399                      <       ; Parameter     : LCM_Buffer_Ptr
   400                      <       ; Return        : None ; Check sum = R_LCM_DataLength + address1 + data1 + 
   401                      <       ;                       	          address2 + data2 + ....  + addressN + dataN
   402                      <       ; Destroy       : A,Y,X
   403                      <       ; ======================================================================================
   404                      <       .extern		F_LCM_Write_NReg
   405                      <       ; =======================================================================================
   406                      <       ; Function name : F_LCM_Write_LCDData
   407                      <       ; Purpose       : 
   408                      <       ; Parameter     : LCM_Buffer_Ptr
   409                      <       ; Return        : None ; Check sum = N + (0x50~0x50+N)
   410                      <       ; Destroy       : A,X,Y 
   411                      <       ; ======================================================================================
   412                      <       .extern		F_LCM_Write_LCDData
   413                      <       
   414                      <       .external	.PAGE0	LCM_Buffer_Ptr ;LCM data buffer address
   415                      <       
   416                      <       .extern		LCM_Data_Buffer		;Max Size is acording R_LCM_DataLength+3
   417                      <       .extern		R_LCM_DataLength	;record LCM Command of DataLength
   418                      <       
   419                      <       .extern    R_128Hz_Count
   420                      <       
   421                      <       .endif
   422                      <       .endif
   423                              .INCLUDE	"LCD\GPL812P01B_LCD.inc"
   424                      <       .IFNDEF _LCD_Setting_inc_
   425                      <       _LCD_Setting_inc_:    .EQU    1
   426                      <       
   427                      <       ;==================================================================================
   428                      <       ; The information contained herein is the exclusive property of
   429                      <       ; Generalplus Technology Co. And shall not be distributed, reproduced,
   430                      <       ; or disclosed in whole in part without prior written permission.
   431                      <       ;       (C) COPYRIGHT 2009   Generalplus TECHNOLOGY CO.                            
   432                      <       ;                   ALL RIGHTS RESERVED
   433                      <       ; The entire notice above must be reproduced on all authorized copies.
   434                      <       ;==================================================================================
   435                      <       ;==================================================================================
   436                      <       ; Name                  : GPL812P01B_LCD.inc
   437                      <       ; Applied Body          : GPL81P01A Series
   438                      <       ; Programmer            : 
   439                      <       ; Description           : 
   440                      <       ; History version       : v1.0.0
   441                      <       ; 1.0.0     2017/01/08  Neo    first issue
   442                      <       ;==================================================================================
   443                      <       .extern F_LCD_Intital		;Initial LCD
   444                      <       .extern F_LCD_Close			;Disable LCD	
   445                      <       .extern F_LCD_Clear			;Clear LCD DPRAM data
   446                      <       .extern	F_LCD_PutRAMToDPRAM	;Put RAM Buffer to DPRAM
   447                      <       
   448                      <       .extern LCD_DPRAM_Buffer
   449                      <       .extern	.PAGE0 LCD_RAM_Ptr
   450                      <       .ENDIF
   451                      <         
   452                              .INCLUDE	include\Project.inc
   453                      <       
   454                      <       ;===================================================
   455                      <       ;			RAM Define
   456                      <       ;====================================================
   457                      <       .extern			R_2Hz
   458                      <       .EXTERN			R_500ms
   459                      <       ;.EXTERN			R_1KHz
   460                      <       ;===================================================
   461                      <       ;			Module Define
   462                      <       ;====================================================
   463                      <       .extern	        V_RESET	
   464                      <       ;====================================================
   465                      <       
   466                              .INCLUDE	include\Macro.inc
   467                      <       ;==========================================
   468                      <       ; Constant define area
   469                      <       ;==========================================
   470                      <       D_DebounceTime	        EQU    0x03     ;7.8125ms*3=23.4735ms    消抖时间  ;128Hz
   471                      <       D_LongKeyTime	        EQU    255      ;7.8125ms*255=2s 
   472                      <       D_TenSecond             EQU    20       ;0.5s*20=10s
   473                      <       D_OneMinute             EQU    120      ;0.5s*120=60s ;在设置模式下,若1MIN无Key按下,自动保存退出,显示正常时间
   474                      <       	
   475                      <       
   476                      <       
   477                      <       C_SramAddrStart		    EQU	    80H		;SRAM start address
   478                      <       C_SramAddrEnd   		EQU		FFH		;GPL11B SRAM end address
   479                      <       C_DPRAMAddrStart		EQU		50H		;DPRAM start address
   480                      <       C_DPRAMAddrEnd   		EQU		5FH		;GPL812P02A DPRAM end address
   481                      <       
   482                      <       
   483                      <       D_SetHour				equ		04H
   484                      <       D_SetMinute				equ		05H
   485                      <       
   486                      <       D_30SecLightOn					equ		60
   487                      <       C_10Sec					equ		21			;20/2=10sec 	
   488                      <       	
   489                      <       D_Bit0					equ		01H
   490                      <       D_Bit1					equ		02H
   491                      <       D_Bit2					equ		04H
   492                      <       D_Bit3					equ		08H
   493                      <       D_Bit4					equ		10H
   494                      <       D_Bit5					equ		20H
   495                      <       D_Bit6					equ		40H
   496                      <       D_Bit7					equ		80H
   497                      <       ;;============================================================================
   498                      <       ;Macro Name: %M_ClearWatchDog
   499                      <       ;Purpose: Clear Watchdog
   500                      <       ;Destroy: A
   501                      <       ;;============================================================================
   502                      <       %M_ClearWatchDog:		.MACRO 
   503                      <       	LDA		#D_WDT_Clear
   504                      <       	STA		P_WDT_Flag_Clear
   505                      <       	.ENDM
   506                      <       
   507                      <       ;==========================================
   508                      <       ; Macro Name:	%FillSram
   509                      <       ; Description:	Fill data to SRAM $80 ~ $fF
   510                      <       ; Input:		mData
   511                      <       ;==========================================
   512                      <       %RAM_Init:		.MACRO	
   513                      <       		LDy		#0
   514                      <       		LDA		#0	
   515                      <       ?L_FillRAMLOOP:	
   516                      <       		STA		$80,y
   517                      <       		INy
   518                      <       		CPy		#128
   519                      <       		BCC		?L_FillRAMLOOP
   520                      <       .ENDM
   521                      <       
   522                      <       
   523                      <       %RAM2_Init:		.macro
   524                      <       	
   525                      <       		LDX		#00		
   526                      <       		LDA		#00
   527                      <       	?Loop:
   528                      <       		STA		$01C0,x
   529                      <       		INX
   530                      <       		CPX		#64
   531                      <       		BCC		?Loop		
   532                      <       .endm
   533                      <       
   534                      <       
   535                      <       
   536                      <       %GotoSleep:		.MACRO
   537                      <       				LDA		#D_SYS_Sleep
   538                      <       				STA		P_SYSTEM_Ctrl				; Enter Sleep Mode
   539                      <       				NOP
   540                      <       				NOP
   541                      <       				NOP
   542                      <       				.ENDM
   543                      <       ;;============================================================================
   544                      <       ;Macro Name: %M_DisAllInt
   545                      <       ;Purpose: Disable all interrupt 
   546                      <       ;Destroy: A
   547                      <       ;;============================================================================
   548                      <       %M_DisAllInt:		.MACRO
   549                      <       
   550                      <       	LDA	#00H
   551                      <       	STA	P_INT_Ctrl0
   552                      <       	LDA	#FFH	
   553                      <       	STA	P_INT_Clear0
   554                      <       	
   555                      <       	LDA	#00H
   556                      <       	STA	P_INT_Ctrl1
   557                      <       	LDA	#FFH
   558                      <       	STA	P_INT_Clear1
   559                      <       
   560                      <       	LDA	#00H
   561                      <       	STA	P_INT_Ctrl2
   562                      <       	LDA	#FFH
   563                      <       	STA	P_INT_Clear2
   564                      <       	
   565                      <       	.ENDM
   566                      <       ;;============================================================================
   567                      <       ;Macro Name: %DisableLCD
   568                      <       ;Purpose: Disable LCD
   569                      <       ;Destroy: A
   570                      <       ;;============================================================================
   571                      <       %DisableLCD:		.MACRO
   572                      <       	
   573                      <       	LDA	#D_LCDMode_DisplayOff
   574                      <       	STA	P_LCD_Ctrl
   575                      <       	.ENDM
   576                      <       ;-----------------------------------------------------------------------------
   577                      <       ; Macro Name:	%M_InitLCD
   578                      <       ; Description:	Initialize LCD configuration after power on
   579                      <       ;-----------------------------------------------------------------------------	
   580                      <       %M_InitLCD:		.MACRO
   581                      <           LDA		#D_LCDMode_Normal+D_LCDSetting_3Bias_4Duty+D_LCDGreenMode_En
   582                      <       ;	LDA		#(D_LCDMode_Normal+D_LCDSetting_3Bias_4Duty)
   583                      <       	STA		P_LCD_Ctrl		;1/4duty,1/3bias,normal scan
   584                      <       
   585                      <       	.ENDM
   586                      <       ;-----------------------------------------------------------------------------
   587                      <       ; Macro Name:	%FillLcdDpram
   588                      <       ; Description:	Fill LCD DPRAM $50 ~$5F
   589                      <       ;-----------------------------------------------------------------------------
   590                      <       %FillLcdDpram	.MACRO	mData
   591                      <       		
   592                      <       		%M_ClearWatchDog
   593                      <       		LDX		#00H
   594                      <       		LDA     mData
   595                      <       ?L_ClrDpramLoop:
   596                      <       		STA		$50,X
   597                      <       		INX
   598                      <       		CPX		#10H
   599                      <       		BNE		?L_ClrDpramLoop	
   600                      <       
   601                      <       	.ENDM
   602                      <       ;-----------------------------------------------------------------------------
   603                      <       ; Macro Name:	%M_PushAll
   604                      <       ; Description:	Push
   605                      <       ;-----------------------------------------------------------------------------		
   606                      <       %M_PushAll:		.MACRO
   607                      <       		PHP
   608                      <       		PHA
   609                      <       		TXA
   610                      <       		PHA
   611                      <       		TYA
   612                      <       		PHA
   613                      <       			.ENDM
   614                      <       ;-----------------------------------------------------------------------------
   615                      <       ; Macro Name:	%M_PopAll
   616                      <       ; Description:	Pop
   617                      <       ;-----------------------------------------------------------------------------	
   618                      <       %M_PopAll:		.MACRO
   619                      <       		PLA
   620                      <       		TAY
   621                      <       		PLA
   622                      <       		TAX
   623                      <       		PLA
   624                      <       		PLP
   625                      <       			.ENDM	
   626                      <       
   627                      <       ;----------------------------------------------------------
   628                      <       ;/***********************************************/
   629                      <       ;         i.L=1 
   630                      <       %bits:   .MACRO   i,L             ;BYTE i;  
   631                      <                 lda     i               ;ex.  
   632                      <                 ora     #L              ;  %bits 10H,_BIT0  ;  10H.0=1
   633                      <                 sta     i               ;
   634                      <                .ENDM    
   635                      <       
   636                      <       ;/***********************************************/
   637                      <       ;         i.L=0
   638                      <       %bitr:   .MACRO   i,L             ;BYTE i;  
   639                      <                 lda     i               ;ex.  
   640                      <                 and     #.NOT.L         ;  %bitr 10H,_BIT0;  10H.0=0
   641                      <                 sta     i
   642                      <                .ENDM    
   643                      <       
   644                      <       ;/***********************************************/
   645                      <       ;         if(i.L==1) goto N
   646                      <       %btst:   .MACRO   i,L,N           ;BYTE i;  
   647                      <                 lda     i               ;ex.   
   648                      <                 and     #L              ;  %btst 10H,_BIT0,N
   649                      <                 bne     N               ;  if(10H.0=1) goto N 
   650                      <                .ENDM    
   651                      <                                         
   652                      <       ;/***********************************************/
   653                      <       ;         if(i.L==0) goto N
   654                      <       %btsf:   .MACRO   i,L,N           ;BYTE i;    
   655                      <                 lda     i               ;ex.   
   656                      <                 and     #L              ;  %btsf 10H,_BIT0,N
   657                      <                 beq     N               ;  if(10H.0=0) goto N 
   658                      <                .ENDM    
   659                      <       
   660                      <       ;/***********************************************/
   661                      <       %F_IO_Intital:	.macro
   662                      <       		LDA		#00000000b
   663                      <       		STA		P_IO_PortA_Attrib	
   664                      <       		LDA		#00000000b		;PA0~PA7 as lcd segment
   665                      <       		STA		P_IO_PortA_Dir
   666                      <       		LDA		#11111111b
   667                      <       		STA		P_IO_PortA_Data
   668                      <       		
   669                      <       		LDA		#00000000b
   670                      <       		STA		P_IO_PortB_Attrib		
   671                      <       		LDA		#00000000b	
   672                      <       		STA		P_IO_PortB_Dir
   673                      <       		LDA		#00001111b
   674                      <       		STA		P_IO_PortB_Data
   675                      <       		
   676                      <       		LDA		#00000000b
   677                      <       		STA		P_IO_PortC_Attrib		
   678                      <       		LDA		#00000000b	
   679                      <       		STA		P_IO_PortC_Dir
   680                      <       		LDA		#11111111b
   681                      <       		STA		P_IO_PortC_Data	
   682                      <       		
   683                      <       		LDA		#00000000b
   684                      <       		STA		P_IO_PortD_Attrib		
   685                      <       		LDA		#10000000b		;PD2,3,5 as input low,PD7,output LOW
   686                      <       		STA		P_IO_PortD_Dir
   687                      <       		LDA		#00101100b
   688                      <       		STA		P_IO_PortD_Data
   689                      <       .endm
   690                      <       ;/***********************************************/
   691                      <       %F_INT_Intital:	.macro
   692                      <       		LDA		#D_TBL2Hz+D_TBH128Hz
   693                      <       		STA		P_TIMER_TimeBase_Sel
   694                      <       		LDA		#ffh
   695                      <       		STA		P_INT_Clear0
   696                      <       		STA		P_INT_Clear1
   697                      <       		
   698                      <       		LDA		#D_TBL_INT_En+D_TBH_INT_En
   699                      <       		STA		P_INT_Ctrl1
   700                      <       		
   701                      <       ;		LDA	#FFH
   702                      <       ;		STA	P_INT_Clear0	
   703                      <       ;		STA	P_INT_Clear1
   704                      <       
   705                      <       ;		LDA	#D_TM0O_INT_En
   706                      <       ;		LDA		#00
   707                      <       ;		STA P_INT_Ctrl0
   708                      <       		
   709                      <       ;		LDA	#(D_TM0En+D_TM0FoscDiv4)
   710                      <       ;		STA	P_TIMER_Timer0_Ctrl
   711                      <       ;		LDA	#250					;timer0 as buzzer output freq.
   712                      <       ;		STA	P_TIMER_TM0Data_LB
   713                      <       ;		LDA	#(D_TBL2Hz+D_TBH128Hz)	;
   714                      <       ;		STA	P_TIMER_TimeBase_Sel
   715                      <       		
   716                      <       ;		LDA	#(D_TBL_INT_En+D_TBH_INT_En)
   717                      <       ;		STA	P_INT_Ctrl1	
   718                      <       .ENDM
   719                      <       
   720                      <       %EnRedrawFlag:		.macro
   721                      <       	
   722                      <       ;		%bits	R_TimeStatus,AddOthers
   723                      <       		%bits	R_DispUpdate,D_NumberUpdate
   724                      <       					.endm
   725                      <       
   726                      <       %R_TempPlus:		.macro	i,l
   727                      <       			lda		i
   728                      <       			sta		l
   729                      <       			lda		i+1
   730                      <       			sta		l+1
   731                      <       			lda		i+2
   732                      <       			sta		l+2
   733                      <       			.endm
   734                      <       %R_TempRestor:		.macro	i,l
   735                      <       			lda		l
   736                      <       			sta		i
   737                      <       			lda		l+1
   738                      <       			sta		i+1
   739                      <       			lda		l+2
   740                      <       			sta		i+2
   741                      <       			.endm
   742                      <       
   743                      <       %ClearAllNumber:	.MACRO
   744                      <       			LDX		#T_D1
   745                      <       			JSR		F_NoDisplayBit
   746                      <       			LDX		#T_D2
   747                      <       			JSR		F_NoDisplayBit
   748                      <       			LDX		#T_D3
   749                      <       			JSR		F_NoDisplayBit
   750                      <       			LDX		#T_D4
   751                      <       			JSR		F_NoDisplayBit
   752                      <       			LDX		#T_D5
   753                      <       			JSR		F_NoDisplayBit
   754                      <       			LDX		#T_D6
   755                      <       			JSR		F_NoDisplayBit
   756                      <       
   757                      <       	.ENDM
   758                      <       		
   759                      <       %M_Power_GreenMode:	.MACRO
   760                      <       
   761                      <       	LDA		#D_IO_GreenEn
   762                      <       	STA		P_IO_Green_Ctrl
   763                      <       	LDA		#D_GreenEn
   764                      <       	STA		P_SYSTEM_Green_Ctrl
   765                      <       
   766                      <       			
   767                      <       			
   768                      <       .ENDM
   769                      <       ;/***********************************************/
   770                              ;.INCLUDE	include\user.inc
   771                              ;.INCLUDE	include\rtc.inc
   772                              .INCLUDE	include\Display.inc
   773                      <       
   774                      <       ;===================================================
   775                      <       ;			RAM Define
   776                      <       ;====================================================
   777                      <       
   778                      <       ;===================================================
   779                      <       ;			Module Define
   780                      <       ;====================================================
   781                      <       .EXTERN         F_ClrLcdDpram
   782                      <       .EXTERN			F_AllDisplayLcd
   783                      <       .EXTERN         F_ClrPage0SRAM
   784                      <       .EXTERN         F_ClrSRAM
   785                      <       .EXTERN         F_Display
   786                      <       .EXTERN			F_DisplayNum
   787                      <       
   788                      <       .EXTERN		F_ByteHLValue
   789                      <       .EXTERN		F_ByteLHValue
   790                      <       .EXTERN		F_TestModeCnt
   791                      <       .EXTERN		F_DisplayBatIcon
   792                      <       ;.extern			F_CheckWakeLEDInc
   793                      <       
   794                      <       .EXTERN			R_TempBuf
   795                      <       ;====================================================
   796                      <       
   797                              ;.INCLUDE	I2C\D_I2C.inc
   798                              ;.INCLUDE	include\GXHTV4.inc
   799                              ;==========================================
   800                              ; External declare area
   801                              ;==========================================          
   802                              		
   803                              
   804                              ;==========================================
   805                              ; Public declare area
   806                              ;==========================================	
   807                              .PUBLIC	        R_KeyValue 
   808                              .PUBLIC	        R_DebounceCnt
   809                              .PUBLIC			R_LongKeyTime
   810                              .PUBLIC			R_KeyFlag
   811                              	
   812                              .PUBLIC		R_OtherFlag		
   813                              ;.PUBLIC		R_SpecFlag
   814                              .PUBLIC		R_HumLevel
   815                              
   816                              .PUBLIC	R_NormTemp		;默认温度值
   817                              .PUBLIC	R_NormTempF		;默认温度值	
   818                              .PUBLIC	R_NormHum		;默认湿度值	
   819                              
   820                              
   821                              .PUBLIC		R_TimeStatus
   822                              ;==========================================
   823                              .PUBLIC	        F_KeyScan
   824                              ;.PUBLIC			F_2HzAutoBack
   825                              .PUBLIC		Light_JudgeOff
   826                              ;==========================================
   827                              ;Variable RAM declare area
   828                              ;==========================================
   829 000000A8                     .PAGE0	
   830                              ;UserRFC	.section
   831 000000A8 FF                  R_KeyTemp			ds		1
   832 000000A9 FF                  R_KeyValue			ds		1
   833                              
   834 000000AA FF                  R_OldKeyValue		ds		1
   835                              D_CFKey	equ	0x20	;Bit5
   836                              
   837 000000AB FF                  R_DebounceCnt		ds		1
   838                              C_KeyDebounce		equ		4
   839                              
   840 000000AC FF                  R_LongKeyTime		ds		1
   841                              C_LongKey2Sec		equ		128;255
   842                              C_FastAdd			equ		18		;1秒加8次
   843                              
   844 000000AD FF                  R_KeyFlag			ds		1	;
   845                              D_KeyFastAdd		equ		0x01
   846                              D_LongKey			equ		0x02
   847                              D_KeyRelDis			equ		0x04
   848                              D_KeyToneEn			equ		0x08
   849                              D_Alarming			equ		0x10
   850                              D_LCDOFF			equ		0x20
   851                              D_LVD_ON			equ		0x40
   852                              	
   853 000000AE FF                  R_OtherFlag		ds		1
   854                              D_BLight	equ	D_Bit0		;背光标志
   855                              D_CF		equ	D_Bit1		;CF切换
   856                              D_MaxValue	equ	D_Bit2		;最大值
   857                              D_MinValue	equ	D_Bit3		;最小值
   858                              D_BLinhtOn	equ	D_Bit4		;背光功能开启
   859                              D_NegFlag	equ	D_Bit5		;负号标志
   860                              
   861                              ;R_SpecFlag	ds	1
   862                              ;D_OverMax	equ	D_Bit0
   863                              ;D_OverMin	equ	D_Bit1
   864                              
   865 000000AF FF                  R_HumLevel	ds	1
   866                              D_Dry		equ	0x01
   867                              D_Mid1		equ	0x02
   868                              D_Comf		equ	0x04
   869                              D_Mid2		equ	0x08
   870                              D_Wet		equ	0x10
   871                              D_NoArrow	equ	0x20
   872 000000B0 FF FF               R_NormTemp	ds	2	;默认温度值
   873 000000B2 FF FF               R_NormTempF	ds	2	;默认温度值
   874 000000B4 FF FF               R_NormHum	ds	2	;默认湿度值
   875 000000B6 FF                  R_AutoBack	ds	1
   876                              
   877 000000B7 FF                  R_TimeStatus		ds	1
   878                              AddOthers		equ		0x01
   879                              
   880 000000B8 FF                  R_BLightTime		ds	1
   881                              .ENDS
   882                              
   883                              ;=====================================================
   884 0000F03C                     .CODE
   885                              ;------------------------------------------
   886 0000F03C                     F_KeyScan:
   887                              
   888 0000F03C A5 0A               		LDA		P_IO_PortD_Data		;
   889                              ;		EOR		#D_Bit5;(D_Bit2+D_Bit3+D_Bit5)
   890 0000F03E 29 20               		AND		#D_CFKey;(D_MaxMinKey+D_ClearKey+D_CFKey)
   891 0000F040 F0 10               		BEQ		Exit_KeyScan
   892                              
   893 0000F042 85 A8               		STA	R_KeyTemp
   894 0000F044 C5 A9               		CMP	R_KeyValue
   895 0000F046 F0 2E               		BEQ	CheckKeyDebounce
   896                              		
   897 0000F048 A5 A8                		LDA	R_KeyTemp
   898 0000F04A 85 A9                		STA	R_KeyValue
   899 0000F04C A9 04                		LDA	#C_KeyDebounce
   900 0000F04E 85 AB                		STA	R_DebounceCnt
   901                               ;		%bitr	R_KeyFlag,D_KeyRelDis
   902 0000F050 58                  		CLI
   903 0000F051 60                  		RTS
   904                              		
   905 0000F052                     Exit_KeyScan:
   906                               		%btst	R_KeyFlag,(D_KeyRelDis+D_KeyFastAdd),?L_ClearKeyFlag
   907 0000F052 A5 AD             1           lda     R_KeyFlag               ;ex.   
   908 0000F054 29 05             1           and     #(D_KeyRelDis+D_KeyFastAdd)              ;  %btst 10H,_BIT0,N
   909 0000F056 D0 0B             1           bne     ?L_ClearKeyFlag               ;  if(10H.0=1) goto N 
   910 0000F058 A5 AA                		LDA		R_OldKeyValue
   911 0000F05A F0 07                		BEQ		?L_ClearKeyFlag
   912 0000F05C C9 20                		CMP		#D_CFKey
   913 0000F05E D0 03               		BNE		$+5
   914 0000F060 4C BB F0             		JMP		Enable_CFKey
   915 0000F063                      	?L_ClearKeyFlag:		
   916 0000F063 A9 00                		LDA	#00
   917 0000F065 85 AA                		STA	R_OldKeyValue
   918 0000F067 85 A9                		STA	R_KeyValue
   919 0000F069 85 AC                		STA	R_LongKeyTime
   920 0000F06B A9 04                		LDA	#C_KeyDebounce
   921 0000F06D 85 AB                		STA	R_DebounceCnt
   922                               		%bitr	R_KeyFlag,(D_LongKey+D_KeyRelDis+D_KeyFastAdd)
   923 0000F06F A5 AD             1           lda     R_KeyFlag               ;ex.  
   924 0000F071 29 F8             1           and     #.NOT.(D_LongKey+D_KeyRelDis+D_KeyFastAdd)         ;  %bitr 10H,_BIT0;  10H.0=0
   925 0000F073 85 AD             1           sta     R_KeyFlag
   926 0000F075 60                   		RTS
   927                              		
   928 0000F076                      CheckKeyDebounce:
   929 0000F076 A5 AB                		LDA	R_DebounceCnt	;键消抖时间到，才进入键功能。
   930 0000F078 F0 01                		BEQ	Key_Process		
   931 0000F07A 60                  		RTS				
   932 0000F07B                      Key_Process:
   933 0000F07B A5 A9               		LDA	R_KeyValue
   934 0000F07D C5 AA                		CMP	R_OldKeyValue
   935 0000F07F D0 03                		BNE	$+5
   936 0000F081 4C 89 F0             		JMP	Hold_Key
   937                              
   938 0000F084                      Enable_Key:
   939                              ; 		LDA	#C_LongKey2Sec
   940                              ; 		STA	R_LongKeyTime				;长按2秒开始计时
   941 0000F084 A5 A9                		LDA		R_KeyValue
   942 0000F086 85 AA                		STA		R_OldKeyValue
   943 0000F088                      	?Exit:
   944 0000F088 60                   		RTS	
   945                              		
   946                              		
   947 0000F089                     Hold_Key:		
   948 0000F089 60                   		RTS
   949                              		
   950                              ; ;================================================================
   951 0000F08A                      F_UpdataKey:
   952                              		%bits	R_KeyFlag,D_KeyRelDis	;置松键标志		
   953 0000F08A A5 AD             1           lda     R_KeyFlag               ;ex.  
   954 0000F08C 09 04             1           ora     #D_KeyRelDis              ;  %bits 10H,_BIT0  ;  10H.0=1
   955 0000F08E 85 AD             1           sta     R_KeyFlag               ;
   956                              		%bits	R_TimeStatus,AddOthers
   957 0000F090 A5 B7             1           lda     R_TimeStatus               ;ex.  
   958 0000F092 09 01             1           ora     #AddOthers              ;  %bits 10H,_BIT0  ;  10H.0=1
   959 0000F094 85 B7             1           sta     R_TimeStatus               ;
   960                              			
   961 0000F096 60                   		RTS
   962                              
   963 0000F097                     	Light_JudgeOff:
   964                              		%btsf	R_OtherFlag,D_BLight,?Exit
   965 0000F097 A5 AE             1           lda     R_OtherFlag               ;ex.   
   966 0000F099 29 01             1           and     #D_BLight              ;  %btsf 10H,_BIT0,N
   967 0000F09B F0 0E             1           beq     ?Exit               ;  if(10H.0=0) goto N 
   968 0000F09D C6 B8               		DEC		R_BLightTime
   969 0000F09F D0 0A               		BNE		?Exit
   970 0000F0A1                     	?OFF:
   971                              		%bitr	R_OtherFlag,D_BLight
   972 0000F0A1 A5 AE             1           lda     R_OtherFlag               ;ex.  
   973 0000F0A3 29 FE             1           and     #.NOT.D_BLight         ;  %bitr 10H,_BIT0;  10H.0=0
   974 0000F0A5 85 AE             1           sta     R_OtherFlag
   975                              ; 		LDA		P_IO_PortD_Data
   976                              ;		AND		#~D_Bit7;
   977                               ;		STA		P_IO_PortD_Data	
   978 0000F0A7 A9 2C               		LDA		#00101100b		
   979 0000F0A9 85 0A               		STA		P_IO_PortD_Data	 		
   980 0000F0AB                     		?Exit:
   981 0000F0AB 60                  			RTS
   982 0000F0AC                     F_JudgeBLightOnOff:
   983                              		%bits	R_OtherFlag,D_BLight
   984 0000F0AC A5 AE             1           lda     R_OtherFlag               ;ex.  
   985 0000F0AE 09 01             1           ora     #D_BLight              ;  %bits 10H,_BIT0  ;  10H.0=1
   986 0000F0B0 85 AE             1           sta     R_OtherFlag               ;
   987 0000F0B2 A9 0A               		LDA		#0x0a
   988 0000F0B4 85 B8               		STA		R_BLightTime			;赋值背光时长
   989                              ;		LDA		P_IO_PortD_Data
   990                              ;		ORA		#D_Bit7
   991                              ; 		STA		P_IO_PortD_Data	
   992 0000F0B6 A9 AC               		LDA		#10101100b		
   993 0000F0B8 85 0A               		STA		P_IO_PortD_Data				
   994 0000F0BA                      	?Exit:
   995 0000F0BA 60                  		RTS		
   996                              		
   997 0000F0BB                     Enable_CFKey:
   998                               	%btst	R_KeyFlag,D_KeyRelDis,?Exit
   999 0000F0BB A5 AD             1           lda     R_KeyFlag               ;ex.   
  1000 0000F0BD 29 04             1           and     #D_KeyRelDis              ;  %btst 10H,_BIT0,N
  1001 0000F0BF D0 0C             1           bne     ?Exit               ;  if(10H.0=1) goto N 
  1002 0000F0C1 20 8A F0            		JSR		F_UpdataKey
  1003 0000F0C4 20 AC F0             		JSR		F_JudgeBLightOnOff		
  1004 0000F0C7 A5 AE               		LDA		R_OtherFlag
  1005 0000F0C9 49 02               		EOR		#D_CF
  1006 0000F0CB 85 AE                		STA		R_OtherFlag
  1007 0000F0CD                      	?Exit:
  1008                              		
  1009 0000F0CD 60                  		RTS
  1010                              
  1011                              		
  1012                              
  1013                              		
  1014                              .END
0 Error(s), 0 Warning(s).

