        Generalplus 6502 Assembler - Version 1.7.1.0  
              Listing File Has Been Relocated

     1                              ;==================================================================================
     2                              ; The information contained herein is the exclusive property of
     3                              ; Generalplus Technology Co. And shall not be distributed, reproduced,
     4                              ; or disclosed in whole in part without prior written permission.
     5                              ;       (C) COPYRIGHT 2012   Generalplus TECHNOLOGY CO.                            
     6                              ;                   ALL RIGHTS RESERVED
     7                              ; The entire notice above must be reproduced on all authorized copies.
     8                              ;==================================================================================
     9                              ;==================================================================================
    10                              ; Name                  : Startup.asm
    11                              ; Applied Body          : GPL812P01A
    12                              ; Programmer            : 
    13                              ; Description           : 
    14                              ; History version       : 
    15                              ;==================================================================================
    16                              
    17                              ;==========================================
    18                              ; Compiler parameter define
    19                              ;==========================================
    20                              .SYNTAX 6502
    21                              .LINKLIST
    22                              .SYMBOLS
    23                              
    24                              ;==========================================
    25                              ; Constant define area
    26                              ;==========================================
    27                              
    28                              
    29                              
    30                              
    31                              ;==========================================
    32                              ; Include file area
    33                              ;==========================================
    34                              .INCLUDE 	GPL812P01B.inc
    35                      <       	.IFDEF		GPL812_SERIES
    36                      <       
    37                      <       ;---------------------------------
    38                      <       GPL812P01Bx		.EQU		1
    39                      <       ;---------------------------------
    40                      <       
    41                      <       .IFNDEF GPL812PX_Body_inc
    42                      <       GPL812PX_Body_inc:   .EQU    1
    43                      <       ;==================================================================================
    44                      <       ; The information contained herein is the exclusive property of
    45                      <       ; Generalplus Technology Co. And shall not be distributed, reproduced,
    46                      <       ; or disclosed in whole in part without prior written permission.
    47                      <       ;       (C) COPYRIGHT 2012   Generalplus TECHNOLOGY CO.                            
    48                      <       ;                   ALL RIGHTS RESERVED
    49                      <       ; The entire notice above must be reproduced on all authorized copies.
    50                      <       ;==================================================================================
    51                      <       ;==================================================================================
    52                      <       ; Program Name: GPL812PX series register declare
    53                      <       ; Applied body: GPL812PX series
    54                      <       ; Programmer  : 
    55                      <       ; Description : 
    56                      <       ;             : 
    57                      <       ; History version
    58                      <       ; Rev #       Date          Who            Comments
    59                      <       ; -------  -----------    --------         ----------------------------------------
    60                      <       ; 1.0       2012-05-07     CharissaHsu	Oringinal Version
    61                      <       ; 1.1		2012/06/25     CharissaHsu	Add User Rom Checksum Macro
    62                      <       ; 1.2       2014/08/20     Ken Liu		Add Body:GPL81202A,GPL81201A
    63                      <       ; 1.3       2018/01/19     Neo Chuang   Add Body:GPL812P01A
    64                      <       ; 1.4       2018/08/07     Neo Chuang   Add Body:GPL812P01B
    65                      <       ;==================================================================================
    66                      <       ;==================================================================================
    67                      <       
    68                      <       
    69                      <       		.IFNDEF	GPL812P01Bx
    70                      <       			GPL812P01Bx: 	.EQU		0
    71                      <       		.ENDIF
    72                      <       
    73                      <        	 
    74                      <       .IF (GPL812P01Bx)
    75                      <       GPL812PX		.EQU		1
    76                      <       .ENDIF
    77                      <       	.IFDEF	GPL812PX
    78 00000080             <       		.PAGE0
    79                      <         
    80                      <       ;=================  INT/NMI Register  ================
    81                      <       P_SRAM_Ctrl:							.EQU    $3F    
    82                      <             
    83                      <       ;===================  IO Register  ===================
    84                      <       P_IO_Green_Ctrl:						.EQU    $11			; IO Green mode selection register
    85                      <       	D_IO_GreenEn:								.EQU	   00100000B	
    86                      <       	D_IO_GreenDis:							.EQU	   00000000B
    87                      <       	
    88                      <       P_IO_PortA_Dir							.EQU    $0B
    89                      <       P_IO_PortA_Attrib:						.EQU    $03
    90                      <       P_IO_PortA_Data:						.EQU    $07
    91                      <       P_IO_PortA_Buffer:						.EQU    $0C
    92                      <       P_IOA_LCDPORT_Ctrl:						.EQU    $4A			;PA[7:0]=SEG13:6
    93                      <       P_IOA_SEGCOM_Ctrl:						.EQU    $48
    94                      <       	D_PortA6_COM6:						.EQU    01000000B
    95                      <       	D_PortA7_COM7:						.EQU    10000000B
    96                      <       
    97                      <       P_IO_PortB_Dir:							.EQU    $00
    98                      <       P_IO_PortB_Attrib:						.EQU    $04
    99                      <       P_IO_PortB_Data:						.EQU    $08
   100                      <       P_IO_PortB_Buffer:						.EQU    $0D
   101                      <       P_IO_PortB_Strobe_En:				 	.EQU    $2D
   102                      <       
   103                      <       P_IOB_LCDPORT_Ctrl:						.EQU    $4B			;PB[3:0]SEG5:2
   104                      <       P_IOB_SEGCOM_Ctrl:						.EQU    $49
   105                      <       	D_PortB0_COM0:						.EQU    00000001B
   106                      <       	D_PortB1_COM1:						.EQU    00000010B
   107                      <       	D_PortB2_COM2:						.EQU    00000100B
   108                      <       	D_PortB3_COM3:						.EQU    00001000B	
   109                      <       
   110                      <       P_IO_PortC_Dir:							.EQU    $01
   111                      <       P_IO_PortC_Attrib:						.EQU    $05
   112                      <       P_IO_PortC_Data:						.EQU    $09
   113                      <       P_IO_PortC_Buffer:						.EQU    $0E
   114                      <       P_IO_PortC_Strobe_En:					.EQU    $2E
   115                      <       P_IOC_LCDPORT_Ctrl:						.EQU    $4C		;PC[7:0]=SEG[5:2] ,PC[1:0]=SEG[15:14]
   116                      <       P_IOC_SEGCOM_Ctrl						.EQU    $34
   117                      <       	D_PortC0_COM5:						.EQU    00000001B
   118                      <       	D_PortC1_COM4:						.EQU    00000010B
   119                      <       	D_PortC4_COM3:						.EQU    00010000B
   120                      <       	D_PortC5_COM2:						.EQU    00100000B
   121                      <       	D_PortC6_COM1:						.EQU    01000000B
   122                      <       	D_PortC7_COM0:						.EQU    10000000B
   123                      <       
   124                      <       P_IO_PortD_Dir:							.EQU    $02
   125                      <       P_IO_PortD_Attrib:						.EQU    $06
   126                      <       P_IO_PortD_Data:						.EQU    $0A
   127                      <       P_IO_PortD_Buffer:						.EQU    $0F
   128                      <       P_IO_PortD_Strobe_En:					.EQU    $2F
   129                      <       P_IOD_LCDPORT_Ctrl:						.EQU    $35
   130                      <       	D_PortD2_SEG1:						.EQU    00000100B
   131                      <       	D_PortD3_SEG0:						.EQU    00001000B
   132                      <       ;===================  System Register  ===================
   133                      <       P_SYSTEM_Ctrl:							.EQU    $12						; System sleep source.
   134                      <       	D_SYS_Sleep:						.EQU	10101010B				; System goes to sleep bit.
   135                      <       P_SYSTEM_Green_Ctrl:         			.EQU    $17                     ; System Green mode selection register.
   136                      <       	D_GreenDis:							.EQU	00000000B
   137                      <       	D_GreenEn:							.EQU	01000000B
   138                      <       ;===============   Watch Dog Register  ===============
   139                      <       P_WDT_Flag_Clear:						.EQU	$20
   140                      <       	D_WDT_Clear:						.EQU	10101010B
   141                      <       
   142                      <       ;=================  INT/NMI Register  ================
   143                      <       P_INT_Ctrl0:							.EQU    $13							; Interrupt control.
   144                      <       	D_INT_Ctrl0_Dis:						.EQU	  00000000B				; bit[7,5] must be fill '0'
   145                      <       	D_CPUDiv2MHz_INT_En:          			.EQU	  00000001B				; Fosc divided 2097152 interrupt enabled bit.
   146                      <       	D_CPUDiv32KHz_INT_En:           		.EQU	  00000010B				; Fosc divided 32768 interrupt enabled bit.
   147                      <       	D_CPUDiv4KHz_INT_En:					.EQU	  00000100B				; Fosc divided 4096 interrupt enabled bit.
   148                      <       	D_CPUDiv1KHz_INT_En:					.EQU	  00001000B				; Fosc divided 1024 interrupt enabled bit.
   149                      <       	D_TM1O_INT_En:          				.EQU	  00010000B				; Timer1 overflow interrupt enabled bit.
   150                      <       	D_TM0O_INT_En:          				.EQU	  01000000B				; Timer0 overflow interrupt enabled bit.
   151                      <       	
   152                      <       P_INT_Clear0:							.EQU    $14							; Interrupt Flag. Write 1 to clear interrupt flag.
   153                      <       	D_2MHz_Clr:								.EQU	  00000001B				; Fosc divided 2M interrupt flag bit.
   154                      <       	D_32KHz_Clr:							.EQU	  00000010B				; Fosc divided 32K interrupt flag bit.
   155                      <       	D_4KHz_Clr:          			 	 	.EQU	  00000100B				; Fosc divided 4K interrupt flag bit.
   156                      <       	D_1KHz_Clr:          			 	 	.EQU	  00001000B				; Fosc divided 1K interrupt flag bit.
   157                      <       	D_TM1O_Clr:          			 	 	.EQU	  00010000B				; Timer1 overflow interrupt flag bit.
   158                      <       	D_TM0O_Clr:          			 	 	.EQU	  01000000B				; Timer0 overflow interrupt flag bit.
   159                      <       
   160                      <       P_INT_Ctrl1:         				    .EQU    $15							; Interrupt control.
   161                      <       	D_INT_Ctrl1_Dis:					  	.EQU	  00000000B	
   162                      <       	D_TBL_INT_En:          		  			.EQU	  00010000B				; 32K Time Base low frequency interrupt	enable bit.
   163                      <       	D_TBH_INT_En:          		  			.EQU	  00100000B				; 32K Time Base high frequency interrupt enable bit.
   164                      <       	
   165                      <       P_INT_Clear1:         				    .EQU    $16							; Interrupt Flag. Write 1 to clear interrupt flag.								
   166                      <       	D_TBL_Clr:								.EQU	  00010000B				; 32K Time Base high frequency interrupt flag bit.
   167                      <       	D_TBH_Clr:								.EQU	  00100000B				; 32K Time Base high frequency interrupt flag bit.	
   168                      <       
   169                      <       
   170                      <       P_INT_Ctrl2:         				    .EQU    $18							; Interrupt control.
   171                      <       	D_INT_Ctrl2_Dis:					  	.EQU	  00000000B				; bit[7,5] must be fill '0'
   172                      <       	D_EXT_INT0:								.EQU	  00000001B				; External interrupt 1 enabled bit.
   173                      <       	D_EXT_INT1:								.EQU	  00000010B				; External interrupt 0 enabled bit.
   174                      <       	
   175                      <       P_INT_Clear2:         				    .EQU    $19							; Interrupt flag.
   176                      <       	D_PB0_Clr:								.EQU		00000001B			; External interrupt 0 flag bit.
   177                      <       	D_PB1_Clr:								.EQU		00000010B			; External interrupt 1 flag bit.
   178                      <       
   179                      <       
   180                      <       P_RFC_Ctrl:         				   	.EQU    $1E							; RFC function control
   181                      <       	D_RFC0_PC4:								.EQU		00000001B			; RFC selecttion bit 0
   182                      <       	D_RFC1_PC5:								.EQU		00000010B			; RFC selecttion bit 1
   183                      <       	D_RFC2_PC6:								.EQU		00000100B			; RFC selecttion bit 2
   184                      <       	D_RFCEN:								.EQU		00001000B			; RFC function enable bit
   185                      <       	D_RFCDis:								.EQU		00000000B
   186                      <       	
   187                      <       
   188                      <       ;=================  Timer Register  ==================
   189                      <       P_TIMER_Timer0_Ctrl:					 .EQU   $21								; Timer0 control.
   190                      <       	D_TM0Fosc:								.EQU		00000000B				; Fosc/1 as Timer0 clock.
   191                      <       	D_TM0FoscDiv2:							.EQU		00010000B				; Fosc/2 as Timer0 clock.
   192                      <       	D_TM0FoscDiv4:							.EQU		00100000B				; Fosc/4 as Timer0 clock.
   193                      <       	D_TM0FoscDiv16:							.EQU		00110000B				; Fosc/16 as Timer0 clock.
   194                      <       	D_TM0En:								.EQU		10000000B				; Timer0 Enable Selected function is Enabled.
   195                      <       	D_TM0Dis:								.EQU		00000000B				; Timer0 Enable Selected function is Disabled.
   196                      <       
   197                      <       P_TIMER_Timer1_Ctrl:         			 .EQU   $22								; Timer1 control. bit0 must be fill '0'
   198                      <       	D_TM1Fosc:								.EQU		00000000B				; Fosc/1 as Timer1 clock.
   199                      <       	D_TM1FoscDiv4:							.EQU		00010000B				; Fosc/4 as Timer1 clock.
   200                      <       	D_TM1FoscDiv64:							.EQU		00100000B				; Fosc/64 as Timer1 clock.
   201                      <       	C_TM1CLK_TM0OF:							.EQU		00110000B				; clock source use Timer0 clock over flow.
   202                      <       	D_TM1PortC7TM1Clk:						.EQU		01000000B				; Timer1 clock source from IO selection. (RFC using)
   203                      <       	D_TM1En:								.EQU		10000000B				; Timer1 Enable Selected function is Enabled.
   204                      <       	D_TM1Dis:								.EQU		00000000B				; Timer1 Enable Selected function is Disabled.	
   205                      <       
   206                      <       P_TIMER_TM0Data_LB:         			 .EQU   $23								; Write 8-bit	counter rgister in 8-bit Timer0. 
   207                      <       																				
   208                      <       P_TIMER_TM1Data_LB:         			 .EQU   $25								; Write low 8-bit counter register in 12-bit Timer1.(W)
   209                      <       P_TIMER_TM1Data_HB:         			 .EQU   $26								; Write high 4-bit counter register in 12-bit Timer1.(W)
   210                      <       
   211                      <       P_CLK_32768_En:         				 .EQU   $2A
   212                      <       	D_32768En:								.EQU		10000000B
   213                      <       	D_32768Dis:								.EQU		00000000B	;bit[5,2:0] msut be fill '0'
   214                      <       P_TIMER_TimeBase_Sel:					.EQU   $2B
   215                      <       	D_32kStr_T2sec:							.EQU		00000000B	
   216                      <       	D_32kStr_T4sec:							.EQU		00010000B
   217                      <       	D_TBL2Hz:								.EQU		00000000B	
   218                      <       	D_TBL4Hz:								.EQU		00001000B
   219                      <       	D_TBL8Hz:								.EQU		00000100B
   220                      <       	D_TBL16Hz:								.EQU		00001100B
   221                      <       	D_TBH128Hz:								.EQU		00000000B
   222                      <       	D_TBH256Hz:								.EQU		00000010B
   223                      <       	D_TBH512Hz:								.EQU		00000001B
   224                      <       	D_TBH1KHz:								.EQU		00000011B
   225                      <       P_IO_Strobe_En:							.EQU   $2C                        
   226                      <        	D_StrobeDis:							.EQU		00000000B              
   227                      <         	D_StrobeEn:								.EQU		00000001B               
   228                      <                       
   229                      <       
   230                      <       ;==============  Sleep/Wakeup Register  ==============
   231                      <       P_WAKEUP_Ctrl:         		 			.EQU   $30   
   232                      <       	D_KeyDis:								.EQU		00000000B
   233                      <       	D_KeyEn:								.EQU		00000001B
   234                      <       	D_TBLEn:								.EQU		00000010B
   235                      <       	D_TBLDis:								.EQU		00000000B
   236                      <       	D_TBHEn:								.EQU		00001000B
   237                      <       	D_TBHDis:								.EQU		00000000B
   238                      <       
   239                      <       P_WAKEUP_Flag:         		 			.EQU   $31   
   240                      <       	D_KEYWFC_En:							.EQU		00000001B
   241                      <       	D_KEYWFC_Dis:							.EQU		00000000B
   242                      <       	D_TBLWFC_En:							.EQU		00000010B
   243                      <       	D_TBLWFC_Dis:							.EQU		00000000B
   244                      <       	D_TBHWFC_En:							.EQU		00001000B
   245                      <       	D_TBHWFC_Dis:							.EQU		00000000B
   246                      <       		
   247                      <       P_IO_PortB_WakeUpEN:						.EQU   $37 	
   248                      <       P_IO_PortC_WakeUpEN:						.EQU   $38   
   249                      <       P_IO_PortD_WakeUpEN:						.EQU   $39   
   250                      <       
   251                      <       ;==============  LCD Register  ==============
   252                      <       P_LCD_Ctrl:					       		.EQU   $32	
   253                      <       
   254                      <       	D_LCDGreenMode_Dis:						.EQU		10010000B
   255                      <       	D_LCDGreenMode_En:						.EQU		10000000B
   256                      <       
   257                      <       	D_LCDMode_Normal:						.EQU		00000000B
   258                      <       	D_LCDMode_AllOn:						.EQU		00000001B
   259                      <       	D_LCDMode_AllOff:						.EQU		00000010B
   260                      <       	D_LCDMode_DisplayOff:					.EQU		00000011B
   261                      <       	
   262                      <       	D_LCDSetting_3Bias_4Duty:				.EQU		00000000B
   263                      <       	D_LCDSetting_3Bias_5Duty:				.EQU		00000100B
   264                      <       	D_LCDSetting_3Bias_6Duty:				.EQU		00001000B
   265                      <       	D_LCDSetting_4Bias_8Duty:				.EQU		00001100B	
   266                      <       	
   267                      <       	D_LCD_VLCD2_5V:							.EQU		00000000B
   268                      <       	D_LCD_VLCD2_4V:							.EQU		00100000B	
   269                      <       	D_LCD_VLCD2_8V:							.EQU		01000000B	
   270                      <       	D_LCD_VLCDVDD:							.EQU		01100000B	
   271                      <       	
   272                      <       ;==============  LVD function Register  ==============   
   273                      <       P_LVD_Ctrl:					         	.EQU   $33  
   274                      <       
   275                      <       	D_LVDS_2_7V:							.EQU		01000000B
   276                      <       	D_LVDS_2_1V:							.EQU		00000000B
   277                      <       	D_LVDS_2_4V:							.EQU		00100000B
   278                      <       	D_LVD_En:								.EQU		10000000B
   279                      <       	D_LVD_Dis:								.EQU		00000000B
   280                      <       ;==============  PWM function Register  ==============	
   281                      <       P_PWM_IO_Ctrl:				.EQU    $11				
   282                      <       	D_TX_En:								.EQU		00000000B
   283                      <       	D_IO_En:									.EQU		00100000B
   284                      <       	D_Driving_50mA:						.EQU		00000000B
   285                      <       	D_Driving_100mA:					.EQU		00001000B
   286                      <       	D_Driving_200mA:					.EQU		00010000B
   287                      <       	D_Driving_400mA:					.EQU		00011000B
   288                      <       P_PWM_EN:         				.EQU    $17
   289                      <       	D_PWMEn:								.EQU		00000000B
   290                      <       	D_PWMDis:								.EQU		01000000B	
   291                      <       ;**********************************************************************
   292                      <       ;ROM Checksum
   293                      <       ;**********************************************************************
   294                      <       
   295                      <       D_Bank0UserRomStartAddr:		.EQU	0xE000		;0xE000 ~ 0xFFFF: User ROM Code
   296                      <       
   297                      <       D_Bank0UserRomEndAddr:			.EQU	0xFFF6		;0xFFF7 ~ 0xFFF9 are reserved for Generalplus used
   298                      <       D_NMIandResetVectorStartAddr:	.EQU	0xFFFA		
   299                      <       D_NMIandResetVectorEndAddr:		.EQU	0xFFFF
   300                      <       
   301                      <       
   302                      <       ; ========================================================================================
   303                      <       ; Macro Name	: M_UserRomChecksum
   304                      <       ; Parameters	: None
   305                      <       ; Return Value	: R_ChecksumResult: bit[7:0]
   306                      <       ;				: R_ChecksumResult + 1: bit[15:8]
   307                      <       ;				: R_ChecksumResult + 2: bit[23:16]
   308                      <       ;				: R_ChecksumResult + 3: bit[31:24]
   309                      <       ; Description	: Calculate user ROM area code checksum
   310                      <       ; Destroy		: A, Y
   311                      <       ; Example		: %M_UserRomChecksum	R_ChecksumAddrPtr, R_ChecksumResult
   312                      <       ; ========================================================================================	
   313                      <       %M_UserRomChecksum:	.MACRO	R_ChecksumAddrPtr, R_ChecksumResult
   314                      <       	LDA		#0
   315                      <       	STA		R_ChecksumResult					;Result Byte0
   316                      <       	STA		R_ChecksumResult + 1				;Result Byte1
   317                      <       	STA		R_ChecksumResult + 2				;Result Byte2
   318                      <       	STA		R_ChecksumResult + 3				;Result Byte3
   319                      <       ;=================== Bank 0 ==================================================	
   320                      <       	LDA		#.HIGH.D_Bank0UserRomStartAddr
   321                      <       	STA		R_ChecksumAddrPtr + 1				; Start High Byte
   322                      <       	LDA		#.LOW.D_Bank0UserRomStartAddr
   323                      <       	STA		R_ChecksumAddrPtr					;Start Low Byte
   324                      <       	LDY		#0
   325                      <       L_ChecksumLoop1?
   326                      <       	LDA		#D_WDT_Clear
   327                      <       	STA		P_WDT_Flag_Clear	
   328                      <       	CLC
   329                      <       	LDA		(R_ChecksumAddrPtr),Y
   330                      <       	ADC		R_ChecksumResult					;Result Low Byte
   331                      <       	STA		R_ChecksumResult					;Result Low Byte
   332                      <       	BCC		L_CheckAddress1?
   333                      <       	INC		R_ChecksumResult + 1				;Result Byte1
   334                      <       	BNE		L_CheckAddress1?
   335                      <       	INC		R_ChecksumResult + 2				;Result Byte3
   336                      <       	BNE		L_CheckAddress1?
   337                      <       	INC		R_ChecksumResult + 3				;Result Byte4
   338                      <       		
   339                      <       L_CheckAddress1?:
   340                      <       	LDA		R_ChecksumAddrPtr + 1				;Address Pointer HB
   341                      <       	CMP		#.HIGH.D_Bank0UserRomEndAddr		;End High Byte
   342                      <       	BNE		L_IncreaseAdd1?
   343                      <       	
   344                      <       	LDA		R_ChecksumAddrPtr					;Address Pointer LB
   345                      <       	CMP		#.LOW.D_Bank0UserRomEndAddr			;End Low Byte
   346                      <       	BEQ		L_ExitRomSum1?
   347                      <       	
   348                      <       L_IncreaseAdd1?:
   349                      <       	INC		R_ChecksumAddrPtr					;Address Pointer LB
   350                      <       	BNE		L_ChecksumLoop1?
   351                      <       	INC		R_ChecksumAddrPtr + 1				;Address Pointer HB
   352                      <       	JMP		L_ChecksumLoop1?	
   353                      <       		
   354                      <       L_ExitRomSum1?:	
   355                      <       ;===================NMI & Reset Vector==================================================		
   356                      <       	LDA		#.HIGH.D_NMIandResetVectorStartAddr
   357                      <       	STA		R_ChecksumAddrPtr + 1				; Start High Byte
   358                      <       	LDA		#.LOW.D_NMIandResetVectorStartAddr
   359                      <       	STA		R_ChecksumAddrPtr				;Start Low Byte
   360                      <       		
   361                      <       L_ChecksumLoop2?
   362                      <       	LDA		#D_WDT_Clear
   363                      <       	STA		P_WDT_Flag_Clear
   364                      <       	CLC
   365                      <       	LDA		(R_ChecksumAddrPtr),Y
   366                      <       	ADC		R_ChecksumResult					;Result Low Byte
   367                      <       	STA		R_ChecksumResult					;Result Low Byte
   368                      <       	BCC		L_CheckAddress2?
   369                      <       	INC		R_ChecksumResult + 1				;Result Byte2
   370                      <       	BNE		L_CheckAddress2?
   371                      <       	INC		R_ChecksumResult + 2				;Result Byte3
   372                      <       	BNE		L_CheckAddress2?
   373                      <       	INC		R_ChecksumResult + 3				;Result Byte4
   374                      <       		
   375                      <       L_CheckAddress2?:
   376                      <       	LDA		R_ChecksumAddrPtr + 1				;Address Pointer HB
   377                      <       	CMP		#.HIGH.D_NMIandResetVectorEndAddr	;End High Byte
   378                      <       	BNE		L_IncreaseAdd2?
   379                      <       	
   380                      <       	LDA		R_ChecksumAddrPtr					;Address Pointer LB
   381                      <       	CMP		#.LOW.D_NMIandResetVectorEndAddr	;End Low Byte
   382                      <       	BEQ		L_EndChecksum?
   383                      <       	
   384                      <       L_IncreaseAdd2?:
   385                      <       	INC		R_ChecksumAddrPtr					;Address Pointer LB
   386                      <       	BNE		L_ChecksumLoop2?
   387                      <       	INC		R_ChecksumAddrPtr + 1				;Address Pointer HB
   388                      <       	JMP		L_ChecksumLoop2?	
   389                      <       	
   390                      <       L_EndChecksum?:
   391                      <       
   392                      <       	.ENDM
   393                      <       
   394                      <       EV_Simualtion		.EQU	0
   395                      <       OTP_BurnIn			.EQU	1
   396                      <       GPL812P01Bx_Mode	.EQU	OTP_BurnIn
   397                      <       
   398                      <       	
   399                      <       			.ENDIF
   400                      <       			.ENDIF
   401                      <       	.ENDIF
   402                              .INCLUDE	"GPL812P01B_LCM_Driver\GPL812P01B_LCM_Driver.inc"
   403                      <       .IFNDEF _GPL812P01B_LCM_Driver_inc_
   404                      <       _GPL812P01B_LCM_Driver_inc_:    .EQU    1
   405                      <       .if	(GPL812P01Bx_Mode=EV_Simualtion)
   406                      <       ; =======================================================================================
   407                      <       ; Function name : F_LCM_Enable
   408                      <       ; Purpose       : Enable LCM Driver ,Setting Data/CLK pin as Output Low
   409                      <       ; Parameter     : 
   410                      <       ; Return        : 
   411                      <       ; Destroy       : A 
   412                      <       ; ======================================================================================  
   413                      <       .extern		F_LCM_Enable
   414                      <       ; =======================================================================================
   415                      <       ; Function name : F_LCM_Write_OneReg
   416                      <       ; Purpose       : 
   417                      <       ; Parameter     : A:Address Y:Data
   418                      <       ; Return        : None ; Check sum = length(=2) + address + data
   419                      <       ; Destroy       : A,X
   420                      <       ; ======================================================================================
   421                      <       .extern		F_LCM_Write_OneReg
   422                      <       ; =======================================================================================
   423                      <       ; Function name : F_LCM_Write_NReg
   424                      <       ; Purpose       : 
   425                      <       ; Parameter     : LCM_Buffer_Ptr
   426                      <       ; Return        : None ; Check sum = R_LCM_DataLength + address1 + data1 + 
   427                      <       ;                       	          address2 + data2 + ....  + addressN + dataN
   428                      <       ; Destroy       : A,Y,X
   429                      <       ; ======================================================================================
   430                      <       .extern		F_LCM_Write_NReg
   431                      <       ; =======================================================================================
   432                      <       ; Function name : F_LCM_Write_LCDData
   433                      <       ; Purpose       : 
   434                      <       ; Parameter     : LCM_Buffer_Ptr
   435                      <       ; Return        : None ; Check sum = N + (0x50~0x50+N)
   436                      <       ; Destroy       : A,X,Y 
   437                      <       ; ======================================================================================
   438                      <       .extern		F_LCM_Write_LCDData
   439                      <       
   440                      <       .external	.PAGE0	LCM_Buffer_Ptr ;LCM data buffer address
   441                      <       
   442                      <       .extern		LCM_Data_Buffer		;Max Size is acording R_LCM_DataLength+3
   443                      <       .extern		R_LCM_DataLength	;record LCM Command of DataLength
   444                      <       
   445                      <       .extern    R_128Hz_Count
   446                      <       
   447                      <       .endif
   448                      <       .endif
   449                              .INCLUDE	"LCD\GPL812P01B_LCD.inc"
   450                      <       .IFNDEF _LCD_Setting_inc_
   451                      <       _LCD_Setting_inc_:    .EQU    1
   452                      <       
   453                      <       ;==================================================================================
   454                      <       ; The information contained herein is the exclusive property of
   455                      <       ; Generalplus Technology Co. And shall not be distributed, reproduced,
   456                      <       ; or disclosed in whole in part without prior written permission.
   457                      <       ;       (C) COPYRIGHT 2009   Generalplus TECHNOLOGY CO.                            
   458                      <       ;                   ALL RIGHTS RESERVED
   459                      <       ; The entire notice above must be reproduced on all authorized copies.
   460                      <       ;==================================================================================
   461                      <       ;==================================================================================
   462                      <       ; Name                  : GPL812P01B_LCD.inc
   463                      <       ; Applied Body          : GPL81P01A Series
   464                      <       ; Programmer            : 
   465                      <       ; Description           : 
   466                      <       ; History version       : v1.0.0
   467                      <       ; 1.0.0     2017/01/08  Neo    first issue
   468                      <       ;==================================================================================
   469                      <       .extern F_LCD_Intital		;Initial LCD
   470                      <       .extern F_LCD_Close			;Disable LCD	
   471                      <       .extern F_LCD_Clear			;Clear LCD DPRAM data
   472                      <       .extern	F_LCD_PutRAMToDPRAM	;Put RAM Buffer to DPRAM
   473                      <       
   474                      <       .extern LCD_DPRAM_Buffer
   475                      <       .extern	.PAGE0 LCD_RAM_Ptr
   476                      <       .ENDIF
   477                      <         
   478                              ;.INCLUDE	include\user.inc
   479                              .INCLUDE	include\Macro.inc
   480                      <       ;==========================================
   481                      <       ; Constant define area
   482                      <       ;==========================================
   483                      <       D_DebounceTime	        EQU    0x03     ;7.8125ms*3=23.4735ms    消抖时间  ;128Hz
   484                      <       D_LongKeyTime	        EQU    255      ;7.8125ms*255=2s 
   485                      <       D_TenSecond             EQU    20       ;0.5s*20=10s
   486                      <       D_OneMinute             EQU    120      ;0.5s*120=60s ;在设置模式下,若1MIN无Key按下,自动保存退出,显示正常时间
   487                      <       	
   488                      <       
   489                      <       
   490                      <       C_SramAddrStart		    EQU	    80H		;SRAM start address
   491                      <       C_SramAddrEnd   		EQU		FFH		;GPL11B SRAM end address
   492                      <       C_DPRAMAddrStart		EQU		50H		;DPRAM start address
   493                      <       C_DPRAMAddrEnd   		EQU		5FH		;GPL812P02A DPRAM end address
   494                      <       
   495                      <       
   496                      <       D_SetHour				equ		04H
   497                      <       D_SetMinute				equ		05H
   498                      <       
   499                      <       D_30SecLightOn					equ		60
   500                      <       C_10Sec					equ		21			;20/2=10sec 	
   501                      <       	
   502                      <       D_Bit0					equ		01H
   503                      <       D_Bit1					equ		02H
   504                      <       D_Bit2					equ		04H
   505                      <       D_Bit3					equ		08H
   506                      <       D_Bit4					equ		10H
   507                      <       D_Bit5					equ		20H
   508                      <       D_Bit6					equ		40H
   509                      <       D_Bit7					equ		80H
   510                      <       ;;============================================================================
   511                      <       ;Macro Name: %M_ClearWatchDog
   512                      <       ;Purpose: Clear Watchdog
   513                      <       ;Destroy: A
   514                      <       ;;============================================================================
   515                      <       %M_ClearWatchDog:		.MACRO 
   516                      <       	LDA		#D_WDT_Clear
   517                      <       	STA		P_WDT_Flag_Clear
   518                      <       	.ENDM
   519                      <       
   520                      <       ;==========================================
   521                      <       ; Macro Name:	%FillSram
   522                      <       ; Description:	Fill data to SRAM $80 ~ $fF
   523                      <       ; Input:		mData
   524                      <       ;==========================================
   525                      <       %RAM_Init:		.MACRO	
   526                      <       		LDy		#0
   527                      <       		LDA		#0	
   528                      <       ?L_FillRAMLOOP:	
   529                      <       		STA		$80,y
   530                      <       		INy
   531                      <       		CPy		#128
   532                      <       		BCC		?L_FillRAMLOOP
   533                      <       .ENDM
   534                      <       
   535                      <       
   536                      <       %RAM2_Init:		.macro
   537                      <       	
   538                      <       		LDX		#00		
   539                      <       		LDA		#00
   540                      <       	?Loop:
   541                      <       		STA		$01C0,x
   542                      <       		INX
   543                      <       		CPX		#64
   544                      <       		BCC		?Loop		
   545                      <       .endm
   546                      <       
   547                      <       
   548                      <       
   549                      <       %GotoSleep:		.MACRO
   550                      <       				LDA		#D_SYS_Sleep
   551                      <       				STA		P_SYSTEM_Ctrl				; Enter Sleep Mode
   552                      <       				NOP
   553                      <       				NOP
   554                      <       				NOP
   555                      <       				.ENDM
   556                      <       ;;============================================================================
   557                      <       ;Macro Name: %M_DisAllInt
   558                      <       ;Purpose: Disable all interrupt 
   559                      <       ;Destroy: A
   560                      <       ;;============================================================================
   561                      <       %M_DisAllInt:		.MACRO
   562                      <       
   563                      <       	LDA	#00H
   564                      <       	STA	P_INT_Ctrl0
   565                      <       	LDA	#FFH	
   566                      <       	STA	P_INT_Clear0
   567                      <       	
   568                      <       	LDA	#00H
   569                      <       	STA	P_INT_Ctrl1
   570                      <       	LDA	#FFH
   571                      <       	STA	P_INT_Clear1
   572                      <       
   573                      <       	LDA	#00H
   574                      <       	STA	P_INT_Ctrl2
   575                      <       	LDA	#FFH
   576                      <       	STA	P_INT_Clear2
   577                      <       	
   578                      <       	.ENDM
   579                      <       ;;============================================================================
   580                      <       ;Macro Name: %DisableLCD
   581                      <       ;Purpose: Disable LCD
   582                      <       ;Destroy: A
   583                      <       ;;============================================================================
   584                      <       %DisableLCD:		.MACRO
   585                      <       	
   586                      <       	LDA	#D_LCDMode_DisplayOff
   587                      <       	STA	P_LCD_Ctrl
   588                      <       	.ENDM
   589                      <       ;-----------------------------------------------------------------------------
   590                      <       ; Macro Name:	%M_InitLCD
   591                      <       ; Description:	Initialize LCD configuration after power on
   592                      <       ;-----------------------------------------------------------------------------	
   593                      <       %M_InitLCD:		.MACRO
   594                      <           LDA		#D_LCDMode_Normal+D_LCDSetting_3Bias_4Duty+D_LCDGreenMode_En
   595                      <       ;	LDA		#(D_LCDMode_Normal+D_LCDSetting_3Bias_4Duty)
   596                      <       	STA		P_LCD_Ctrl		;1/4duty,1/3bias,normal scan
   597                      <       
   598                      <       	.ENDM
   599                      <       ;-----------------------------------------------------------------------------
   600                      <       ; Macro Name:	%FillLcdDpram
   601                      <       ; Description:	Fill LCD DPRAM $50 ~$5F
   602                      <       ;-----------------------------------------------------------------------------
   603                      <       %FillLcdDpram	.MACRO	mData
   604                      <       		
   605                      <       		%M_ClearWatchDog
   606                      <       		LDX		#00H
   607                      <       		LDA     mData
   608                      <       ?L_ClrDpramLoop:
   609                      <       		STA		$50,X
   610                      <       		INX
   611                      <       		CPX		#10H
   612                      <       		BNE		?L_ClrDpramLoop	
   613                      <       
   614                      <       	.ENDM
   615                      <       ;-----------------------------------------------------------------------------
   616                      <       ; Macro Name:	%M_PushAll
   617                      <       ; Description:	Push
   618                      <       ;-----------------------------------------------------------------------------		
   619                      <       %M_PushAll:		.MACRO
   620                      <       		PHP
   621                      <       		PHA
   622                      <       		TXA
   623                      <       		PHA
   624                      <       		TYA
   625                      <       		PHA
   626                      <       			.ENDM
   627                      <       ;-----------------------------------------------------------------------------
   628                      <       ; Macro Name:	%M_PopAll
   629                      <       ; Description:	Pop
   630                      <       ;-----------------------------------------------------------------------------	
   631                      <       %M_PopAll:		.MACRO
   632                      <       		PLA
   633                      <       		TAY
   634                      <       		PLA
   635                      <       		TAX
   636                      <       		PLA
   637                      <       		PLP
   638                      <       			.ENDM	
   639                      <       
   640                      <       ;----------------------------------------------------------
   641                      <       ;/***********************************************/
   642                      <       ;         i.L=1 
   643                      <       %bits:   .MACRO   i,L             ;BYTE i;  
   644                      <                 lda     i               ;ex.  
   645                      <                 ora     #L              ;  %bits 10H,_BIT0  ;  10H.0=1
   646                      <                 sta     i               ;
   647                      <                .ENDM    
   648                      <       
   649                      <       ;/***********************************************/
   650                      <       ;         i.L=0
   651                      <       %bitr:   .MACRO   i,L             ;BYTE i;  
   652                      <                 lda     i               ;ex.  
   653                      <                 and     #.NOT.L         ;  %bitr 10H,_BIT0;  10H.0=0
   654                      <                 sta     i
   655                      <                .ENDM    
   656                      <       
   657                      <       ;/***********************************************/
   658                      <       ;         if(i.L==1) goto N
   659                      <       %btst:   .MACRO   i,L,N           ;BYTE i;  
   660                      <                 lda     i               ;ex.   
   661                      <                 and     #L              ;  %btst 10H,_BIT0,N
   662                      <                 bne     N               ;  if(10H.0=1) goto N 
   663                      <                .ENDM    
   664                      <                                         
   665                      <       ;/***********************************************/
   666                      <       ;         if(i.L==0) goto N
   667                      <       %btsf:   .MACRO   i,L,N           ;BYTE i;    
   668                      <                 lda     i               ;ex.   
   669                      <                 and     #L              ;  %btsf 10H,_BIT0,N
   670                      <                 beq     N               ;  if(10H.0=0) goto N 
   671                      <                .ENDM    
   672                      <       
   673                      <       ;/***********************************************/
   674                      <       %F_IO_Intital:	.macro
   675                      <       		LDA		#00000000b
   676                      <       		STA		P_IO_PortA_Attrib	
   677                      <       		LDA		#00000000b		;PA0~PA7 as lcd segment
   678                      <       		STA		P_IO_PortA_Dir
   679                      <       		LDA		#11111111b
   680                      <       		STA		P_IO_PortA_Data
   681                      <       		
   682                      <       		LDA		#00000000b
   683                      <       		STA		P_IO_PortB_Attrib		
   684                      <       		LDA		#00000000b	
   685                      <       		STA		P_IO_PortB_Dir
   686                      <       		LDA		#00001111b
   687                      <       		STA		P_IO_PortB_Data
   688                      <       		
   689                      <       		LDA		#00000000b
   690                      <       		STA		P_IO_PortC_Attrib		
   691                      <       		LDA		#00000000b	
   692                      <       		STA		P_IO_PortC_Dir
   693                      <       		LDA		#11111111b
   694                      <       		STA		P_IO_PortC_Data	
   695                      <       		
   696                      <       		LDA		#00000000b
   697                      <       		STA		P_IO_PortD_Attrib		
   698                      <       		LDA		#10000000b		;PD2,3,5 as input low,PD7,output LOW
   699                      <       		STA		P_IO_PortD_Dir
   700                      <       		LDA		#00101100b
   701                      <       		STA		P_IO_PortD_Data
   702                      <       .endm
   703                      <       ;/***********************************************/
   704                      <       %F_INT_Intital:	.macro
   705                      <       		LDA		#D_TBL2Hz+D_TBH128Hz
   706                      <       		STA		P_TIMER_TimeBase_Sel
   707                      <       		LDA		#ffh
   708                      <       		STA		P_INT_Clear0
   709                      <       		STA		P_INT_Clear1
   710                      <       		
   711                      <       		LDA		#D_TBL_INT_En+D_TBH_INT_En
   712                      <       		STA		P_INT_Ctrl1
   713                      <       		
   714                      <       ;		LDA	#FFH
   715                      <       ;		STA	P_INT_Clear0	
   716                      <       ;		STA	P_INT_Clear1
   717                      <       
   718                      <       ;		LDA	#D_TM0O_INT_En
   719                      <       ;		LDA		#00
   720                      <       ;		STA P_INT_Ctrl0
   721                      <       		
   722                      <       ;		LDA	#(D_TM0En+D_TM0FoscDiv4)
   723                      <       ;		STA	P_TIMER_Timer0_Ctrl
   724                      <       ;		LDA	#250					;timer0 as buzzer output freq.
   725                      <       ;		STA	P_TIMER_TM0Data_LB
   726                      <       ;		LDA	#(D_TBL2Hz+D_TBH128Hz)	;
   727                      <       ;		STA	P_TIMER_TimeBase_Sel
   728                      <       		
   729                      <       ;		LDA	#(D_TBL_INT_En+D_TBH_INT_En)
   730                      <       ;		STA	P_INT_Ctrl1	
   731                      <       .ENDM
   732                      <       
   733                      <       %EnRedrawFlag:		.macro
   734                      <       	
   735                      <       ;		%bits	R_TimeStatus,AddOthers
   736                      <       		%bits	R_DispUpdate,D_NumberUpdate
   737                      <       					.endm
   738                      <       
   739                      <       %R_TempPlus:		.macro	i,l
   740                      <       			lda		i
   741                      <       			sta		l
   742                      <       			lda		i+1
   743                      <       			sta		l+1
   744                      <       			lda		i+2
   745                      <       			sta		l+2
   746                      <       			.endm
   747                      <       %R_TempRestor:		.macro	i,l
   748                      <       			lda		l
   749                      <       			sta		i
   750                      <       			lda		l+1
   751                      <       			sta		i+1
   752                      <       			lda		l+2
   753                      <       			sta		i+2
   754                      <       			.endm
   755                      <       
   756                      <       %ClearAllNumber:	.MACRO
   757                      <       			LDX		#T_D1
   758                      <       			JSR		F_NoDisplayBit
   759                      <       			LDX		#T_D2
   760                      <       			JSR		F_NoDisplayBit
   761                      <       			LDX		#T_D3
   762                      <       			JSR		F_NoDisplayBit
   763                      <       			LDX		#T_D4
   764                      <       			JSR		F_NoDisplayBit
   765                      <       			LDX		#T_D5
   766                      <       			JSR		F_NoDisplayBit
   767                      <       			LDX		#T_D6
   768                      <       			JSR		F_NoDisplayBit
   769                      <       
   770                      <       	.ENDM
   771                      <       		
   772                      <       %M_Power_GreenMode:	.MACRO
   773                      <       
   774                      <       	LDA		#D_IO_GreenEn
   775                      <       	STA		P_IO_Green_Ctrl
   776                      <       	LDA		#D_GreenEn
   777                      <       	STA		P_SYSTEM_Green_Ctrl
   778                      <       
   779                      <       			
   780                      <       			
   781                      <       .ENDM
   782                      <       ;/***********************************************/
   783                              .INCLUDE	include\Key.inc
   784                      <       
   785                      <       ;=====================================================
   786                      <       ;			RAM Define
   787                      <       ;=====================================================
   788                      <       
   789                      <       .extern	        R_KeyValue 
   790                      <       .extern	        R_DebounceCnt
   791                      <       .extern			R_LongKeyTime
   792                      <       
   793                      <       .extern			R_LCDOffTime
   794                      <       C_LCDOff		equ		60
   795                      <       
   796                      <       .extern			R_KeyFlag
   797                      <       D_KeyFastAdd		equ		0x01
   798                      <       D_LongKey			equ		0x02
   799                      <       D_KeyRelDis			equ		0x04
   800                      <       D_KeyToneEn			equ		0x08
   801                      <       D_Alarming			equ		0x10
   802                      <       D_LCDOFF			equ		0x20
   803                      <       D_LVD_ON			equ		0x40
   804                      <       	
   805                      <       .EXTERN		R_OtherFlag		
   806                      <       D_BLight	equ	D_Bit0		;背光标志
   807                      <       D_CF		equ	D_Bit1		;CF切换
   808                      <       D_MaxValue	equ	D_Bit2		;最大值
   809                      <       D_MinValue	equ	D_Bit3		;最小值
   810                      <       D_BLinhtOn	equ	D_Bit4		;背光功能开启
   811                      <       D_NegFlag	equ	D_Bit5		;负号标志	
   812                      <       
   813                      <       .EXTERN		R_SpecFlag
   814                      <       D_OverMax	equ	D_Bit0
   815                      <       D_OverMin	equ	D_Bit1
   816                      <       		
   817                      <       .EXTERN		R_HumLevel	
   818                      <       D_Dry		equ	0x01	;dry
   819                      <       D_Mid1		equ	0x02	;Middle1
   820                      <       D_Comf		equ	0x04	;comfort
   821                      <       D_Mid2		equ	0x08	;middle2
   822                      <       D_Wet		equ	0x10	;wet
   823                      <       D_NoArrow	equ	0x20
   824                      <       ;==========================================================
   825                      <       ;			Module Define
   826                      <       ;==========================================================
   827                      <       
   828                      <       .EXTERN	    F_KeyScan
   829                      <       .EXTERN		F_PlayKeyTone
   830                      <       .EXTERN		F_CheckAlarmTone
   831                      <       .EXTERN		F_2HzAutoBack
   832                      <       
   833                      <       .EXTERN		F_Delay
   834                      <       .EXTERN		F_ReadI2CData
   835                      <       .EXTERN		F_WriteCounterData
   836                      <       
   837                      <       .EXTERN		F_OpenData
   838                      <       
   839                      <       .EXTERN		F_LoadLCDOnTime
   840                      <       
   841                      <       .EXTERN	R_NormTemp		;默认温度值
   842                      <       .EXTERN	R_NormTempF		;默认温度值
   843                      <       .EXTERN	R_NormHum		;默认湿度值	
   844                      <       ;====================================================
   845                      <       .EXTERN		R_TimeStatus	
   846                      <       AddOthers		equ		0x01
   847                      <       .EXTERN		Light_JudgeOff
   848                              ;.INCLUDE	include\rtc.inc
   849                              .INCLUDE	include\Display.inc
   850                      <       
   851                      <       ;===================================================
   852                      <       ;			RAM Define
   853                      <       ;====================================================
   854                      <       
   855                      <       ;===================================================
   856                      <       ;			Module Define
   857                      <       ;====================================================
   858                      <       .EXTERN         F_ClrLcdDpram
   859                      <       .EXTERN			F_AllDisplayLcd
   860                      <       .EXTERN         F_ClrPage0SRAM
   861                      <       .EXTERN         F_ClrSRAM
   862                      <       .EXTERN         F_Display
   863                      <       .EXTERN			F_DisplayNum
   864                      <       
   865                      <       .EXTERN		F_ByteHLValue
   866                      <       .EXTERN		F_ByteLHValue
   867                      <       .EXTERN		F_TestModeCnt
   868                      <       .EXTERN		F_DisplayBatIcon
   869                      <       ;.extern			F_CheckWakeLEDInc
   870                      <       
   871                      <       .EXTERN			R_TempBuf
   872                      <       ;====================================================
   873                      <       
   874                              .INCLUDE		RFC\RFC_user.inc
   875                      <       .external		F_Start_RFC
   876                      <       .external		F_Stop_RFC
   877                      <       .external		F_RFC_Initial
   878                      <       .external		F_RFC_porccess
   879                      <       .external		R_RFC_Control
   880                      <       	D_Cal_ready:		.EQU	01H
   881                      <       	D_Cal_ing:		.EQU	02H
   882                      <       	D_RFC_Enable:	.EQU		00001000B
   883                      <       .external		F_Calculate_Temp_Hum_Proc
   884                      <       .EXTERN		RB_TempDataBCD			
   885                      <       .EXTERN		RB_HumDataBCD	
   886                      <       .EXTERN		TempDataHex
   887                      <       .EXTERN 	HumDataHex
   888                      <       .extern		R_RFC_States
   889                      <       
   890                              ;.INCLUDE		RFC\RFC_Define.inc
   891                              ;.INCLUDE	RFC\RFC_user.inc
   892                              ;.INCLUDE	RFC\RfcDriver.inc
   893                              ;.INCLUDE	RFC\rfcCalculate.inc
   894                              ;.INCLUDE	RFC\rfcDefine.inc
   895                              ;==========================================
   896 0000FFF7                     ModeSelect_EVorOTP: .section
   897                              .if	(GPL812P01Bx_Mode=OTP_BurnIn)	;fix the address 0xFFF7 to check EV or OTP
   898 0000FFF7 01                  .DB	0x01		;1:For OTP		
   899                              .endif
   900                              .if	(GPL812P01Bx_Mode=EV_Simualtion)	;fix the address 0xFFF7 to check EV or OTP
   901                              .DB	0x02		;2:For EV		
   902                              .endif
   903                              ;==========================================
   904                              ; External declare area
   905                              ;==========================================
   906                              .public		R_2Hz
   907                              ;.PUBLIC		R_500ms
   908                              ;.PUBLIC		R_1KHz
   909                              C_RFC_Interval			.equ		60
   910                              ;==========================================
   911                              ; Public declare area
   912                              ;==========================================
   913                              .PUBLIC V_RESET
   914                              
   915                              .EXTERNAL	OF_cnt
   916                              ;==========================================
   917                              ;Variable RAM declare area
   918                              ;==========================================
   919 00000080                     .PAGE0
   920 00000080 FF                  R_2Hz		ds	1
   921 00000081 FF                  RB_RFC_Interval:		.DS		1
   922                              ;R_1KHz		ds	1
   923                              D_InWithCAP				.equ	0x01
   924                              ;==========================================
   925                              ; code starting 
   926                              ;==========================================
   927 0000E000                     .CODE
   928 0000E000                     V_RESET:
   929 0000E000 78                  		SEI
   930 0000E001 A2 FF               		LDX		#0xFF	;nitial stack pointer at 0x1FF 
   931 0000E003 9A                  		TXS
   932 0000E004 A5 31               		LDA		P_WAKEUP_Flag
   933 0000E006 AA                  		TAX
   934 0000E007 A9 00                       LDA		#00
   935 0000E009 85 30               		STA		P_WAKEUP_Ctrl    ;clear wakeup flag	
   936 0000E00B 8A                  		TXA		
   937 0000E00C 29 02               		AND		#D_TBLWFC_En
   938 0000E00E F0 03               		BEQ		$+5
   939 0000E010 4C E1 E0            		JMP		L_2Hz_WakeUp		
   940 0000E013 8A                  		TXA
   941 0000E014 29 01               		AND		#D_KEYWFC_En
   942 0000E016 F0 03               		BEQ		$+5
   943 0000E018 4C 0A E1            		JMP		Key_WakeUp
   944 0000E01B 4C 1E E0            		JMP		Power_On_Reset		
   945 0000E01E                     Power_On_Reset:	
   946 0000E01E A9 80               		LDA		#D_32768En	;+D_InWithCAP)
   947 0000E020 85 2A               		STA		P_CLK_32768_En		
   948                              		
   949                              		%M_Power_GreenMode		;Set P_IO_Green_Ctrl, P_SYSTEM_Green_Ctrl Enable.
   950                            1 
   951 0000E022 A9 20             1 	LDA		#D_IO_GreenEn
   952 0000E024 85 11             1 	STA		P_IO_Green_Ctrl
   953 0000E026 A9 40             1 	LDA		#D_GreenEn
   954 0000E028 85 17             1 	STA		P_SYSTEM_Green_Ctrl
   955                            1 
   956                            1 			
   957                            1 			
   958                              		%RAM_Init
   959 0000E02A A0 00             1 		LDy		#0
   960 0000E02C A9 00             1 		LDA		#0	
   961 0000E02E                   1 ?L_FillRAMLOOP:	
   962 0000E02E 99 80 00          1 		STA		$80,y
   963 0000E031 C8                1 		INy
   964 0000E032 C0 80             1 		CPy		#128
   965 0000E034 90 F8             1 		BCC		?L_FillRAMLOOP
   966                              		%RAM2_Init
   967                            1 	
   968 0000E036 A2 00             1 		LDX		#00		
   969 0000E038 A9 00             1 		LDA		#00
   970 0000E03A                   1 	?Loop:
   971 0000E03A 9D C0 01          1 		STA		$01C0,x
   972 0000E03D E8                1 		INX
   973 0000E03E E0 40             1 		CPX		#64
   974 0000E040 90 F8             1 		BCC		?Loop		
   975                              		%F_INT_Intital
   976 0000E042 A9 00             1 		LDA		#D_TBL2Hz+D_TBH128Hz
   977 0000E044 85 2B             1 		STA		P_TIMER_TimeBase_Sel
   978 0000E046 A9 FF             1 		LDA		#ffh
   979 0000E048 85 14             1 		STA		P_INT_Clear0
   980 0000E04A 85 16             1 		STA		P_INT_Clear1
   981                            1 		
   982 0000E04C A9 30             1 		LDA		#D_TBL_INT_En+D_TBH_INT_En
   983 0000E04E 85 15             1 		STA		P_INT_Ctrl1
   984                            1 		
   985                            1 ;		LDA	#FFH
   986                            1 ;		STA	P_INT_Clear0	
   987                            1 ;		STA	P_INT_Clear1
   988                            1 
   989                            1 ;		LDA	#D_TM0O_INT_En
   990                            1 ;		LDA		#00
   991                            1 ;		STA P_INT_Ctrl0
   992                            1 		
   993                            1 ;		LDA	#(D_TM0En+D_TM0FoscDiv4)
   994                            1 ;		STA	P_TIMER_Timer0_Ctrl
   995                            1 ;		LDA	#250					;timer0 as buzzer output freq.
   996                            1 ;		STA	P_TIMER_TM0Data_LB
   997                            1 ;		LDA	#(D_TBL2Hz+D_TBH128Hz)	;
   998                            1 ;		STA	P_TIMER_TimeBase_Sel
   999                            1 		
  1000                            1 ;		LDA	#(D_TBL_INT_En+D_TBH_INT_En)
  1001                            1 ;		STA	P_INT_Ctrl1	
  1002                              		%F_IO_Intital
  1003 0000E050 A9 00             1 		LDA		#00000000b
  1004 0000E052 85 03             1 		STA		P_IO_PortA_Attrib	
  1005 0000E054 A9 00             1 		LDA		#00000000b		;PA0~PA7 as lcd segment
  1006 0000E056 85 0B             1 		STA		P_IO_PortA_Dir
  1007 0000E058 A9 FF             1 		LDA		#11111111b
  1008 0000E05A 85 07             1 		STA		P_IO_PortA_Data
  1009                            1 		
  1010 0000E05C A9 00             1 		LDA		#00000000b
  1011 0000E05E 85 04             1 		STA		P_IO_PortB_Attrib		
  1012 0000E060 A9 00             1 		LDA		#00000000b	
  1013 0000E062 85 00             1 		STA		P_IO_PortB_Dir
  1014 0000E064 A9 0F             1 		LDA		#00001111b
  1015 0000E066 85 08             1 		STA		P_IO_PortB_Data
  1016                            1 		
  1017 0000E068 A9 00             1 		LDA		#00000000b
  1018 0000E06A 85 05             1 		STA		P_IO_PortC_Attrib		
  1019 0000E06C A9 00             1 		LDA		#00000000b	
  1020 0000E06E 85 01             1 		STA		P_IO_PortC_Dir
  1021 0000E070 A9 FF             1 		LDA		#11111111b
  1022 0000E072 85 09             1 		STA		P_IO_PortC_Data	
  1023                            1 		
  1024 0000E074 A9 00             1 		LDA		#00000000b
  1025 0000E076 85 06             1 		STA		P_IO_PortD_Attrib		
  1026 0000E078 A9 80             1 		LDA		#10000000b		;PD2,3,5 as input low,PD7,output LOW
  1027 0000E07A 85 02             1 		STA		P_IO_PortD_Dir
  1028 0000E07C A9 2C             1 		LDA		#00101100b
  1029 0000E07E 85 0A             1 		STA		P_IO_PortD_Data
  1030                              		.if	(GPL812P01Bx_Mode=EV_Simualtion)
  1031                              		JSR		F_LCM_Enable
  1032                              		.endif
  1033 0000E080 20 CE F0            		JSR		F_LCD_Intital		;Initial LCD	
  1034 0000E083 58                  		CLI	
  1035 0000E084 A9 FF               		LDA		#0xFF
  1036 0000E086 20 F4 F0            		JSR		F_LCD_Clear	
  1037 0000E089 20 0B F1            		JSR		F_LCD_PutRAMToDPRAM
  1038 0000E08C 20 E8 E9            		JSR		F_Start_RFC	
  1039 0000E08F 20 52 E1            		JSR		F_JudegOption
  1040                              		%FillLcdDpram	#FFH
  1041                            1 		
  1042                            1 		%M_ClearWatchDog
  1043 0000E092 A9 AA             2 	LDA		#D_WDT_Clear
  1044 0000E094 85 20             2 	STA		P_WDT_Flag_Clear
  1045 0000E096 A2 00             1 		LDX		#00H
  1046 0000E098 A9 FF             1 		LDA     #FFH
  1047 0000E09A                   1 ?L_ClrDpramLoop:
  1048 0000E09A 95 50             1 		STA		$50,X
  1049 0000E09C E8                1 		INX
  1050 0000E09D E0 10             1 		CPX		#10H
  1051 0000E09F D0 F9             1 		BNE		?L_ClrDpramLoop	
  1052                            1 
  1053 0000E0A1 A9 00               		LDA		#00
  1054 0000E0A3 85 80               		STA		R_2Hz
  1055                              		%bits	R_TimeStatus,AddOthers
  1056 0000E0A5 AD B7 00          1           lda     R_TimeStatus               ;ex.  
  1057 0000E0A8 09 01             1           ora     #AddOthers              ;  %bits 10H,_BIT0  ;  10H.0=1
  1058 0000E0AA 8D B7 00          1           sta     R_TimeStatus               ;
  1059                              
  1060 0000E0AD                     	Loop:
  1061                              		%M_ClearWatchDog
  1062 0000E0AD A9 AA             1 	LDA		#D_WDT_Clear
  1063 0000E0AF 85 20             1 	STA		P_WDT_Flag_Clear
  1064 0000E0B1 78                  	    SEI                     ; 关中断，防止冲突
  1065 0000E0B2 A5 14                 	    LDA     P_INT_Clear0    ; 读中断标志位
  1066 0000E0B4 29 10                	    AND     #D_TM1O_Clr     ; 检查 Timer1 是否溢出
  1067 0000E0B6 F0 07                	    BEQ     ?L_No_Overflow
  1068 0000E0B8 EE 83 00              	    INC     OF_cnt          ; 如果溢出，计数器+1
  1069 0000E0BB A9 10                	    LDA     #D_TM1O_Clr     ; 清除溢出标志
  1070 0000E0BD 85 14                 	    STA     P_INT_Clear0
  1071 0000E0BF                     ?L_No_Overflow:
  1072 0000E0BF 58                     		CLI                     ; 开中断		
  1073 0000E0C0 20 1F EB            		JSR		F_Calculate_Temp_Hum_Proc
  1074 0000E0C3 A5 80               		LDA		R_2Hz
  1075 0000E0C5 C9 04               		CMP		#04H
  1076 0000E0C7 90 E4               		BCC		Loop
  1077 0000E0C9 A9 00               		LDA		#0x00
  1078 0000E0CB 20 F4 F0            		JSR		F_LCD_Clear			;LCD DPRAM Clear
  1079                              		%FillLcdDpram	#00H
  1080                            1 		
  1081                            1 		%M_ClearWatchDog
  1082 0000E0CE A9 AA             2 	LDA		#D_WDT_Clear
  1083 0000E0D0 85 20             2 	STA		P_WDT_Flag_Clear
  1084 0000E0D2 A2 00             1 		LDX		#00H
  1085 0000E0D4 A9 00             1 		LDA     #00H
  1086 0000E0D6                   1 ?L_ClrDpramLoop:
  1087 0000E0D6 95 50             1 		STA		$50,X
  1088 0000E0D8 E8                1 		INX
  1089 0000E0D9 E0 10             1 		CPX		#10H
  1090 0000E0DB D0 F9             1 		BNE		?L_ClrDpramLoop	
  1091                            1 
  1092 0000E0DD EA                  		NOP
  1093 0000E0DE 4C 0C E1            		JMP		Main_Loop
  1094                              		
  1095 0000E0E1                     L_2Hz_WakeUp:	
  1096 0000E0E1 A9 10               		LDA		#D_TBL_Clr		;2Hz
  1097 0000E0E3 85 16               		STA		P_INT_Clear1
  1098                              		%M_ClearWatchDog
  1099 0000E0E5 A9 AA             1 	LDA		#D_WDT_Clear
  1100 0000E0E7 85 20             1 	STA		P_WDT_Flag_Clear
  1101 0000E0E9 A9 00               		LDA		#00
  1102 0000E0EB 85 80               		STA		R_2Hz
  1103                              ;		JSR		F_RealTimeClock
  1104 0000E0ED 20 97 F0            		JSR		Light_JudgeOff	;背光
  1105                              		%bits	R_TimeStatus,AddOthers	
  1106 0000E0F0 AD B7 00          1           lda     R_TimeStatus               ;ex.  
  1107 0000E0F3 09 01             1           ora     #AddOthers              ;  %bits 10H,_BIT0  ;  10H.0=1
  1108 0000E0F5 8D B7 00          1           sta     R_TimeStatus               ;
  1109 0000E0F8 E6 81               		INC		RB_RFC_Interval
  1110 0000E0FA A5 81               		LDA		RB_RFC_Interval
  1111 0000E0FC C9 3C               		CMP		#C_RFC_Interval
  1112 0000E0FE 90 07               		BCC		?L_Not_Start_RFC
  1113 0000E100 A9 00               		LDA		#00h
  1114 0000E102 85 81               		STA		RB_RFC_Interval
  1115 0000E104 20 E8 E9            		JSR		F_Start_RFC		
  1116 0000E107                     ?L_Not_Start_RFC:	
  1117                              	
  1118 0000E107 4C 0C E1            		JMP		Main_Loop
  1119                              	
  1120 0000E10A                     Key_WakeUp:
  1121 0000E10A 58                  		CLI
  1122 0000E10B EA                  		NOP	
  1123                              		
  1124 0000E10C                     Main_Loop:
  1125                              		
  1126                              		%M_ClearWatchDog
  1127 0000E10C A9 AA             1 	LDA		#D_WDT_Clear
  1128 0000E10E 85 20             1 	STA		P_WDT_Flag_Clear
  1129                              
  1130 0000E110 78                  	    SEI                     ; 关中断，防止冲突
  1131 0000E111 A5 14                 	    LDA     P_INT_Clear0    ; 读中断标志位
  1132 0000E113 29 10                	    AND     #D_TM1O_Clr     ; 检查 Timer1 是否溢出
  1133 0000E115 F0 07                	    BEQ     ?L_No_Overflow
  1134 0000E117 EE 83 00              	    INC     OF_cnt          ; 如果溢出，计数器+1
  1135 0000E11A A9 10                	    LDA     #D_TM1O_Clr     ; 清除溢出标志
  1136 0000E11C 85 14                 	    STA     P_INT_Clear0
  1137 0000E11E                     ?L_No_Overflow:
  1138 0000E11E 58                     		CLI                     ; 开中断		
  1139                              		
  1140 0000E11F 20 3C F0            		JSR		F_KeyScan
  1141 0000E122 20 1F EB            		JSR		F_Calculate_Temp_Hum_Proc
  1142 0000E125 20 E6 EC            		JSR		F_Display
  1143 0000E128 20 0B F1            		JSR		F_LCD_PutRAMToDPRAM
  1144                              		
  1145 0000E12B A5 80               		LDA		R_2Hz
  1146 0000E12D D0 B2               		BNE		L_2Hz_WakeUp
  1147                              		
  1148 0000E12F AD A9 00            		LDA		R_KeyValue
  1149 0000E132 D0 D8               		BNE		Main_Loop
  1150 0000E134 AD 84 00            		LDA		R_RFC_States	;	;温湿度计算
  1151 0000E137 D0 D3               		BNE		Main_Loop	
  1152 0000E139                     	Check_Sleep:
  1153                              		
  1154 0000E139 78                  		SEI
  1155 0000E13A                     		SleepHlat:
  1156 0000E13A A9 20               		LDA	#0x20
  1157 0000E13C 85 39               		STA	P_IO_PortD_WakeUpEN	
  1158 0000E13E A5 0A               		LDA	P_IO_PortD_Data		;latch  
  1159 0000E140 EA                  		NOP
  1160 0000E141 EA                  		NOP
  1161 0000E142 A9 03               		LDA	#(D_KeyEn+D_TBLEn)	
  1162 0000E144 85 30               		STA	P_WAKEUP_Ctrl
  1163                              		%GotoSleep
  1164 0000E146 A9 AA             1 				LDA		#D_SYS_Sleep
  1165 0000E148 85 12             1 				STA		P_SYSTEM_Ctrl				; Enter Sleep Mode
  1166 0000E14A EA                1 				NOP
  1167 0000E14B EA                1 				NOP
  1168 0000E14C EA                1 				NOP
  1169 0000E14D EA                  		NOP
  1170 0000E14E EA                  		NOP
  1171 0000E14F 4C 00 E0            		JMP	V_RESET
  1172                              
  1173 0000E152                     F_JudegOption:
  1174 0000E152 A5 0A               		LDA		P_IO_PortD_Data
  1175 0000E154 29 08               		AND		#D_Bit3
  1176 0000E156 F0 10               		BEQ		?L_Exit
  1177                              		%bits	R_OtherFlag,D_CF
  1178 0000E158 AD AE 00          1           lda     R_OtherFlag               ;ex.  
  1179 0000E15B 09 02             1           ora     #D_CF              ;  %bits 10H,_BIT0  ;  10H.0=1
  1180 0000E15D 8D AE 00          1           sta     R_OtherFlag               ;
  1181 0000E160 A9 88               		LDA		#10001000b	
  1182 0000E162 85 02               		STA		P_IO_PortD_Dir	
  1183 0000E164 A9 2C               		LDA		#00101100b		
  1184 0000E166 85 0A               		STA		P_IO_PortD_Data			
  1185 0000E168                     	?L_Exit:
  1186 0000E168 60                  		RTS
  1187                              		
  1188                              ;=======================================================================================
  1189                              
  1190                              		
  1191                              
  1192                              
  1193                              .END
0 Error(s), 0 Warning(s).

